Archive member included because of file (symbol)

/opt/toolchains/gen//m68k-elf/lib/libmd.a(sys.o)
                              boot/sega.o (registerState)
/opt/toolchains/gen//m68k-elf/lib/libmd.a(vdp.o)
                              /opt/toolchains/gen//m68k-elf/lib/libmd.a(sys.o) (VDP_init)
/opt/toolchains/gen//m68k-elf/lib/libmd.a(dma.o)
                              /opt/toolchains/gen//m68k-elf/lib/libmd.a(sys.o) (DMA_flushQueue)
/opt/toolchains/gen//m68k-elf/lib/libmd.a(tools.o)
                              /opt/toolchains/gen//m68k-elf/lib/libmd.a(vdp.o) (getFPS)
/opt/toolchains/gen//m68k-elf/lib/libmd.a(memory.o)
                              /opt/toolchains/gen//m68k-elf/lib/libmd.a(sys.o) (MEM_init)
/opt/toolchains/gen//m68k-elf/lib/libmd.a(vdp_tile.o)
                              /opt/toolchains/gen//m68k-elf/lib/libmd.a(vdp.o) (VDP_loadFont)
/opt/toolchains/gen//m68k-elf/lib/libmd.a(z80_ctrl.o)
                              /opt/toolchains/gen//m68k-elf/lib/libmd.a(sys.o) (Z80_init)
/opt/toolchains/gen//m68k-elf/lib/libmd.a(sound.o)
                              /opt/toolchains/gen//m68k-elf/lib/libmd.a(sys.o) (SND_set68KBUSProtection_XGM)
/opt/toolchains/gen//m68k-elf/lib/libmd.a(ym2612.o)
                              /opt/toolchains/gen//m68k-elf/lib/libmd.a(z80_ctrl.o) (YM2612_reset)
/opt/toolchains/gen//m68k-elf/lib/libmd.a(vdp_pal.o)
                              /opt/toolchains/gen//m68k-elf/lib/libmd.a(sys.o) (VDP_doStepFading)
/opt/toolchains/gen//m68k-elf/lib/libmd.a(psg.o)
                              /opt/toolchains/gen//m68k-elf/lib/libmd.a(sys.o) (PSG_init)
/opt/toolchains/gen//m68k-elf/lib/libmd.a(z80_vgm.o)
                              /opt/toolchains/gen//m68k-elf/lib/libmd.a(z80_ctrl.o) (z80_vgm)
/opt/toolchains/gen//m68k-elf/lib/libmd.a(vdp_spr.o)
                              /opt/toolchains/gen//m68k-elf/lib/libmd.a(vdp.o) (VDP_resetSprites)
/opt/toolchains/gen//m68k-elf/lib/libmd.a(tab_cnv.o)
                              /opt/toolchains/gen//m68k-elf/lib/libmd.a(vdp_tile.o) (cnv_8to32_tab)
/opt/toolchains/gen//m68k-elf/lib/libmd.a(vdp_dma.o)
                              /opt/toolchains/gen//m68k-elf/lib/libmd.a(vdp_tile.o) (VDP_doDMA)
/opt/toolchains/gen//m68k-elf/lib/libmd.a(bmp.o)
                              /opt/toolchains/gen//m68k-elf/lib/libmd.a(sys.o) (BMP_doVBlankProcess)
/opt/toolchains/gen//m68k-elf/lib/libmd.a(timer.o)
                              /opt/toolchains/gen//m68k-elf/lib/libmd.a(tools.o) (getSubTick)
/opt/toolchains/gen//m68k-elf/lib/libmd.a(tile_cache.o)
                              /opt/toolchains/gen//m68k-elf/lib/libmd.a(sys.o) (uploads)
/opt/toolchains/gen//m68k-elf/lib/libmd.a(vdp_bg.o)
                              /opt/toolchains/gen//m68k-elf/lib/libmd.a(vdp.o) (VDP_setVerticalScroll)
/opt/toolchains/gen//m68k-elf/lib/libmd.a(smp_null_pcm.o)
                              /opt/toolchains/gen//m68k-elf/lib/libmd.a(z80_ctrl.o) (smp_null_pcm)
/opt/toolchains/gen//m68k-elf/lib/libmd.a(vdp_tile_a.o)
                              /opt/toolchains/gen//m68k-elf/lib/libmd.a(vdp_tile.o) (VDP_loadTileData)
/opt/toolchains/gen//m68k-elf/lib/libmd.a(memory_a.o)
                              /opt/toolchains/gen//m68k-elf/lib/libmd.a(memory.o) (memset)
/opt/toolchains/gen//m68k-elf/lib/libmd.a(vdp_pal_a.o)
                              /opt/toolchains/gen//m68k-elf/lib/libmd.a(vdp_pal.o) (VDP_getPaletteColors)
/opt/toolchains/gen//m68k-elf/lib/libmd.a(sys_a.o)
                              /opt/toolchains/gen//m68k-elf/lib/libmd.a(timer.o) (SYS_getInterruptMaskLevel)
/opt/toolchains/gen//m68k-elf/lib/libmd.a(kdebug.o)
                              /opt/toolchains/gen//m68k-elf/lib/libmd.a(tools.o) (KDebug_Alert)
/opt/toolchains/gen//m68k-elf/lib/libmd.a(smp_null.o)
                              /opt/toolchains/gen//m68k-elf/lib/libmd.a(z80_ctrl.o) (smp_null)
/opt/toolchains/gen//m68k-elf/lib/libmd.a(bmp_a.o)
                              /opt/toolchains/gen//m68k-elf/lib/libmd.a(bmp.o) (clearBitmapBuffer)
/opt/toolchains/gen//m68k-elf/lib/libmd.a(tools_a.o)
                              /opt/toolchains/gen//m68k-elf/lib/libmd.a(tools.o) (aplib_unpack)
/opt/toolchains/gen//m68k-elf/lib/libmd.a(z80_drv1.o)
                              /opt/toolchains/gen//m68k-elf/lib/libmd.a(z80_ctrl.o) (z80_drv1)
/opt/toolchains/gen//m68k-elf/lib/libmd.a(z80_drv2.o)
                              /opt/toolchains/gen//m68k-elf/lib/libmd.a(z80_ctrl.o) (z80_drv2)
/opt/toolchains/gen//m68k-elf/lib/libmd.a(z80_mvs.o)
                              /opt/toolchains/gen//m68k-elf/lib/libmd.a(z80_ctrl.o) (z80_mvs)
/opt/toolchains/gen//m68k-elf/lib/libmd.a(z80_drv3.o)
                              /opt/toolchains/gen//m68k-elf/lib/libmd.a(z80_ctrl.o) (z80_drv3)
/opt/toolchains/gen//m68k-elf/lib/libmd.a(z80_xgm.o)
                              /opt/toolchains/gen//m68k-elf/lib/libmd.a(z80_ctrl.o) (z80_xgm)
/opt/toolchains/gen//m68k-elf/lib/libmd.a(z80_tfm.o)
                              /opt/toolchains/gen//m68k-elf/lib/libmd.a(z80_ctrl.o) (z80_tfm)
/opt/toolchains/gen//m68k-elf/lib/libmd.a(libres.o)
                              /opt/toolchains/gen//m68k-elf/lib/libmd.a(vdp.o) (font_lib)
/opt/toolchains/gen//m68k-elf/lib/libmd.a(tab_vol.o)
                              /opt/toolchains/gen//m68k-elf/lib/libmd.a(z80_ctrl.o) (tab_vol)
/opt/toolchains/gen//m68k-elf/lib/libmd.a(maths.o)
                              /opt/toolchains/gen//m68k-elf/lib/libmd.a(sys.o) (randbase)
/opt/toolchains/gen//m68k-elf/lib/libmd.a(string.o)
                              /opt/toolchains/gen//m68k-elf/lib/libmd.a(sys.o) (strlen)
/opt/toolchains/gen//m68k-elf/lib/libmd.a(joy.o)
                              /opt/toolchains/gen//m68k-elf/lib/libmd.a(sys.o) (JOY_init)
/opt/toolchains/gen//m68k-elf/lib/libmd.a(types.o)
                              /opt/toolchains/gen//m68k-elf/lib/libmd.a(z80_ctrl.o) (getZeroU8)
/opt/toolchains/gen//m68k-elf/lib/gcc/m68k-elf/4.8.2/libgcc.a(_mulsi3.o)
                              /opt/toolchains/gen//m68k-elf/lib/libmd.a(tools.o) (__mulsi3)
/opt/toolchains/gen//m68k-elf/lib/gcc/m68k-elf/4.8.2/libgcc.a(_udivsi3.o)
                              /opt/toolchains/gen//m68k-elf/lib/libmd.a(tools.o) (__udivsi3)
/opt/toolchains/gen//m68k-elf/lib/gcc/m68k-elf/4.8.2/libgcc.a(_divsi3.o)
                              /opt/toolchains/gen//m68k-elf/lib/libmd.a(vdp_pal.o) (__divsi3)
/opt/toolchains/gen//m68k-elf/lib/gcc/m68k-elf/4.8.2/libgcc.a(_umodsi3.o)
                              /opt/toolchains/gen//m68k-elf/lib/libmd.a(string.o) (__umodsi3)
/opt/toolchains/gen//m68k-elf/lib/libmd.a(sprite_eng.o)
                              main.o (SPR_initSprite)

Allocating common symbols
Common symbol       size              file

illegalInstCB       0x4               /opt/toolchains/gen//m68k-elf/lib/libmd.a(sys.o)
slist_adr           0x2               /opt/toolchains/gen//m68k-elf/lib/libmd.a(vdp.o)
errorExceptionCB    0x4               /opt/toolchains/gen//m68k-elf/lib/libmd.a(sys.o)
trapvInstCB         0x4               /opt/toolchains/gen//m68k-elf/lib/libmd.a(sys.o)
things              0xd00             main.o
vtimer              0x4               /opt/toolchains/gen//m68k-elf/lib/libmd.a(timer.o)
driverFlags         0x2               /opt/toolchains/gen//m68k-elf/lib/libmd.a(z80_ctrl.o)
dmaQueues           0x200             /opt/toolchains/gen//m68k-elf/lib/libmd.a(dma.o)
chkInstCB           0x4               /opt/toolchains/gen//m68k-elf/lib/libmd.a(sys.o)
player              0x68              main.o
registerState       0x40              /opt/toolchains/gen//m68k-elf/lib/libmd.a(sys.o)
shot                0x68              main.o
text_basetile       0x2               /opt/toolchains/gen//m68k-elf/lib/libmd.a(vdp_bg.o)
bmp_buffer_write    0x4               /opt/toolchains/gen//m68k-elf/lib/libmd.a(bmp.o)
srState             0x2               /opt/toolchains/gen//m68k-elf/lib/libmd.a(sys.o)
line1x1xCB          0x4               /opt/toolchains/gen//m68k-elf/lib/libmd.a(sys.o)
randbase            0x2               /opt/toolchains/gen//m68k-elf/lib/libmd.a(maths.o)
ext2State           0x2               /opt/toolchains/gen//m68k-elf/lib/libmd.a(sys.o)
traceCB             0x4               /opt/toolchains/gen//m68k-elf/lib/libmd.a(sys.o)
sprite              0x4a4             main.o
intTrace            0x2               /opt/toolchains/gen//m68k-elf/lib/libmd.a(sys.o)
zeroDivideCB        0x4               /opt/toolchains/gen//m68k-elf/lib/libmd.a(sys.o)
curTileInd          0x2               /opt/toolchains/gen//m68k-elf/lib/libmd.a(vdp_bg.o)
hscrl_adr           0x2               /opt/toolchains/gen//m68k-elf/lib/libmd.a(vdp.o)
internalExtIntCB    0x4               /opt/toolchains/gen//m68k-elf/lib/libmd.a(sys.o)
spriteNum           0x2               /opt/toolchains/gen//m68k-elf/lib/libmd.a(vdp_spr.o)
text_plan           0x4               /opt/toolchains/gen//m68k-elf/lib/libmd.a(vdp_bg.o)
screenHeight        0x2               /opt/toolchains/gen//m68k-elf/lib/libmd.a(vdp.o)
internalVIntCB      0x4               /opt/toolchains/gen//m68k-elf/lib/libmd.a(sys.o)
intCB               0x4               /opt/toolchains/gen//m68k-elf/lib/libmd.a(sys.o)
screenWidth         0x2               /opt/toolchains/gen//m68k-elf/lib/libmd.a(vdp.o)
addressErrorCB      0x4               /opt/toolchains/gen//m68k-elf/lib/libmd.a(sys.o)
bmp_buffer_read     0x4               /opt/toolchains/gen//m68k-elf/lib/libmd.a(bmp.o)
VIntProcess         0x4               /opt/toolchains/gen//m68k-elf/lib/libmd.a(sys.o)
currentDriver       0x2               /opt/toolchains/gen//m68k-elf/lib/libmd.a(z80_ctrl.o)
vdpSpriteCache      0x280             /opt/toolchains/gen//m68k-elf/lib/libmd.a(vdp_spr.o)
doors               0x340             main.o
uploads             0x4               /opt/toolchains/gen//m68k-elf/lib/libmd.a(tile_cache.o)
ExtIntProcess       0x4               /opt/toolchains/gen//m68k-elf/lib/libmd.a(sys.o)
aplan_adr           0x2               /opt/toolchains/gen//m68k-elf/lib/libmd.a(vdp.o)
bplan_adr           0x2               /opt/toolchains/gen//m68k-elf/lib/libmd.a(vdp.o)
HIntProcess         0x4               /opt/toolchains/gen//m68k-elf/lib/libmd.a(sys.o)
privilegeViolationCB
                    0x4               /opt/toolchains/gen//m68k-elf/lib/libmd.a(sys.o)
pcState             0x4               /opt/toolchains/gen//m68k-elf/lib/libmd.a(sys.o)
ext1State           0x2               /opt/toolchains/gen//m68k-elf/lib/libmd.a(sys.o)
busErrorCB          0x4               /opt/toolchains/gen//m68k-elf/lib/libmd.a(sys.o)
blocker             0x68              main.o
internalHIntCB      0x4               /opt/toolchains/gen//m68k-elf/lib/libmd.a(sys.o)
window_adr          0x2               /opt/toolchains/gen//m68k-elf/lib/libmd.a(vdp.o)
maparray            0x144             main.o
addrState           0x4               /opt/toolchains/gen//m68k-elf/lib/libmd.a(sys.o)
empty               0x68              main.o

Memory Configuration

Name             Origin             Length             Attributes
rom              0x0000000000000000 0x0000000000a00000
ram              0x0000000000ff0000 0x0000000000010000
*default*        0x0000000000000000 0xffffffffffffffff

Linker script and memory map

                0x0000000000000000                __DYNAMIC = 0x0
                0x0000000001000000                PROVIDE (__stack, 0x1000000)

.text           0x0000000000000000    0x19108
 *(.text.keepboot)
 .text.keepboot
                0x0000000000000000      0x5f4 boot/sega.o
 *(.text.*)
 .text.startup  0x00000000000005f4      0x144 main.o
                0x00000000000005f4                main
 *(.text)
 .text          0x0000000000000738        0x0 boot/sega.o
 .text          0x0000000000000738      0x9d8 /opt/toolchains/gen//m68k-elf/lib/libmd.a(sys.o)
                0x0000000000000738                _trace_callback
                0x000000000000073a                _line1x1x_callback
                0x000000000000073c                _int_callback
                0x000000000000073e                _extint_callback
                0x0000000000000b2c                _buserror_callback
                0x0000000000000b54                _addresserror_callback
                0x0000000000000c08                _illegalinst_callback
                0x0000000000000c30                _chkinst_callback
                0x0000000000000c58                _trapvinst_callback
                0x0000000000000c80                _vint_callback
                0x0000000000000d7e                _hint_callback
                0x0000000000000eb4                _zerodivide_callback
                0x0000000000000edc                _privilegeviolation_callback
                0x0000000000000f04                _errorexception_callback
                0x0000000000000f2c                _start_entry
                0x0000000000000fe0                _reset_entry
                0x0000000000000ff0                SYS_disableInts
                0x0000000000001020                SYS_enableInts
                0x000000000000104c                SYS_setVIntPreCallback
                0x0000000000001056                SYS_setVIntCallback
                0x0000000000001060                SYS_setHIntCallback
                0x000000000000106a                SYS_setExtIntCallback
                0x0000000000001074                SYS_isInVIntCallback
                0x0000000000001080                SYS_isInHIntCallback
                0x000000000000108c                SYS_isInExtIntCallback
                0x0000000000001098                SYS_isInInterrupt
                0x00000000000010a0                SYS_isNTSC
                0x00000000000010b0                SYS_isPAL
                0x00000000000010bc                SYS_die
 .text          0x0000000000001110      0x886 /opt/toolchains/gen//m68k-elf/lib/libmd.a(vdp.o)
                0x0000000000001110                VDP_getReg
                0x0000000000001130                VDP_setReg
                0x0000000000001288                VDP_getEnable
                0x0000000000001294                VDP_setEnable
                0x00000000000012c0                VDP_getScanlineNumber
                0x00000000000012d6                VDP_getScreenHeight
                0x00000000000012de                VDP_setScreenHeight224
                0x0000000000001304                VDP_setScreenHeight240
                0x0000000000001336                VDP_getScreenWidth
                0x000000000000133e                VDP_setScreenWidth256
                0x0000000000001364                VDP_setScreenWidth320
                0x000000000000138a                VDP_getPlanWidth
                0x000000000000139e                VDP_getPlanHeight
                0x00000000000013b0                VDP_setPlanSize
                0x00000000000013e4                VDP_getVerticalScrollingMode
                0x00000000000013f2                VDP_getHorizontalScrollingMode
                0x00000000000013fe                VDP_setScrollingMode
                0x0000000000001430                VDP_getBackgroundColor
                0x0000000000001438                VDP_setBackgroundColor
                0x0000000000001456                VDP_getAutoInc
                0x000000000000145e                VDP_setAutoInc
                0x0000000000001478                VDP_setHInterrupt
                0x00000000000014a4                VDP_setHilightShadow
                0x00000000000014d0                VDP_getHIntCounter
                0x00000000000014d8                VDP_setHIntCounter
                0x00000000000014f2                VDP_getAPlanAddress
                0x00000000000014fa                VDP_getBPlanAddress
                0x0000000000001502                VDP_getWindowAddress
                0x000000000000150a                VDP_getWindowPlanAddress
                0x0000000000001512                VDP_getSpriteListAddress
                0x000000000000151a                VDP_getHScrollTableAddress
                0x0000000000001522                VDP_setAPlanAddress
                0x0000000000001546                VDP_setWindowAddress
                0x0000000000001588                VDP_setWindowPlanAddress
                0x0000000000001598                VDP_setBPlanAddress
                0x00000000000015bc                VDP_setSpriteListAddress
                0x00000000000015fe                VDP_setHScrollTableAddress
                0x0000000000001624                VDP_setScanMode
                0x000000000000166c                VDP_waitDMACompletion
                0x000000000000167a                VDP_init
                0x000000000000187c                VDP_waitFIFOEmpty
                0x000000000000188a                VDP_waitVSync
                0x00000000000018a4                VDP_resetScreen
                0x0000000000001918                VDP_showFPS
 *fill*         0x0000000000001996        0x2 
 .text          0x0000000000001998      0x5a8 /opt/toolchains/gen//m68k-elf/lib/libmd.a(dma.o)
                0x0000000000001998                DMA_getAutoFlush
                0x00000000000019a0                DMA_setAutoFlush
                0x00000000000019c6                DMA_getMaxTransferSize
                0x00000000000019ce                DMA_setMaxTransferSize
                0x00000000000019d8                DMA_clearQueue
                0x00000000000019f2                DMA_flushQueue
                0x0000000000001ab6                DMA_getQueueSize
                0x0000000000001abe                DMA_getQueueTransferSize
                0x0000000000001ac6                DMA_queueDma
                0x0000000000001cb0                DMA_waitCompletion
                0x0000000000001cbe                DMA_doDma
                0x0000000000001e0e                DMA_doVRamFill
                0x0000000000001eba                DMA_doVRamCopy
 .text          0x0000000000001f40     0x1860 /opt/toolchains/gen//m68k-elf/lib/libmd.a(tools.o)
                0x0000000000001f40                getFPS
                0x0000000000001fa8                getFPS_f
                0x000000000000202a                KLog
                0x000000000000204e                KLog_U1
                0x000000000000209a                KLog_U2
                0x0000000000002108                KLog_U3
                0x0000000000002194                KLog_U4
                0x000000000000223c                KLog_U1x
                0x000000000000228c                KLog_U2x
                0x00000000000022fc                KLog_U3x
                0x0000000000002388                KLog_U4x
                0x000000000000242e                KLog_S1
                0x000000000000247a                KLog_S2
                0x00000000000024e8                KLog_S3
                0x0000000000002574                KLog_S4
                0x000000000000261c                KLog_S1x
                0x000000000000266c                KLog_S2x
                0x00000000000026dc                KLog_S3x
                0x0000000000002768                KLog_S4x
                0x000000000000280e                KLog_f1
                0x000000000000285e                KLog_f2
                0x00000000000028d4                KLog_f3
                0x000000000000296c                KLog_f4
                0x0000000000002a24                KLog_f1x
                0x0000000000002a78                KLog_f2x
                0x0000000000002af0                KLog_f3x
                0x0000000000002b88                KLog_f4x
                0x0000000000002c3e                KLog_F1
                0x0000000000002c8a                KLog_F2
                0x0000000000002cf8                KLog_F3
                0x0000000000002d84                KLog_F4
                0x0000000000002e2c                KLog_F1x
                0x0000000000002e7c                KLog_F2x
                0x0000000000002eec                KLog_F3x
                0x0000000000002f78                KLog_F4x
                0x000000000000301e                allocateBitmap
                0x000000000000307e                allocateBitmapEx
                0x00000000000030c0                allocateTileSet
                0x000000000000310a                allocateTileSetEx
                0x0000000000003136                allocateMap
                0x0000000000003180                allocateMapEx
                0x00000000000031aa                allocateImage
                0x000000000000326e                rle4b_unpack
                0x00000000000032c8                rlemap_unpack
                0x0000000000003360                unpackEx
                0x000000000000340e                getTileSet
                0x000000000000345c                unpack
                0x000000000000347a                unpackBitmap
                0x000000000000350c                unpackTileSet
                0x000000000000357e                unpackMap
                0x00000000000035f4                unpackImage
                0x000000000000364a                rle4b_unpackVRam
                0x00000000000036d6                uftc_unpack_old
 .text          0x00000000000037a0      0x236 /opt/toolchains/gen//m68k-elf/lib/libmd.a(memory.o)
                0x00000000000037a0                MEM_init
                0x00000000000037c8                MEM_getFree
                0x00000000000037f2                MEM_free
                0x0000000000003804                MEM_alloc
                0x00000000000038e2                memcpyU16
                0x0000000000003900                memcpyU32
                0x0000000000003920                fastMemset
                0x0000000000003940                fastMemsetU16
                0x0000000000003960                fastMemsetU32
                0x000000000000397c                fastMemcpy
                0x0000000000003998                fastMemcpyU16
                0x00000000000039b6                fastMemcpyU32
 *fill*         0x00000000000039d6        0x2 
 .text          0x00000000000039d8      0xb94 /opt/toolchains/gen//m68k-elf/lib/libmd.a(vdp_tile.o)
                0x00000000000039d8                VDP_loadTileSet
                0x0000000000003a82                VDP_loadFontData
                0x0000000000003ab2                VDP_loadFont
                0x0000000000003ad8                VDP_loadBMPTileDataEx
                0x0000000000003b2c                VDP_fillTileData
                0x0000000000003be6                VDP_setTileMap
                0x0000000000003c24                VDP_setTileMapXY
                0x0000000000003c8a                VDP_fillTileMap
                0x0000000000003d26                VDP_fillTileMapRectByIndex
                0x0000000000003d50                VDP_fillTileMapRect
                0x0000000000003df6                VDP_clearTileMap
                0x0000000000003e4a                VDP_clearTileMapRectByIndex
                0x0000000000003e74                VDP_clearTileMapRect
                0x0000000000003ea8                VDP_fillTileMapInc
                0x0000000000003f72                VDP_fillTileMapRectIncByIndex
                0x0000000000003f9c                VDP_fillTileMapRectInc
                0x0000000000004048                VDP_setTileMapData
                0x000000000000412c                VDP_setTileMapRectByIndex
                0x000000000000415a                VDP_setTileMapDataRect
                0x0000000000004212                VDP_setTileMapDataEx
                0x0000000000004304                VDP_setTileMapRectExByIndex
                0x0000000000004336                VDP_setTileMapDataRectEx
                0x000000000000441c                VDP_setTileMapRectEx
                0x0000000000004460                VDP_setMapEx
                0x0000000000004528                VDP_setMap
 .text          0x000000000000456c      0x5f2 /opt/toolchains/gen//m68k-elf/lib/libmd.a(z80_ctrl.o)
                0x000000000000456c                Z80_isBusTaken
                0x000000000000457e                Z80_requestBus
                0x00000000000045a4                Z80_releaseBus
                0x00000000000045ae                Z80_startReset
                0x00000000000045b8                Z80_endReset
                0x00000000000045c2                Z80_setBank
                0x00000000000045d6                Z80_init
                0x00000000000045f4                Z80_read
                0x0000000000004606                Z80_write
                0x000000000000461a                Z80_clear
                0x0000000000004692                Z80_upload
                0x0000000000004706                Z80_download
                0x000000000000475e                Z80_getLoadedDriver
                0x0000000000004766                Z80_unloadDriver
                0x0000000000004798                Z80_loadCustomDriver
                0x00000000000047dc                Z80_isDriverReady
                0x0000000000004812                Z80_loadDriver
 *fill*         0x0000000000004b5e        0x2 
 .text          0x0000000000004b60      0xf5c /opt/toolchains/gen//m68k-elf/lib/libmd.a(sound.o)
                0x0000000000004b60                SND_isPlaying_PCM
                0x0000000000004b94                SND_startPlay_PCM
                0x0000000000004c38                SND_stopPlay_PCM
                0x0000000000004ca2                SND_isPlaying_2ADPCM
                0x0000000000004cd8                SND_startPlay_2ADPCM
                0x0000000000004d98                SND_stopPlay_2ADPCM
                0x0000000000004e12                SND_isPlaying_4PCM_ENV
                0x0000000000004e48                SND_startPlay_4PCM_ENV
                0x0000000000004f22                SND_stopPlay_4PCM_ENV
                0x0000000000004f9c                SND_setVolume_4PCM_ENV
                0x0000000000004fe4                SND_getVolume_4PCM_ENV
                0x0000000000005026                SND_isPlaying_MVS
                0x0000000000005058                SND_startPlay_MVS
                0x00000000000050c2                SND_stopPlay_MVS
                0x00000000000050f4                SND_setTempo_MVS
                0x0000000000005124                SND_startDAC_MVS
                0x0000000000005186                SND_stopDAC_MVS
                0x00000000000051b0                SND_isPlayingPSG_MVS
                0x00000000000051de                SND_startPSG_MVS
                0x000000000000522a                SND_stopPSG_MVS
                0x0000000000005254                SND_enablePSG_MVS
                0x0000000000005294                SND_disablePSG_MVS
                0x00000000000052d4                SND_startPlay_TFM
                0x0000000000005348                SND_stopPlay_TFM
                0x0000000000005350                SND_stopPlay_VGM
                0x000000000000537c                SND_resumePlay_VGM
                0x00000000000053a8                SND_isPlaying_VGM
                0x00000000000053d8                SND_startPlay_VGM
                0x0000000000005454                SND_playSfx_VGM
                0x00000000000054b6                SND_isPlaying_XGM
                0x00000000000054ea                SND_startPlay_XGM
                0x0000000000005602                SND_stopPlay_XGM
                0x000000000000566a                SND_pausePlay_XGM
                0x000000000000569c                SND_resumePlay_XGM
                0x00000000000056d6                SND_isPlayingPCM_XGM
                0x000000000000570c                SND_setPCMFast_XGM
                0x000000000000574a                SND_setPCM_XGM
                0x000000000000578a                SND_startPlayPCM_XGM
                0x00000000000057ec                SND_stopPlayPCM_XGM
                0x0000000000005842                SND_set68KBUSProtection_XGM
                0x000000000000586a                SND_nextXFrame_XGM
                0x00000000000058b2                SND_getManualSync_XGM
                0x00000000000058be                SND_setManualSync_XGM
                0x0000000000005904                SND_getForceDelayDMA_XGM
                0x0000000000005910                SND_setForceDelayDMA_XGM
                0x0000000000005936                SND_getMusicTempo_XGM
                0x000000000000593e                SND_setMusicTempo_XGM
                0x0000000000005966                SND_getCPULoad_XGM
                0x0000000000005a26                XGM_resetLoadCalculation
                0x0000000000005a54                XGM_doVBlankProcess
 .text          0x0000000000005abc      0x1f2 /opt/toolchains/gen//m68k-elf/lib/libmd.a(ym2612.o)
                0x0000000000005abc                YM2612_read
                0x0000000000005ad6                YM2612_write
                0x0000000000005afa                YM2612_reset
                0x0000000000005be4                YM2612_writeSafe
                0x0000000000005bfc                YM2612_writeReg
                0x0000000000005c4e                YM2612_writeRegSafe
                0x0000000000005c70                YM2612_enableDAC
                0x0000000000005c90                YM2612_disableDAC
 *fill*         0x0000000000005cae        0x2 
 .text          0x0000000000005cb0      0x618 /opt/toolchains/gen//m68k-elf/lib/libmd.a(vdp_pal.o)
                0x0000000000005d68                VDP_getPaletteColor
                0x0000000000005d9c                VDP_setPaletteColor
                0x0000000000005dda                VDP_doStepFading
                0x0000000000005eb4                VDP_initFading
                0x0000000000005fe0                VDP_interruptFade
                0x0000000000005ff2                VDP_fade
                0x0000000000006062                VDP_fadeTo
                0x00000000000060c2                VDP_fadeOut
                0x00000000000060f2                VDP_fadeIn
                0x0000000000006126                VDP_fadePal
                0x0000000000006162                VDP_fadePalTo
                0x000000000000619a                VDP_fadePalOut
                0x00000000000061d4                VDP_fadePalIn
                0x0000000000006212                VDP_fadeAll
                0x000000000000623a                VDP_fadeAllTo
                0x000000000000625e                VDP_fadeOutAll
                0x0000000000006284                VDP_fadeInAll
                0x00000000000062ae                VDP_isDoingFade
                0x00000000000062ba                VDP_waitFadeCompletion
 .text          0x00000000000062c8      0x114 /opt/toolchains/gen//m68k-elf/lib/libmd.a(psg.o)
                0x00000000000062c8                PSG_init
                0x00000000000062f4                PSG_write
                0x00000000000062fe                PSG_setEnvelope
                0x000000000000631e                PSG_setTone
                0x000000000000634e                PSG_setFrequency
                0x00000000000063b4                PSG_setNoise
 .text          0x00000000000063dc        0x0 /opt/toolchains/gen//m68k-elf/lib/libmd.a(z80_vgm.o)
 .text          0x00000000000063dc      0x3ec /opt/toolchains/gen//m68k-elf/lib/libmd.a(vdp_spr.o)
                0x00000000000063dc                VDP_resetSprites
                0x00000000000063f4                VDP_resetSpritesDirect
                0x0000000000006436                VDP_setSprite
                0x0000000000006492                VDP_setSpriteP
                0x00000000000064de                VDP_setSpriteDirect
                0x0000000000006560                VDP_setSpriteDirectP
                0x00000000000065e2                VDP_setSpritePosition
                0x0000000000006622                VDP_setSpritesDirect
                0x00000000000066b4                VDP_setSprites
                0x0000000000006726                VDP_updateSprites
 .text          0x00000000000067c8        0x0 /opt/toolchains/gen//m68k-elf/lib/libmd.a(tab_cnv.o)
 .text          0x00000000000067c8      0x266 /opt/toolchains/gen//m68k-elf/lib/libmd.a(vdp_dma.o)
                0x00000000000067c8                VDP_doDMAEx
                0x0000000000006918                VDP_doDMA
                0x0000000000006942                VDP_doVRamDMAFill
                0x00000000000069b6                VDP_doVRamDMACopy
 *fill*         0x0000000000006a2e        0x2 
 .text          0x0000000000006a30     0x111e /opt/toolchains/gen//m68k-elf/lib/libmd.a(bmp.o)
                0x0000000000006b84                BMP_end
                0x0000000000006be8                BMP_hasFlipRequestPending
                0x0000000000006bf6                BMP_waitWhileFlipRequestPending
                0x0000000000006c06                BMP_hasFlipInProgess
                0x0000000000006c12                BMP_waitFlipComplete
                0x0000000000006c22                BMP_flip
                0x0000000000006c76                BMP_drawText
                0x0000000000006cd4                BMP_clearText
                0x0000000000006d30                BMP_clearTextLine
                0x0000000000006d70                BMP_showFPS
                0x0000000000006e42                BMP_clear
                0x0000000000006e52                BMP_reset
                0x0000000000006f74                BMP_init
                0x0000000000006fb2                BMP_getWritePointer
                0x0000000000006fd8                BMP_getReadPointer
                0x0000000000006ffe                BMP_getPixel
                0x0000000000007036                BMP_setPixel
                0x000000000000706e                BMP_setPixels_V2D
                0x00000000000070be                BMP_setPixels
                0x0000000000007118                BMP_drawBitmapData
                0x00000000000071ba                BMP_drawBitmap
                0x000000000000728e                BMP_loadBitmapData
                0x00000000000072c0                BMP_loadBitmap
                0x00000000000072e6                BMP_getBitmapPalette
                0x0000000000007302                BMP_scale
                0x00000000000073dc                BMP_drawBitmapScaled
                0x00000000000074e6                BMP_loadAndScaleBitmap
                0x000000000000751c                BMP_doVBlankProcess
                0x0000000000007524                BMP_doHBlankProcess
 *fill*         0x0000000000007b4e        0x2 
 .text          0x0000000000007b50      0x1d4 /opt/toolchains/gen//m68k-elf/lib/libmd.a(timer.o)
                0x0000000000007b50                getSubTick
                0x0000000000007ba2                getTick
                0x0000000000007bce                getTime
                0x0000000000007bf0                getTimeAsFix32
                0x0000000000007c04                startTimer
                0x0000000000007c26                getTimer
                0x0000000000007c6a                waitSubTick
                0x0000000000007cb2                waitTick
                0x0000000000007cf4                waitMs
 .text          0x0000000000007d24      0x65c /opt/toolchains/gen//m68k-elf/lib/libmd.a(tile_cache.o)
                0x0000000000007dc4                TC_init
                0x0000000000007dfc                TC_end
                0x0000000000007e5e                TC_createCacheEx
                0x0000000000007ea4                TC_createCache
                0x0000000000007ec6                TC_releaseCache
                0x0000000000007ed8                TC_clearCache
                0x0000000000007eea                TC_flushCache
                0x0000000000007ef4                TC_alloc
                0x00000000000081de                TC_reAlloc
                0x000000000000826a                TC_free
                0x00000000000082e4                TC_getTileIndex
                0x0000000000008332                TC_uploadAtVBlank
                0x0000000000008366                TC_doVBlankProcess
 .text          0x0000000000008380      0x80c /opt/toolchains/gen//m68k-elf/lib/libmd.a(vdp_bg.o)
                0x0000000000008380                VDP_setHorizontalScroll
                0x00000000000083cc                VDP_setHorizontalScrollTile
                0x0000000000008472                VDP_setHorizontalScrollLine
                0x0000000000008518                VDP_setVerticalScroll
                0x0000000000008556                VDP_setVerticalScrollTile
                0x00000000000085ec                VDP_clearPlan
                0x00000000000086a2                VDP_getTextPlan
                0x00000000000086be                VDP_getTextPalette
                0x00000000000086ce                VDP_getTextPriority
                0x00000000000086da                VDP_setTextPlan
                0x00000000000086fe                VDP_setTextPalette
                0x000000000000871e                VDP_setTextPriority
                0x000000000000873c                VDP_drawTextBG
                0x00000000000087e8                VDP_clearTextBG
                0x000000000000881a                VDP_clearTextLineBG
                0x0000000000008850                VDP_drawText
                0x0000000000008884                VDP_clearText
                0x00000000000088b2                VDP_clearTextLine
                0x00000000000088ce                VDP_drawBitmapEx
                0x00000000000089de                VDP_drawBitmap
                0x0000000000008a66                VDP_drawImageEx
                0x0000000000008b0e                VDP_drawImage
 *fill*         0x0000000000008b8c       0x74 
 .text          0x0000000000008c00       0x80 /opt/toolchains/gen//m68k-elf/lib/libmd.a(smp_null_pcm.o)
                0x0000000000008c00                smp_null_pcm
 .text          0x0000000000008c80      0x102 /opt/toolchains/gen//m68k-elf/lib/libmd.a(vdp_tile_a.o)
                0x0000000000008c80                VDP_loadTileData
                0x0000000000008cfc                VDP_loadBMPTileData
 *fill*         0x0000000000008d82        0x2 
 .text          0x0000000000008d84      0x1b8 /opt/toolchains/gen//m68k-elf/lib/libmd.a(memory_a.o)
                0x0000000000008d84                memset
                0x0000000000008dfc                memsetU16
                0x0000000000008e5a                memsetU32
                0x0000000000008e98                memcpy
 .text          0x0000000000008f3c      0x15c /opt/toolchains/gen//m68k-elf/lib/libmd.a(vdp_pal_a.o)
                0x0000000000008f3c                VDP_getPaletteColors
                0x0000000000008fa2                VDP_setPaletteColors
                0x0000000000009008                VDP_getPalette
                0x0000000000009050                VDP_setPalette
 .text          0x0000000000009098       0x48 /opt/toolchains/gen//m68k-elf/lib/libmd.a(sys_a.o)
                0x0000000000009098                SYS_assertReset
                0x000000000000909c                SYS_reset
                0x00000000000090aa                SYS_getInterruptMaskLevel
                0x00000000000090b4                SYS_setInterruptMaskLevel
                0x00000000000090c6                SYS_getAndSetInterruptMaskLevel
 .text          0x00000000000090e0       0x88 /opt/toolchains/gen//m68k-elf/lib/libmd.a(kdebug.o)
                0x00000000000090e0                KDebug_Halt
                0x00000000000090ea                KDebug_Alert
                0x0000000000009106                KDebug_AlertNumber
                0x0000000000009154                KDebug_StartTimer
                0x000000000000915e                KDebug_StopTimer
 *fill*         0x0000000000009168       0x98 
 .text          0x0000000000009200      0x100 /opt/toolchains/gen//m68k-elf/lib/libmd.a(smp_null.o)
                0x0000000000009200                smp_null
 .text          0x0000000000009300     0x13f8 /opt/toolchains/gen//m68k-elf/lib/libmd.a(bmp_a.o)
                0x0000000000009300                clearBitmapBuffer
                0x0000000000009442                BMP_clipLine
                0x000000000000945e                BMP_drawLine
                0x00000000000094ce                BMP_isPolygonCulled
                0x0000000000009dfc                BMP_drawPolygon
 .text          0x000000000000a6f8      0x10a /opt/toolchains/gen//m68k-elf/lib/libmd.a(tools_a.o)
                0x000000000000a6f8                aplib_unpack
                0x000000000000a6fe                aplib_decrunch
                0x000000000000a7a0                uftc_unpack
 *fill*         0x000000000000a802        0x2 
 .text          0x000000000000a804      0xb26 /opt/toolchains/gen//m68k-elf/lib/libmd.a(z80_drv1.o)
                0x000000000000a804                z80_drv1
 *fill*         0x000000000000b32a        0x2 
 .text          0x000000000000b32c      0xe00 /opt/toolchains/gen//m68k-elf/lib/libmd.a(z80_drv2.o)
                0x000000000000b32c                z80_drv2
 .text          0x000000000000c12c      0xa5c /opt/toolchains/gen//m68k-elf/lib/libmd.a(z80_mvs.o)
                0x000000000000c12c                z80_mvs
 .text          0x000000000000cb88      0xa64 /opt/toolchains/gen//m68k-elf/lib/libmd.a(z80_drv3.o)
                0x000000000000cb88                z80_drv3
 .text          0x000000000000d5ec     0x1700 /opt/toolchains/gen//m68k-elf/lib/libmd.a(z80_xgm.o)
                0x000000000000d5ec                z80_xgm
 .text          0x000000000000ecec      0x69e /opt/toolchains/gen//m68k-elf/lib/libmd.a(z80_tfm.o)
                0x000000000000ecec                z80_tfm
 *fill*         0x000000000000f38a        0x2 
 .text          0x000000000000f38c        0x0 /opt/toolchains/gen//m68k-elf/lib/libmd.a(libres.o)
 .text          0x000000000000f38c        0x0 /opt/toolchains/gen//m68k-elf/lib/libmd.a(tab_vol.o)
 .text          0x000000000000f38c      0x656 /opt/toolchains/gen//m68k-elf/lib/libmd.a(maths.o)
                0x000000000000f38c                random
                0x000000000000f3ac                intToBCD
                0x000000000000f440                distance_approx
                0x000000000000f492                Partition_u8
                0x000000000000f514                QSort_u8
                0x000000000000f562                Partition_s8
                0x000000000000f5e4                QSort_s8
                0x000000000000f632                Partition_u16
                0x000000000000f6c2                QSort_u16
                0x000000000000f710                Partition_s16
                0x000000000000f7a0                QSort_s16
                0x000000000000f7ee                Partition_u32
                0x000000000000f89a                QSort_u32
                0x000000000000f8e8                Partition_s32
                0x000000000000f994                QSort_s32
 *fill*         0x000000000000f9e2        0x2 
 .text          0x000000000000f9e4      0x8d2 /opt/toolchains/gen//m68k-elf/lib/libmd.a(string.o)
                0x000000000000f9e4                strlen
                0x000000000000fad0                strnlen
                0x000000000000fb0e                strcmp
                0x000000000000fb2e                strclr
                0x000000000000fb38                strcpy
                0x000000000000fb4a                strcat
                0x000000000000fb64                strreplace
                0x000000000000fb88                intToStr
                0x000000000000fbb6                uintToStr
                0x000000000000fbd2                intToHex
                0x000000000000fc86                fix32ToStr
                0x000000000000fd06                fix16ToStr
                0x000000000000fd80                sprintf
 *fill*         0x00000000000102b6        0x2 
 .text          0x00000000000102b8     0x1804 /opt/toolchains/gen//m68k-elf/lib/libmd.a(joy.o)
                0x0000000000010d50                JOY_setEventHandler
                0x0000000000010d5a                JOY_setSupport
                0x0000000000011192                JOY_init
                0x00000000000114d2                JOY_getPortType
                0x00000000000114f2                JOY_getJoypadType
                0x0000000000011512                JOY_readJoypad
                0x0000000000011562                JOY_readJoypadX
                0x0000000000011584                JOY_readJoypadY
                0x00000000000115a6                JOY_update
                0x00000000000119c8                JOY_waitPressTime
                0x0000000000011a6e                JOY_waitPressBtn
                0x0000000000011a84                JOY_waitPressBtnTime
                0x0000000000011aa0                JOY_waitPress
 .text          0x0000000000011abc        0xc /opt/toolchains/gen//m68k-elf/lib/libmd.a(types.o)
                0x0000000000011abc                getZeroU8
                0x0000000000011ac0                getZeroU16
                0x0000000000011ac4                getZeroU32
 .text          0x0000000000011ac8       0x22 /opt/toolchains/gen//m68k-elf/lib/gcc/m68k-elf/4.8.2/libgcc.a(_mulsi3.o)
                0x0000000000011ac8                __mulsi3
 *fill*         0x0000000000011aea        0x2 
 .text          0x0000000000011aec       0x5c /opt/toolchains/gen//m68k-elf/lib/gcc/m68k-elf/4.8.2/libgcc.a(_udivsi3.o)
                0x0000000000011aec                __udivsi3
 .text          0x0000000000011b48       0x2e /opt/toolchains/gen//m68k-elf/lib/gcc/m68k-elf/4.8.2/libgcc.a(_divsi3.o)
                0x0000000000011b48                __divsi3
 *fill*         0x0000000000011b76        0x2 
 .text          0x0000000000011b78       0x2e /opt/toolchains/gen//m68k-elf/lib/gcc/m68k-elf/4.8.2/libgcc.a(_umodsi3.o)
                0x0000000000011b78                __umodsi3
 *fill*         0x0000000000011ba6        0x2 
 .text          0x0000000000011ba8        0x0 res/card.o
 .text          0x0000000000011ba8        0x0 res/stairs.o
 .text          0x0000000000011ba8        0x0 res/potion.o
 .text          0x0000000000011ba8        0x0 res/testm.o
 .text          0x0000000000011ba8        0x0 res/template_dude.o
 .text          0x0000000000011ba8        0x0 res/hero.o
 .text          0x0000000000011ba8        0x0 res/bigtiles.o
 .text          0x0000000000011ba8     0x2a76 main.o
                0x0000000000011ba8                in_range
                0x0000000000011bc4                debug
                0x0000000000011c00                gsrand
                0x0000000000011c2c                tile_draw
                0x0000000000011e12                sprite_set
                0x00000000000120f0                move_player_light
                0x00000000000122ac                redraw_tiles
                0x0000000000012324                redraw_doors
                0x00000000000123c2                redraw_things
                0x000000000001247a                draw_health
                0x00000000000124b2                draw_food
                0x000000000001255c                draw_keys
                0x0000000000012596                draw_depth
                0x00000000000125d4                draw_ammo
                0x000000000001269a                draw_mode
                0x00000000000126f6                draw_status
                0x000000000001280e                screen_game
                0x0000000000012836                screen_victory
                0x0000000000012858                screen_dead
                0x000000000001287a                position_find_valid
                0x00000000000128f4                ability_get
                0x000000000001295a                ability_get_random
                0x00000000000129ca                thing_status_set_at
                0x0000000000012a1c                thing_status_set
                0x0000000000012a92                thing_status_reset
                0x0000000000012aaa                thing_status_countdown
                0x0000000000012ae4                status_countdown
                0x0000000000012b2a                thing_status_has
                0x0000000000012b4a                thing_make
                0x0000000000012d0c                thing_put
                0x0000000000012d2c                things_generate
                0x0000000000013106                thing_collide
                0x0000000000013262                thing_disable
                0x00000000000132d6                thing_damage
                0x000000000001334c                level_generate_room
                0x00000000000133fe                room_open_connections
                0x00000000000134a8                level_unconnected_rooms
                0x00000000000134d6                level_get_first_unconnected
                0x0000000000013514                level_connect_rooms
                0x0000000000013900                level_generate
                0x0000000000013a16                ability_use
                0x0000000000013aee                level_generate_special
                0x0000000000013cfc                thing_interact
                0x000000000001403a                thing_move
                0x00000000000140e4                thing_move_toward
                0x0000000000014278                shoot_direction
                0x0000000000014356                thing_interact_at
                0x00000000000143a0                hunger_clock
                0x00000000000143b8                joypad_handle
 *fill*         0x000000000001461e        0x2 
 .text          0x0000000000014620      0x850 /opt/toolchains/gen//m68k-elf/lib/libmd.a(sprite_eng.o)
                0x000000000001479a                SPR_isInitialized
                0x00000000000147a8                SPR_setPosition
                0x00000000000147e0                SPR_setAttribut
                0x0000000000014802                SPR_setAnimAndFrame
                0x000000000001486e                SPR_initSprite
                0x00000000000148ce                SPR_setAnim
                0x0000000000014926                SPR_setFrame
                0x0000000000014982                SPR_nextFrame
                0x00000000000149a8                SPR_setVRAMTileIndex
                0x00000000000149d0                SPR_setAlwaysVisible
                0x00000000000149f6                SPR_setNeverVisible
                0x0000000000014a1c                SPR_clear
                0x0000000000014a4e                SPR_end
                0x0000000000014a86                SPR_init
                0x0000000000014ae8                SPR_update
                0x0000000000014e70                . = ALIGN (0x4)
                0x0000000000014e70                __CTOR_LIST__ = .
                0x0000000000014e70        0x4 LONG 0x0 (((__CTOR_END__ - __CTOR_LIST__) / 0x4) - 0x2)
 *(.ctors)
                0x0000000000014e74        0x4 LONG 0x0
                0x0000000000014e78                __CTOR_END__ = .
                0x0000000000014e78                __DTOR_LIST__ = .
                0x0000000000014e78        0x4 LONG 0x0 (((__DTOR_END__ - __DTOR_LIST__) / 0x4) - 0x2)
 *(.dtors)
                0x0000000000014e7c        0x4 LONG 0x0
                0x0000000000014e80                __DTOR_END__ = .
 *(.rodata .rodata.*)
 .rodata.str1.1
                0x0000000000014e80      0x13c /opt/toolchains/gen//m68k-elf/lib/libmd.a(sys.o)
                                        0x13e (size before relaxing)
 .rodata.str1.1
                0x0000000000014fbc       0x21 /opt/toolchains/gen//m68k-elf/lib/libmd.a(vdp.o)
                                         0x4c (size before relaxing)
 *fill*         0x0000000000014fdd        0x1 
 .rodata        0x0000000000014fde        0x4 /opt/toolchains/gen//m68k-elf/lib/libmd.a(vdp.o)
                0x0000000000014fde                PLAN_A
                0x0000000000014fe0                PLAN_B
 .rodata.str1.1
                0x0000000000000000        0x2 /opt/toolchains/gen//m68k-elf/lib/libmd.a(tools.o)
 .rodata        0x0000000000014fe2      0x104 /opt/toolchains/gen//m68k-elf/lib/libmd.a(vdp_pal.o)
                0x0000000000014fe2                palette_blue
                0x0000000000015002                palette_green
                0x0000000000015022                palette_red
                0x0000000000015042                palette_grey
                0x0000000000015062                palette_black
                0x0000000000015066                palette_black_all
 .rodata        0x00000000000150e6      0xe40 /opt/toolchains/gen//m68k-elf/lib/libmd.a(z80_vgm.o)
                0x00000000000150e6                z80_vgm
 .rodata        0x0000000000015f26      0x6f4 /opt/toolchains/gen//m68k-elf/lib/libmd.a(tab_cnv.o)
                0x0000000000015f26                cnv_bcd_tab
                0x0000000000015f8a                cnv_8to32_tab
                0x000000000001638a                cnv_8to16_tab
                0x000000000001658a                cnv_4to32_tab
                0x00000000000165ca                cnv_4to16_tab
                0x00000000000165ea                cnv_4to8_tab
                0x00000000000165fa                cnv_2to32_tab
                0x000000000001660a                cnv_2to16_tab
                0x0000000000016612                cnv_2to8_tab
                0x0000000000016616                cnv_2to4_tab
 .rodata        0x000000000001661a      0xcec /opt/toolchains/gen//m68k-elf/lib/libmd.a(libres.o)
                0x0000000000016fc0                logo_lib
                0x000000000001722a                font_lib
                0x0000000000017252                font_pal_lib
                0x000000000001725a                stop_xgm
 .rodata        0x0000000000017306     0x1000 /opt/toolchains/gen//m68k-elf/lib/libmd.a(tab_vol.o)
                0x0000000000017306                tab_vol
 .rodata.str1.1
                0x0000000000018306       0x29 /opt/toolchains/gen//m68k-elf/lib/libmd.a(string.o)
 *fill*         0x000000000001832f        0x1 
 .rodata        0x0000000000018330       0x18 /opt/toolchains/gen//m68k-elf/lib/libmd.a(joy.o)
 .rodata        0x0000000000018348       0x94 res/card.o
                0x00000000000183d2                card
 .rodata        0x00000000000183dc       0x94 res/stairs.o
                0x0000000000018466                stairs
 .rodata        0x0000000000018470       0x94 res/potion.o
                0x00000000000184fa                potion
 .rodata        0x0000000000018504       0x94 res/testm.o
                0x000000000001858e                testm
 .rodata        0x0000000000018598       0xf4 res/template_dude.o
                0x0000000000018682                template_dude
 .rodata        0x000000000001868c       0x94 res/hero.o
                0x0000000000018716                hero
 .rodata        0x0000000000018720      0x208 res/bigtiles.o
                0x0000000000018920                bigtiles
 .rodata.str1.1
                0x0000000000018928       0xc7 main.o
                                         0xd3 (size before relaxing)
 *fill*         0x00000000000189ef        0x1 
 .rodata        0x00000000000189f0      0x714 main.o
                0x0000000000019050                statmax
                0x0000000000019054                maxdoors
                0x0000000000019058                roomsize
                0x000000000001905c                maparraysize
                0x0000000000019060                mapsize
                0x0000000000019064                tile_door_ew
                0x0000000000019084                tile_door_ns
                0x00000000000190a4                tile_floor
                0x00000000000190c4                tile_wall
                0x00000000000190e4                tile_null
 *(.gcc_except_table .gcc_except_table.*)
                0x0000000000019104                . = ALIGN (0x4)
                0x0000000000019104                __INIT_SECTION__ = .
 *(.init)
                0x0000000000019104        0x2 SHORT 0x4e75
                0x0000000000019106                __FINI_SECTION__ = .
 *(.fini)
                0x0000000000019106        0x2 SHORT 0x4e75
                0x0000000000019108                _etext = .
 *(.lit)
                0x0000000000019108                _stext = SIZEOF (.text)

.data           0x0000000000ff0000       0x38 load address 0x0000000000019108
 *(.got.plt)
 *(.got)
 *(.shdata)
 *(.data .data.*)
 .data          0x0000000000ff0000        0x0 boot/sega.o
 .data          0x0000000000ff0000        0x0 /opt/toolchains/gen//m68k-elf/lib/libmd.a(sys.o)
 .data          0x0000000000ff0000        0x0 /opt/toolchains/gen//m68k-elf/lib/libmd.a(vdp.o)
 .data          0x0000000000ff0000        0x4 /opt/toolchains/gen//m68k-elf/lib/libmd.a(dma.o)
 .data          0x0000000000ff0004        0x0 /opt/toolchains/gen//m68k-elf/lib/libmd.a(tools.o)
 .data          0x0000000000ff0004        0x0 /opt/toolchains/gen//m68k-elf/lib/libmd.a(memory.o)
 .data          0x0000000000ff0004        0x0 /opt/toolchains/gen//m68k-elf/lib/libmd.a(vdp_tile.o)
 .data          0x0000000000ff0004        0x0 /opt/toolchains/gen//m68k-elf/lib/libmd.a(z80_ctrl.o)
 .data          0x0000000000ff0004        0x0 /opt/toolchains/gen//m68k-elf/lib/libmd.a(sound.o)
 .data          0x0000000000ff0004        0x0 /opt/toolchains/gen//m68k-elf/lib/libmd.a(ym2612.o)
 .data          0x0000000000ff0004        0x0 /opt/toolchains/gen//m68k-elf/lib/libmd.a(vdp_pal.o)
 .data          0x0000000000ff0004        0x0 /opt/toolchains/gen//m68k-elf/lib/libmd.a(psg.o)
 .data          0x0000000000ff0004        0x0 /opt/toolchains/gen//m68k-elf/lib/libmd.a(z80_vgm.o)
 .data          0x0000000000ff0004        0x0 /opt/toolchains/gen//m68k-elf/lib/libmd.a(vdp_spr.o)
 .data          0x0000000000ff0004        0x0 /opt/toolchains/gen//m68k-elf/lib/libmd.a(tab_cnv.o)
 .data          0x0000000000ff0004        0x0 /opt/toolchains/gen//m68k-elf/lib/libmd.a(vdp_dma.o)
 .data          0x0000000000ff0004        0x0 /opt/toolchains/gen//m68k-elf/lib/libmd.a(bmp.o)
 .data          0x0000000000ff0004        0x0 /opt/toolchains/gen//m68k-elf/lib/libmd.a(timer.o)
 .data          0x0000000000ff0004        0x0 /opt/toolchains/gen//m68k-elf/lib/libmd.a(tile_cache.o)
 .data          0x0000000000ff0004        0x0 /opt/toolchains/gen//m68k-elf/lib/libmd.a(vdp_bg.o)
 .data          0x0000000000ff0004        0x0 /opt/toolchains/gen//m68k-elf/lib/libmd.a(smp_null_pcm.o)
 .data          0x0000000000ff0004        0x0 /opt/toolchains/gen//m68k-elf/lib/libmd.a(vdp_tile_a.o)
 .data          0x0000000000ff0004        0x0 /opt/toolchains/gen//m68k-elf/lib/libmd.a(memory_a.o)
 .data          0x0000000000ff0004        0x0 /opt/toolchains/gen//m68k-elf/lib/libmd.a(vdp_pal_a.o)
 .data          0x0000000000ff0004        0x0 /opt/toolchains/gen//m68k-elf/lib/libmd.a(sys_a.o)
 .data          0x0000000000ff0004        0x0 /opt/toolchains/gen//m68k-elf/lib/libmd.a(kdebug.o)
 .data          0x0000000000ff0004        0x0 /opt/toolchains/gen//m68k-elf/lib/libmd.a(smp_null.o)
 .data          0x0000000000ff0004        0x0 /opt/toolchains/gen//m68k-elf/lib/libmd.a(bmp_a.o)
 .data          0x0000000000ff0004        0x0 /opt/toolchains/gen//m68k-elf/lib/libmd.a(tools_a.o)
 .data          0x0000000000ff0004        0x0 /opt/toolchains/gen//m68k-elf/lib/libmd.a(z80_drv1.o)
 .data          0x0000000000ff0004        0x0 /opt/toolchains/gen//m68k-elf/lib/libmd.a(z80_drv2.o)
 .data          0x0000000000ff0004        0x0 /opt/toolchains/gen//m68k-elf/lib/libmd.a(z80_mvs.o)
 .data          0x0000000000ff0004        0x0 /opt/toolchains/gen//m68k-elf/lib/libmd.a(z80_drv3.o)
 .data          0x0000000000ff0004        0x0 /opt/toolchains/gen//m68k-elf/lib/libmd.a(z80_xgm.o)
 .data          0x0000000000ff0004        0x0 /opt/toolchains/gen//m68k-elf/lib/libmd.a(z80_tfm.o)
 .data          0x0000000000ff0004        0x0 /opt/toolchains/gen//m68k-elf/lib/libmd.a(libres.o)
 .data          0x0000000000ff0004        0x0 /opt/toolchains/gen//m68k-elf/lib/libmd.a(tab_vol.o)
 .data          0x0000000000ff0004        0x0 /opt/toolchains/gen//m68k-elf/lib/libmd.a(maths.o)
 .data          0x0000000000ff0004        0x0 /opt/toolchains/gen//m68k-elf/lib/libmd.a(string.o)
 .data          0x0000000000ff0004        0x0 /opt/toolchains/gen//m68k-elf/lib/libmd.a(joy.o)
 .data          0x0000000000ff0004        0x0 /opt/toolchains/gen//m68k-elf/lib/libmd.a(types.o)
 .data          0x0000000000ff0004        0x0 /opt/toolchains/gen//m68k-elf/lib/gcc/m68k-elf/4.8.2/libgcc.a(_mulsi3.o)
 .data          0x0000000000ff0004        0x0 /opt/toolchains/gen//m68k-elf/lib/gcc/m68k-elf/4.8.2/libgcc.a(_udivsi3.o)
 .data          0x0000000000ff0004        0x0 /opt/toolchains/gen//m68k-elf/lib/gcc/m68k-elf/4.8.2/libgcc.a(_divsi3.o)
 .data          0x0000000000ff0004        0x0 /opt/toolchains/gen//m68k-elf/lib/gcc/m68k-elf/4.8.2/libgcc.a(_umodsi3.o)
 .data          0x0000000000ff0004        0x0 res/card.o
 .data          0x0000000000ff0004        0x0 res/stairs.o
 .data          0x0000000000ff0004        0x0 res/potion.o
 .data          0x0000000000ff0004        0x0 res/testm.o
 .data          0x0000000000ff0004        0x0 res/template_dude.o
 .data          0x0000000000ff0004        0x0 res/hero.o
 .data          0x0000000000ff0004        0x0 res/bigtiles.o
 .data          0x0000000000ff0004       0x34 main.o
                0x0000000000ff0004                current_ammo
                0x0000000000ff0008                ammo
                0x0000000000ff002c                keys
                0x0000000000ff0030                food
                0x0000000000ff0034                maxdepth
 .data          0x0000000000ff0038        0x0 /opt/toolchains/gen//m68k-elf/lib/libmd.a(sprite_eng.o)
                0x0000000000ff0038                _edata = .
                0x0000000000000038                _sdata = SIZEOF (.data)

.bss            0x0000000000ff0038     0x2246 load address 0x0000000000019140
                0x0000000000ff0038                _start = .
 *(.shbss)
 *(.bss .bss.*)
 .bss           0x0000000000ff0038        0x0 boot/sega.o
 .bss           0x0000000000ff0038       0x14 /opt/toolchains/gen//m68k-elf/lib/libmd.a(sys.o)
 .bss           0x0000000000ff004c       0x13 /opt/toolchains/gen//m68k-elf/lib/libmd.a(vdp.o)
 *fill*         0x0000000000ff005f        0x1 
 .bss           0x0000000000ff0060        0xc /opt/toolchains/gen//m68k-elf/lib/libmd.a(dma.o)
 .bss           0x0000000000ff006c       0x10 /opt/toolchains/gen//m68k-elf/lib/libmd.a(tools.o)
 .bss           0x0000000000ff007c        0x8 /opt/toolchains/gen//m68k-elf/lib/libmd.a(memory.o)
 .bss           0x0000000000ff0084        0x0 /opt/toolchains/gen//m68k-elf/lib/libmd.a(vdp_tile.o)
 .bss           0x0000000000ff0084        0x0 /opt/toolchains/gen//m68k-elf/lib/libmd.a(z80_ctrl.o)
 .bss           0x0000000000ff0084       0x8c /opt/toolchains/gen//m68k-elf/lib/libmd.a(sound.o)
 .bss           0x0000000000ff0110        0x0 /opt/toolchains/gen//m68k-elf/lib/libmd.a(ym2612.o)
 .bss           0x0000000000ff0110      0x386 /opt/toolchains/gen//m68k-elf/lib/libmd.a(vdp_pal.o)
 *fill*         0x0000000000ff0496        0x2 
 .bss           0x0000000000ff0498        0x0 /opt/toolchains/gen//m68k-elf/lib/libmd.a(psg.o)
 .bss           0x0000000000ff0498        0x0 /opt/toolchains/gen//m68k-elf/lib/libmd.a(z80_vgm.o)
 .bss           0x0000000000ff0498        0x0 /opt/toolchains/gen//m68k-elf/lib/libmd.a(vdp_spr.o)
 .bss           0x0000000000ff0498        0x0 /opt/toolchains/gen//m68k-elf/lib/libmd.a(tab_cnv.o)
 .bss           0x0000000000ff0498        0x0 /opt/toolchains/gen//m68k-elf/lib/libmd.a(vdp_dma.o)
 .bss           0x0000000000ff0498       0x14 /opt/toolchains/gen//m68k-elf/lib/libmd.a(bmp.o)
 .bss           0x0000000000ff04ac       0x40 /opt/toolchains/gen//m68k-elf/lib/libmd.a(timer.o)
 .bss           0x0000000000ff04ec        0x4 /opt/toolchains/gen//m68k-elf/lib/libmd.a(tile_cache.o)
 .bss           0x0000000000ff04f0        0x0 /opt/toolchains/gen//m68k-elf/lib/libmd.a(vdp_bg.o)
 .bss           0x0000000000ff04f0        0x0 /opt/toolchains/gen//m68k-elf/lib/libmd.a(smp_null_pcm.o)
 .bss           0x0000000000ff04f0        0x0 /opt/toolchains/gen//m68k-elf/lib/libmd.a(vdp_tile_a.o)
 .bss           0x0000000000ff04f0        0x0 /opt/toolchains/gen//m68k-elf/lib/libmd.a(memory_a.o)
 .bss           0x0000000000ff04f0        0x0 /opt/toolchains/gen//m68k-elf/lib/libmd.a(vdp_pal_a.o)
 .bss           0x0000000000ff04f0        0x0 /opt/toolchains/gen//m68k-elf/lib/libmd.a(sys_a.o)
 .bss           0x0000000000ff04f0        0x0 /opt/toolchains/gen//m68k-elf/lib/libmd.a(kdebug.o)
 .bss           0x0000000000ff04f0        0x0 /opt/toolchains/gen//m68k-elf/lib/libmd.a(smp_null.o)
 .bss           0x0000000000ff04f0        0x0 /opt/toolchains/gen//m68k-elf/lib/libmd.a(bmp_a.o)
 .bss           0x0000000000ff04f0        0x0 /opt/toolchains/gen//m68k-elf/lib/libmd.a(tools_a.o)
 .bss           0x0000000000ff04f0        0x0 /opt/toolchains/gen//m68k-elf/lib/libmd.a(z80_drv1.o)
 .bss           0x0000000000ff04f0        0x0 /opt/toolchains/gen//m68k-elf/lib/libmd.a(z80_drv2.o)
 .bss           0x0000000000ff04f0        0x0 /opt/toolchains/gen//m68k-elf/lib/libmd.a(z80_mvs.o)
 .bss           0x0000000000ff04f0        0x0 /opt/toolchains/gen//m68k-elf/lib/libmd.a(z80_drv3.o)
 .bss           0x0000000000ff04f0        0x0 /opt/toolchains/gen//m68k-elf/lib/libmd.a(z80_xgm.o)
 .bss           0x0000000000ff04f0        0x0 /opt/toolchains/gen//m68k-elf/lib/libmd.a(z80_tfm.o)
 .bss           0x0000000000ff04f0        0x0 /opt/toolchains/gen//m68k-elf/lib/libmd.a(libres.o)
 .bss           0x0000000000ff04f0        0x0 /opt/toolchains/gen//m68k-elf/lib/libmd.a(tab_vol.o)
 .bss           0x0000000000ff04f0        0x0 /opt/toolchains/gen//m68k-elf/lib/libmd.a(maths.o)
 .bss           0x0000000000ff04f0        0x0 /opt/toolchains/gen//m68k-elf/lib/libmd.a(string.o)
 .bss           0x0000000000ff04f0       0x46 /opt/toolchains/gen//m68k-elf/lib/libmd.a(joy.o)
 *fill*         0x0000000000ff0536        0x2 
 .bss           0x0000000000ff0538        0x0 /opt/toolchains/gen//m68k-elf/lib/libmd.a(types.o)
 .bss           0x0000000000ff0538        0x0 /opt/toolchains/gen//m68k-elf/lib/gcc/m68k-elf/4.8.2/libgcc.a(_mulsi3.o)
 .bss           0x0000000000ff0538        0x0 /opt/toolchains/gen//m68k-elf/lib/gcc/m68k-elf/4.8.2/libgcc.a(_udivsi3.o)
 .bss           0x0000000000ff0538        0x0 /opt/toolchains/gen//m68k-elf/lib/gcc/m68k-elf/4.8.2/libgcc.a(_divsi3.o)
 .bss           0x0000000000ff0538        0x0 /opt/toolchains/gen//m68k-elf/lib/gcc/m68k-elf/4.8.2/libgcc.a(_umodsi3.o)
 .bss           0x0000000000ff0538        0x0 res/card.o
 .bss           0x0000000000ff0538        0x0 res/stairs.o
 .bss           0x0000000000ff0538        0x0 res/potion.o
 .bss           0x0000000000ff0538        0x0 res/testm.o
 .bss           0x0000000000ff0538        0x0 res/template_dude.o
 .bss           0x0000000000ff0538        0x0 res/hero.o
 .bss           0x0000000000ff0538        0x0 res/bigtiles.o
 .bss           0x0000000000ff0538       0x28 main.o
                0x0000000000ff0538                gm_mode
                0x0000000000ff053c                abilities
                0x0000000000ff0548                depth
                0x0000000000ff054c                connections
                0x0000000000ff055c                door_count
 .bss           0x0000000000ff0560       0x14 /opt/toolchains/gen//m68k-elf/lib/libmd.a(sprite_eng.o)
                0x0000000000ff0560                VDPSpriteCache
 *(COMMON)
 COMMON         0x0000000000ff0574       0x94 /opt/toolchains/gen//m68k-elf/lib/libmd.a(sys.o)
                0x0000000000ff0574                illegalInstCB
                0x0000000000ff0578                errorExceptionCB
                0x0000000000ff057c                trapvInstCB
                0x0000000000ff0580                chkInstCB
                0x0000000000ff0584                registerState
                0x0000000000ff05c4                srState
                0x0000000000ff05c6                line1x1xCB
                0x0000000000ff05ca                ext2State
                0x0000000000ff05cc                traceCB
                0x0000000000ff05d0                intTrace
                0x0000000000ff05d2                zeroDivideCB
                0x0000000000ff05d6                internalExtIntCB
                0x0000000000ff05da                internalVIntCB
                0x0000000000ff05de                intCB
                0x0000000000ff05e2                addressErrorCB
                0x0000000000ff05e6                VIntProcess
                0x0000000000ff05ea                ExtIntProcess
                0x0000000000ff05ee                HIntProcess
                0x0000000000ff05f2                privilegeViolationCB
                0x0000000000ff05f6                pcState
                0x0000000000ff05fa                ext1State
                0x0000000000ff05fc                busErrorCB
                0x0000000000ff0600                internalHIntCB
                0x0000000000ff0604                addrState
 COMMON         0x0000000000ff0608        0xe /opt/toolchains/gen//m68k-elf/lib/libmd.a(vdp.o)
                0x0000000000ff0608                slist_adr
                0x0000000000ff060a                hscrl_adr
                0x0000000000ff060c                screenHeight
                0x0000000000ff060e                screenWidth
                0x0000000000ff0610                aplan_adr
                0x0000000000ff0612                bplan_adr
                0x0000000000ff0614                window_adr
 COMMON         0x0000000000ff0616      0x200 /opt/toolchains/gen//m68k-elf/lib/libmd.a(dma.o)
                0x0000000000ff0616                dmaQueues
 COMMON         0x0000000000ff0816        0x4 /opt/toolchains/gen//m68k-elf/lib/libmd.a(z80_ctrl.o)
                0x0000000000ff0816                driverFlags
                0x0000000000ff0818                currentDriver
 COMMON         0x0000000000ff081a      0x282 /opt/toolchains/gen//m68k-elf/lib/libmd.a(vdp_spr.o)
                0x0000000000ff081a                spriteNum
                0x0000000000ff081c                vdpSpriteCache
 COMMON         0x0000000000ff0a9c        0x8 /opt/toolchains/gen//m68k-elf/lib/libmd.a(bmp.o)
                0x0000000000ff0a9c                bmp_buffer_write
                0x0000000000ff0aa0                bmp_buffer_read
 COMMON         0x0000000000ff0aa4        0x4 /opt/toolchains/gen//m68k-elf/lib/libmd.a(timer.o)
                0x0000000000ff0aa4                vtimer
 COMMON         0x0000000000ff0aa8        0x4 /opt/toolchains/gen//m68k-elf/lib/libmd.a(tile_cache.o)
                0x0000000000ff0aa8                uploads
 COMMON         0x0000000000ff0aac        0x8 /opt/toolchains/gen//m68k-elf/lib/libmd.a(vdp_bg.o)
                0x0000000000ff0aac                text_basetile
                0x0000000000ff0aae                curTileInd
                0x0000000000ff0ab0                text_plan
 COMMON         0x0000000000ff0ab4        0x2 /opt/toolchains/gen//m68k-elf/lib/libmd.a(maths.o)
                0x0000000000ff0ab4                randbase
 COMMON         0x0000000000ff0ab6     0x17c8 main.o
                0x0000000000ff0ab6                things
                0x0000000000ff17b6                player
                0x0000000000ff181e                shot
                0x0000000000ff1886                sprite
                0x0000000000ff1d2a                doors
                0x0000000000ff206a                blocker
                0x0000000000ff20d2                maparray
                0x0000000000ff2216                empty
                0x0000000000ff227e                _bend = .

.stab
 *(.stab)

.stabstr
 *(.stabstr)

.eh_frame
 *(.eh_frame)
LOAD boot/sega.o
LOAD /opt/toolchains/gen//m68k-elf/lib/libmd.a
LOAD /opt/toolchains/gen//m68k-elf/lib/gcc/m68k-elf/4.8.2/libgcc.a
LOAD res/card.o
LOAD res/stairs.o
LOAD res/potion.o
LOAD res/testm.o
LOAD res/template_dude.o
LOAD res/hero.o
LOAD res/bigtiles.o
LOAD main.o
LOAD /opt/toolchains/gen//m68k-elf/lib/libmd.a
LOAD /opt/toolchains/gen//m68k-elf/m68k-elf/lib/libnosys.a
OUTPUT(out.elf elf32-m68k)

.comment        0x0000000000000000       0x11
 .comment       0x0000000000000000       0x11 /opt/toolchains/gen//m68k-elf/lib/libmd.a(sys.o)
                                         0x12 (size before relaxing)
 .comment       0x0000000000000000       0x12 /opt/toolchains/gen//m68k-elf/lib/libmd.a(vdp.o)
 .comment       0x0000000000000000       0x12 /opt/toolchains/gen//m68k-elf/lib/libmd.a(dma.o)
 .comment       0x0000000000000000       0x12 /opt/toolchains/gen//m68k-elf/lib/libmd.a(tools.o)
 .comment       0x0000000000000000       0x12 /opt/toolchains/gen//m68k-elf/lib/libmd.a(memory.o)
 .comment       0x0000000000000000       0x12 /opt/toolchains/gen//m68k-elf/lib/libmd.a(vdp_tile.o)
 .comment       0x0000000000000000       0x12 /opt/toolchains/gen//m68k-elf/lib/libmd.a(z80_ctrl.o)
 .comment       0x0000000000000000       0x12 /opt/toolchains/gen//m68k-elf/lib/libmd.a(sound.o)
 .comment       0x0000000000000000       0x12 /opt/toolchains/gen//m68k-elf/lib/libmd.a(ym2612.o)
 .comment       0x0000000000000000       0x12 /opt/toolchains/gen//m68k-elf/lib/libmd.a(vdp_pal.o)
 .comment       0x0000000000000000       0x12 /opt/toolchains/gen//m68k-elf/lib/libmd.a(psg.o)
 .comment       0x0000000000000000       0x12 /opt/toolchains/gen//m68k-elf/lib/libmd.a(z80_vgm.o)
 .comment       0x0000000000000000       0x12 /opt/toolchains/gen//m68k-elf/lib/libmd.a(vdp_spr.o)
 .comment       0x0000000000000000       0x12 /opt/toolchains/gen//m68k-elf/lib/libmd.a(tab_cnv.o)
 .comment       0x0000000000000000       0x12 /opt/toolchains/gen//m68k-elf/lib/libmd.a(vdp_dma.o)
 .comment       0x0000000000000000       0x12 /opt/toolchains/gen//m68k-elf/lib/libmd.a(bmp.o)
 .comment       0x0000000000000000       0x12 /opt/toolchains/gen//m68k-elf/lib/libmd.a(timer.o)
 .comment       0x0000000000000000       0x12 /opt/toolchains/gen//m68k-elf/lib/libmd.a(tile_cache.o)
 .comment       0x0000000000000000       0x12 /opt/toolchains/gen//m68k-elf/lib/libmd.a(vdp_bg.o)
 .comment       0x0000000000000000       0x12 /opt/toolchains/gen//m68k-elf/lib/libmd.a(tab_vol.o)
 .comment       0x0000000000000000       0x12 /opt/toolchains/gen//m68k-elf/lib/libmd.a(maths.o)
 .comment       0x0000000000000000       0x12 /opt/toolchains/gen//m68k-elf/lib/libmd.a(string.o)
 .comment       0x0000000000000000       0x12 /opt/toolchains/gen//m68k-elf/lib/libmd.a(joy.o)
 .comment       0x0000000000000000       0x12 /opt/toolchains/gen//m68k-elf/lib/libmd.a(types.o)
 .comment       0x0000000000000000       0x12 main.o
 .comment       0x0000000000000000       0x12 /opt/toolchains/gen//m68k-elf/lib/libmd.a(sprite_eng.o)

.debug_line     0x0000000000000000      0x1cd
 .debug_line    0x0000000000000000       0x6a /opt/toolchains/gen//m68k-elf/lib/gcc/m68k-elf/4.8.2/libgcc.a(_mulsi3.o)
 .debug_line    0x000000000000006a       0x83 /opt/toolchains/gen//m68k-elf/lib/gcc/m68k-elf/4.8.2/libgcc.a(_udivsi3.o)
 .debug_line    0x00000000000000ed       0x72 /opt/toolchains/gen//m68k-elf/lib/gcc/m68k-elf/4.8.2/libgcc.a(_divsi3.o)
 .debug_line    0x000000000000015f       0x6e /opt/toolchains/gen//m68k-elf/lib/gcc/m68k-elf/4.8.2/libgcc.a(_umodsi3.o)

.debug_info     0x0000000000000000      0x288
 .debug_info    0x0000000000000000       0xa2 /opt/toolchains/gen//m68k-elf/lib/gcc/m68k-elf/4.8.2/libgcc.a(_mulsi3.o)
 .debug_info    0x00000000000000a2       0xa2 /opt/toolchains/gen//m68k-elf/lib/gcc/m68k-elf/4.8.2/libgcc.a(_udivsi3.o)
 .debug_info    0x0000000000000144       0xa2 /opt/toolchains/gen//m68k-elf/lib/gcc/m68k-elf/4.8.2/libgcc.a(_divsi3.o)
 .debug_info    0x00000000000001e6       0xa2 /opt/toolchains/gen//m68k-elf/lib/gcc/m68k-elf/4.8.2/libgcc.a(_umodsi3.o)

.debug_abbrev   0x0000000000000000       0x50
 .debug_abbrev  0x0000000000000000       0x14 /opt/toolchains/gen//m68k-elf/lib/gcc/m68k-elf/4.8.2/libgcc.a(_mulsi3.o)
 .debug_abbrev  0x0000000000000014       0x14 /opt/toolchains/gen//m68k-elf/lib/gcc/m68k-elf/4.8.2/libgcc.a(_udivsi3.o)
 .debug_abbrev  0x0000000000000028       0x14 /opt/toolchains/gen//m68k-elf/lib/gcc/m68k-elf/4.8.2/libgcc.a(_divsi3.o)
 .debug_abbrev  0x000000000000003c       0x14 /opt/toolchains/gen//m68k-elf/lib/gcc/m68k-elf/4.8.2/libgcc.a(_umodsi3.o)

.debug_aranges  0x0000000000000000       0x80
 .debug_aranges
                0x0000000000000000       0x20 /opt/toolchains/gen//m68k-elf/lib/gcc/m68k-elf/4.8.2/libgcc.a(_mulsi3.o)
 .debug_aranges
                0x0000000000000020       0x20 /opt/toolchains/gen//m68k-elf/lib/gcc/m68k-elf/4.8.2/libgcc.a(_udivsi3.o)
 .debug_aranges
                0x0000000000000040       0x20 /opt/toolchains/gen//m68k-elf/lib/gcc/m68k-elf/4.8.2/libgcc.a(_divsi3.o)
 .debug_aranges
                0x0000000000000060       0x20 /opt/toolchains/gen//m68k-elf/lib/gcc/m68k-elf/4.8.2/libgcc.a(_umodsi3.o)
