Archive member included because of file (symbol)

/opt/toolchains/gen//m68k-elf/lib/libmd.a(sys.o)
                              boot/sega.o (registerState)
/opt/toolchains/gen//m68k-elf/lib/libmd.a(vdp.o)
                              /opt/toolchains/gen//m68k-elf/lib/libmd.a(sys.o) (VDP_init)
/opt/toolchains/gen//m68k-elf/lib/libmd.a(dma.o)
                              /opt/toolchains/gen//m68k-elf/lib/libmd.a(sys.o) (DMA_flushQueue)
/opt/toolchains/gen//m68k-elf/lib/libmd.a(tools.o)
                              /opt/toolchains/gen//m68k-elf/lib/libmd.a(vdp.o) (getFPS)
/opt/toolchains/gen//m68k-elf/lib/libmd.a(memory.o)
                              /opt/toolchains/gen//m68k-elf/lib/libmd.a(sys.o) (MEM_init)
/opt/toolchains/gen//m68k-elf/lib/libmd.a(vdp_tile.o)
                              /opt/toolchains/gen//m68k-elf/lib/libmd.a(vdp.o) (VDP_loadFont)
/opt/toolchains/gen//m68k-elf/lib/libmd.a(z80_ctrl.o)
                              /opt/toolchains/gen//m68k-elf/lib/libmd.a(sys.o) (Z80_init)
/opt/toolchains/gen//m68k-elf/lib/libmd.a(sound.o)
                              /opt/toolchains/gen//m68k-elf/lib/libmd.a(sys.o) (SND_set68KBUSProtection_XGM)
/opt/toolchains/gen//m68k-elf/lib/libmd.a(ym2612.o)
                              /opt/toolchains/gen//m68k-elf/lib/libmd.a(z80_ctrl.o) (YM2612_reset)
/opt/toolchains/gen//m68k-elf/lib/libmd.a(vdp_pal.o)
                              /opt/toolchains/gen//m68k-elf/lib/libmd.a(sys.o) (VDP_doStepFading)
/opt/toolchains/gen//m68k-elf/lib/libmd.a(psg.o)
                              /opt/toolchains/gen//m68k-elf/lib/libmd.a(sys.o) (PSG_init)
/opt/toolchains/gen//m68k-elf/lib/libmd.a(z80_vgm.o)
                              /opt/toolchains/gen//m68k-elf/lib/libmd.a(z80_ctrl.o) (z80_vgm)
/opt/toolchains/gen//m68k-elf/lib/libmd.a(vdp_spr.o)
                              /opt/toolchains/gen//m68k-elf/lib/libmd.a(vdp.o) (VDP_resetSprites)
/opt/toolchains/gen//m68k-elf/lib/libmd.a(tab_cnv.o)
                              /opt/toolchains/gen//m68k-elf/lib/libmd.a(vdp_tile.o) (cnv_8to32_tab)
/opt/toolchains/gen//m68k-elf/lib/libmd.a(vdp_dma.o)
                              /opt/toolchains/gen//m68k-elf/lib/libmd.a(vdp_tile.o) (VDP_doDMA)
/opt/toolchains/gen//m68k-elf/lib/libmd.a(bmp.o)
                              /opt/toolchains/gen//m68k-elf/lib/libmd.a(sys.o) (BMP_doVBlankProcess)
/opt/toolchains/gen//m68k-elf/lib/libmd.a(timer.o)
                              /opt/toolchains/gen//m68k-elf/lib/libmd.a(tools.o) (getSubTick)
/opt/toolchains/gen//m68k-elf/lib/libmd.a(tile_cache.o)
                              /opt/toolchains/gen//m68k-elf/lib/libmd.a(sys.o) (uploads)
/opt/toolchains/gen//m68k-elf/lib/libmd.a(vdp_bg.o)
                              /opt/toolchains/gen//m68k-elf/lib/libmd.a(vdp.o) (VDP_setVerticalScroll)
/opt/toolchains/gen//m68k-elf/lib/libmd.a(smp_null_pcm.o)
                              /opt/toolchains/gen//m68k-elf/lib/libmd.a(z80_ctrl.o) (smp_null_pcm)
/opt/toolchains/gen//m68k-elf/lib/libmd.a(vdp_tile_a.o)
                              /opt/toolchains/gen//m68k-elf/lib/libmd.a(vdp_tile.o) (VDP_loadTileData)
/opt/toolchains/gen//m68k-elf/lib/libmd.a(memory_a.o)
                              /opt/toolchains/gen//m68k-elf/lib/libmd.a(memory.o) (memset)
/opt/toolchains/gen//m68k-elf/lib/libmd.a(vdp_pal_a.o)
                              /opt/toolchains/gen//m68k-elf/lib/libmd.a(vdp_pal.o) (VDP_getPaletteColors)
/opt/toolchains/gen//m68k-elf/lib/libmd.a(sys_a.o)
                              /opt/toolchains/gen//m68k-elf/lib/libmd.a(timer.o) (SYS_getInterruptMaskLevel)
/opt/toolchains/gen//m68k-elf/lib/libmd.a(kdebug.o)
                              /opt/toolchains/gen//m68k-elf/lib/libmd.a(tools.o) (KDebug_Alert)
/opt/toolchains/gen//m68k-elf/lib/libmd.a(smp_null.o)
                              /opt/toolchains/gen//m68k-elf/lib/libmd.a(z80_ctrl.o) (smp_null)
/opt/toolchains/gen//m68k-elf/lib/libmd.a(bmp_a.o)
                              /opt/toolchains/gen//m68k-elf/lib/libmd.a(bmp.o) (clearBitmapBuffer)
/opt/toolchains/gen//m68k-elf/lib/libmd.a(tools_a.o)
                              /opt/toolchains/gen//m68k-elf/lib/libmd.a(tools.o) (aplib_unpack)
/opt/toolchains/gen//m68k-elf/lib/libmd.a(z80_drv1.o)
                              /opt/toolchains/gen//m68k-elf/lib/libmd.a(z80_ctrl.o) (z80_drv1)
/opt/toolchains/gen//m68k-elf/lib/libmd.a(z80_drv2.o)
                              /opt/toolchains/gen//m68k-elf/lib/libmd.a(z80_ctrl.o) (z80_drv2)
/opt/toolchains/gen//m68k-elf/lib/libmd.a(z80_mvs.o)
                              /opt/toolchains/gen//m68k-elf/lib/libmd.a(z80_ctrl.o) (z80_mvs)
/opt/toolchains/gen//m68k-elf/lib/libmd.a(z80_drv3.o)
                              /opt/toolchains/gen//m68k-elf/lib/libmd.a(z80_ctrl.o) (z80_drv3)
/opt/toolchains/gen//m68k-elf/lib/libmd.a(z80_xgm.o)
                              /opt/toolchains/gen//m68k-elf/lib/libmd.a(z80_ctrl.o) (z80_xgm)
/opt/toolchains/gen//m68k-elf/lib/libmd.a(z80_tfm.o)
                              /opt/toolchains/gen//m68k-elf/lib/libmd.a(z80_ctrl.o) (z80_tfm)
/opt/toolchains/gen//m68k-elf/lib/libmd.a(libres.o)
                              /opt/toolchains/gen//m68k-elf/lib/libmd.a(vdp.o) (font_lib)
/opt/toolchains/gen//m68k-elf/lib/libmd.a(tab_vol.o)
                              /opt/toolchains/gen//m68k-elf/lib/libmd.a(z80_ctrl.o) (tab_vol)
/opt/toolchains/gen//m68k-elf/lib/libmd.a(maths.o)
                              /opt/toolchains/gen//m68k-elf/lib/libmd.a(sys.o) (randbase)
/opt/toolchains/gen//m68k-elf/lib/libmd.a(string.o)
                              /opt/toolchains/gen//m68k-elf/lib/libmd.a(sys.o) (strlen)
/opt/toolchains/gen//m68k-elf/lib/libmd.a(joy.o)
                              /opt/toolchains/gen//m68k-elf/lib/libmd.a(sys.o) (JOY_init)
/opt/toolchains/gen//m68k-elf/lib/libmd.a(types.o)
                              /opt/toolchains/gen//m68k-elf/lib/libmd.a(z80_ctrl.o) (getZeroU8)
/opt/toolchains/gen//m68k-elf/lib/gcc/m68k-elf/4.8.2/libgcc.a(_mulsi3.o)
                              /opt/toolchains/gen//m68k-elf/lib/libmd.a(tools.o) (__mulsi3)
/opt/toolchains/gen//m68k-elf/lib/gcc/m68k-elf/4.8.2/libgcc.a(_udivsi3.o)
                              /opt/toolchains/gen//m68k-elf/lib/libmd.a(tools.o) (__udivsi3)
/opt/toolchains/gen//m68k-elf/lib/gcc/m68k-elf/4.8.2/libgcc.a(_divsi3.o)
                              /opt/toolchains/gen//m68k-elf/lib/libmd.a(vdp_pal.o) (__divsi3)
/opt/toolchains/gen//m68k-elf/lib/gcc/m68k-elf/4.8.2/libgcc.a(_umodsi3.o)
                              /opt/toolchains/gen//m68k-elf/lib/libmd.a(string.o) (__umodsi3)
/opt/toolchains/gen//m68k-elf/lib/libmd.a(sprite_eng.o)
                              main.o (SPR_initSprite)

Allocating common symbols
Common symbol       size              file

illegalInstCB       0x4               /opt/toolchains/gen//m68k-elf/lib/libmd.a(sys.o)
slist_adr           0x2               /opt/toolchains/gen//m68k-elf/lib/libmd.a(vdp.o)
errorExceptionCB    0x4               /opt/toolchains/gen//m68k-elf/lib/libmd.a(sys.o)
trapvInstCB         0x4               /opt/toolchains/gen//m68k-elf/lib/libmd.a(sys.o)
things              0x380             main.o
vtimer              0x4               /opt/toolchains/gen//m68k-elf/lib/libmd.a(timer.o)
driverFlags         0x2               /opt/toolchains/gen//m68k-elf/lib/libmd.a(z80_ctrl.o)
dmaQueues           0x200             /opt/toolchains/gen//m68k-elf/lib/libmd.a(dma.o)
chkInstCB           0x4               /opt/toolchains/gen//m68k-elf/lib/libmd.a(sys.o)
player              0x1c              main.o
registerState       0x40              /opt/toolchains/gen//m68k-elf/lib/libmd.a(sys.o)
text_basetile       0x2               /opt/toolchains/gen//m68k-elf/lib/libmd.a(vdp_bg.o)
bmp_buffer_write    0x4               /opt/toolchains/gen//m68k-elf/lib/libmd.a(bmp.o)
srState             0x2               /opt/toolchains/gen//m68k-elf/lib/libmd.a(sys.o)
line1x1xCB          0x4               /opt/toolchains/gen//m68k-elf/lib/libmd.a(sys.o)
randbase            0x2               /opt/toolchains/gen//m68k-elf/lib/libmd.a(maths.o)
ext2State           0x2               /opt/toolchains/gen//m68k-elf/lib/libmd.a(sys.o)
traceCB             0x4               /opt/toolchains/gen//m68k-elf/lib/libmd.a(sys.o)
sprite              0x4a4             main.o
intTrace            0x2               /opt/toolchains/gen//m68k-elf/lib/libmd.a(sys.o)
zeroDivideCB        0x4               /opt/toolchains/gen//m68k-elf/lib/libmd.a(sys.o)
curTileInd          0x2               /opt/toolchains/gen//m68k-elf/lib/libmd.a(vdp_bg.o)
hscrl_adr           0x2               /opt/toolchains/gen//m68k-elf/lib/libmd.a(vdp.o)
internalExtIntCB    0x4               /opt/toolchains/gen//m68k-elf/lib/libmd.a(sys.o)
spriteNum           0x2               /opt/toolchains/gen//m68k-elf/lib/libmd.a(vdp_spr.o)
text_plan           0x4               /opt/toolchains/gen//m68k-elf/lib/libmd.a(vdp_bg.o)
screenHeight        0x2               /opt/toolchains/gen//m68k-elf/lib/libmd.a(vdp.o)
internalVIntCB      0x4               /opt/toolchains/gen//m68k-elf/lib/libmd.a(sys.o)
intCB               0x4               /opt/toolchains/gen//m68k-elf/lib/libmd.a(sys.o)
screenWidth         0x2               /opt/toolchains/gen//m68k-elf/lib/libmd.a(vdp.o)
addressErrorCB      0x4               /opt/toolchains/gen//m68k-elf/lib/libmd.a(sys.o)
bmp_buffer_read     0x4               /opt/toolchains/gen//m68k-elf/lib/libmd.a(bmp.o)
VIntProcess         0x4               /opt/toolchains/gen//m68k-elf/lib/libmd.a(sys.o)
currentDriver       0x2               /opt/toolchains/gen//m68k-elf/lib/libmd.a(z80_ctrl.o)
vdpSpriteCache      0x280             /opt/toolchains/gen//m68k-elf/lib/libmd.a(vdp_spr.o)
uploads             0x4               /opt/toolchains/gen//m68k-elf/lib/libmd.a(tile_cache.o)
ExtIntProcess       0x4               /opt/toolchains/gen//m68k-elf/lib/libmd.a(sys.o)
aplan_adr           0x2               /opt/toolchains/gen//m68k-elf/lib/libmd.a(vdp.o)
bplan_adr           0x2               /opt/toolchains/gen//m68k-elf/lib/libmd.a(vdp.o)
HIntProcess         0x4               /opt/toolchains/gen//m68k-elf/lib/libmd.a(sys.o)
privilegeViolationCB
                    0x4               /opt/toolchains/gen//m68k-elf/lib/libmd.a(sys.o)
pcState             0x4               /opt/toolchains/gen//m68k-elf/lib/libmd.a(sys.o)
ext1State           0x2               /opt/toolchains/gen//m68k-elf/lib/libmd.a(sys.o)
busErrorCB          0x4               /opt/toolchains/gen//m68k-elf/lib/libmd.a(sys.o)
blocker             0x1c              main.o
internalHIntCB      0x4               /opt/toolchains/gen//m68k-elf/lib/libmd.a(sys.o)
window_adr          0x2               /opt/toolchains/gen//m68k-elf/lib/libmd.a(vdp.o)
maparray            0xc40             main.o
addrState           0x4               /opt/toolchains/gen//m68k-elf/lib/libmd.a(sys.o)
empty               0x1c              main.o

Memory Configuration

Name             Origin             Length             Attributes
rom              0x0000000000000000 0x0000000000a00000
ram              0x0000000000ff0000 0x0000000000010000
*default*        0x0000000000000000 0xffffffffffffffff

Linker script and memory map

                0x0000000000000000                __DYNAMIC = 0x0
                0x0000000001000000                PROVIDE (__stack, 0x1000000)

.text           0x0000000000000000    0x16e18
 *(.text.keepboot)
 .text.keepboot
                0x0000000000000000      0x5f4 boot/sega.o
 *(.text.*)
 .text.startup  0x00000000000005f4      0x1dc main.o
                0x00000000000005f4                main
 *(.text)
 .text          0x00000000000007d0        0x0 boot/sega.o
 .text          0x00000000000007d0      0x9d8 /opt/toolchains/gen//m68k-elf/lib/libmd.a(sys.o)
                0x00000000000007d0                _trace_callback
                0x00000000000007d2                _line1x1x_callback
                0x00000000000007d4                _int_callback
                0x00000000000007d6                _extint_callback
                0x0000000000000bc4                _buserror_callback
                0x0000000000000bec                _addresserror_callback
                0x0000000000000ca0                _illegalinst_callback
                0x0000000000000cc8                _chkinst_callback
                0x0000000000000cf0                _trapvinst_callback
                0x0000000000000d18                _vint_callback
                0x0000000000000e16                _hint_callback
                0x0000000000000f4c                _zerodivide_callback
                0x0000000000000f74                _privilegeviolation_callback
                0x0000000000000f9c                _errorexception_callback
                0x0000000000000fc4                _start_entry
                0x0000000000001078                _reset_entry
                0x0000000000001088                SYS_disableInts
                0x00000000000010b8                SYS_enableInts
                0x00000000000010e4                SYS_setVIntPreCallback
                0x00000000000010ee                SYS_setVIntCallback
                0x00000000000010f8                SYS_setHIntCallback
                0x0000000000001102                SYS_setExtIntCallback
                0x000000000000110c                SYS_isInVIntCallback
                0x0000000000001118                SYS_isInHIntCallback
                0x0000000000001124                SYS_isInExtIntCallback
                0x0000000000001130                SYS_isInInterrupt
                0x0000000000001138                SYS_isNTSC
                0x0000000000001148                SYS_isPAL
                0x0000000000001154                SYS_die
 .text          0x00000000000011a8      0x886 /opt/toolchains/gen//m68k-elf/lib/libmd.a(vdp.o)
                0x00000000000011a8                VDP_getReg
                0x00000000000011c8                VDP_setReg
                0x0000000000001320                VDP_getEnable
                0x000000000000132c                VDP_setEnable
                0x0000000000001358                VDP_getScanlineNumber
                0x000000000000136e                VDP_getScreenHeight
                0x0000000000001376                VDP_setScreenHeight224
                0x000000000000139c                VDP_setScreenHeight240
                0x00000000000013ce                VDP_getScreenWidth
                0x00000000000013d6                VDP_setScreenWidth256
                0x00000000000013fc                VDP_setScreenWidth320
                0x0000000000001422                VDP_getPlanWidth
                0x0000000000001436                VDP_getPlanHeight
                0x0000000000001448                VDP_setPlanSize
                0x000000000000147c                VDP_getVerticalScrollingMode
                0x000000000000148a                VDP_getHorizontalScrollingMode
                0x0000000000001496                VDP_setScrollingMode
                0x00000000000014c8                VDP_getBackgroundColor
                0x00000000000014d0                VDP_setBackgroundColor
                0x00000000000014ee                VDP_getAutoInc
                0x00000000000014f6                VDP_setAutoInc
                0x0000000000001510                VDP_setHInterrupt
                0x000000000000153c                VDP_setHilightShadow
                0x0000000000001568                VDP_getHIntCounter
                0x0000000000001570                VDP_setHIntCounter
                0x000000000000158a                VDP_getAPlanAddress
                0x0000000000001592                VDP_getBPlanAddress
                0x000000000000159a                VDP_getWindowAddress
                0x00000000000015a2                VDP_getWindowPlanAddress
                0x00000000000015aa                VDP_getSpriteListAddress
                0x00000000000015b2                VDP_getHScrollTableAddress
                0x00000000000015ba                VDP_setAPlanAddress
                0x00000000000015de                VDP_setWindowAddress
                0x0000000000001620                VDP_setWindowPlanAddress
                0x0000000000001630                VDP_setBPlanAddress
                0x0000000000001654                VDP_setSpriteListAddress
                0x0000000000001696                VDP_setHScrollTableAddress
                0x00000000000016bc                VDP_setScanMode
                0x0000000000001704                VDP_waitDMACompletion
                0x0000000000001712                VDP_init
                0x0000000000001914                VDP_waitFIFOEmpty
                0x0000000000001922                VDP_waitVSync
                0x000000000000193c                VDP_resetScreen
                0x00000000000019b0                VDP_showFPS
 *fill*         0x0000000000001a2e        0x2 
 .text          0x0000000000001a30      0x5a8 /opt/toolchains/gen//m68k-elf/lib/libmd.a(dma.o)
                0x0000000000001a30                DMA_getAutoFlush
                0x0000000000001a38                DMA_setAutoFlush
                0x0000000000001a5e                DMA_getMaxTransferSize
                0x0000000000001a66                DMA_setMaxTransferSize
                0x0000000000001a70                DMA_clearQueue
                0x0000000000001a8a                DMA_flushQueue
                0x0000000000001b4e                DMA_getQueueSize
                0x0000000000001b56                DMA_getQueueTransferSize
                0x0000000000001b5e                DMA_queueDma
                0x0000000000001d48                DMA_waitCompletion
                0x0000000000001d56                DMA_doDma
                0x0000000000001ea6                DMA_doVRamFill
                0x0000000000001f52                DMA_doVRamCopy
 .text          0x0000000000001fd8     0x1860 /opt/toolchains/gen//m68k-elf/lib/libmd.a(tools.o)
                0x0000000000001fd8                getFPS
                0x0000000000002040                getFPS_f
                0x00000000000020c2                KLog
                0x00000000000020e6                KLog_U1
                0x0000000000002132                KLog_U2
                0x00000000000021a0                KLog_U3
                0x000000000000222c                KLog_U4
                0x00000000000022d4                KLog_U1x
                0x0000000000002324                KLog_U2x
                0x0000000000002394                KLog_U3x
                0x0000000000002420                KLog_U4x
                0x00000000000024c6                KLog_S1
                0x0000000000002512                KLog_S2
                0x0000000000002580                KLog_S3
                0x000000000000260c                KLog_S4
                0x00000000000026b4                KLog_S1x
                0x0000000000002704                KLog_S2x
                0x0000000000002774                KLog_S3x
                0x0000000000002800                KLog_S4x
                0x00000000000028a6                KLog_f1
                0x00000000000028f6                KLog_f2
                0x000000000000296c                KLog_f3
                0x0000000000002a04                KLog_f4
                0x0000000000002abc                KLog_f1x
                0x0000000000002b10                KLog_f2x
                0x0000000000002b88                KLog_f3x
                0x0000000000002c20                KLog_f4x
                0x0000000000002cd6                KLog_F1
                0x0000000000002d22                KLog_F2
                0x0000000000002d90                KLog_F3
                0x0000000000002e1c                KLog_F4
                0x0000000000002ec4                KLog_F1x
                0x0000000000002f14                KLog_F2x
                0x0000000000002f84                KLog_F3x
                0x0000000000003010                KLog_F4x
                0x00000000000030b6                allocateBitmap
                0x0000000000003116                allocateBitmapEx
                0x0000000000003158                allocateTileSet
                0x00000000000031a2                allocateTileSetEx
                0x00000000000031ce                allocateMap
                0x0000000000003218                allocateMapEx
                0x0000000000003242                allocateImage
                0x0000000000003306                rle4b_unpack
                0x0000000000003360                rlemap_unpack
                0x00000000000033f8                unpackEx
                0x00000000000034a6                getTileSet
                0x00000000000034f4                unpack
                0x0000000000003512                unpackBitmap
                0x00000000000035a4                unpackTileSet
                0x0000000000003616                unpackMap
                0x000000000000368c                unpackImage
                0x00000000000036e2                rle4b_unpackVRam
                0x000000000000376e                uftc_unpack_old
 .text          0x0000000000003838      0x236 /opt/toolchains/gen//m68k-elf/lib/libmd.a(memory.o)
                0x0000000000003838                MEM_init
                0x0000000000003860                MEM_getFree
                0x000000000000388a                MEM_free
                0x000000000000389c                MEM_alloc
                0x000000000000397a                memcpyU16
                0x0000000000003998                memcpyU32
                0x00000000000039b8                fastMemset
                0x00000000000039d8                fastMemsetU16
                0x00000000000039f8                fastMemsetU32
                0x0000000000003a14                fastMemcpy
                0x0000000000003a30                fastMemcpyU16
                0x0000000000003a4e                fastMemcpyU32
 *fill*         0x0000000000003a6e        0x2 
 .text          0x0000000000003a70      0xb94 /opt/toolchains/gen//m68k-elf/lib/libmd.a(vdp_tile.o)
                0x0000000000003a70                VDP_loadTileSet
                0x0000000000003b1a                VDP_loadFontData
                0x0000000000003b4a                VDP_loadFont
                0x0000000000003b70                VDP_loadBMPTileDataEx
                0x0000000000003bc4                VDP_fillTileData
                0x0000000000003c7e                VDP_setTileMap
                0x0000000000003cbc                VDP_setTileMapXY
                0x0000000000003d22                VDP_fillTileMap
                0x0000000000003dbe                VDP_fillTileMapRectByIndex
                0x0000000000003de8                VDP_fillTileMapRect
                0x0000000000003e8e                VDP_clearTileMap
                0x0000000000003ee2                VDP_clearTileMapRectByIndex
                0x0000000000003f0c                VDP_clearTileMapRect
                0x0000000000003f40                VDP_fillTileMapInc
                0x000000000000400a                VDP_fillTileMapRectIncByIndex
                0x0000000000004034                VDP_fillTileMapRectInc
                0x00000000000040e0                VDP_setTileMapData
                0x00000000000041c4                VDP_setTileMapRectByIndex
                0x00000000000041f2                VDP_setTileMapDataRect
                0x00000000000042aa                VDP_setTileMapDataEx
                0x000000000000439c                VDP_setTileMapRectExByIndex
                0x00000000000043ce                VDP_setTileMapDataRectEx
                0x00000000000044b4                VDP_setTileMapRectEx
                0x00000000000044f8                VDP_setMapEx
                0x00000000000045c0                VDP_setMap
 .text          0x0000000000004604      0x5f2 /opt/toolchains/gen//m68k-elf/lib/libmd.a(z80_ctrl.o)
                0x0000000000004604                Z80_isBusTaken
                0x0000000000004616                Z80_requestBus
                0x000000000000463c                Z80_releaseBus
                0x0000000000004646                Z80_startReset
                0x0000000000004650                Z80_endReset
                0x000000000000465a                Z80_setBank
                0x000000000000466e                Z80_init
                0x000000000000468c                Z80_read
                0x000000000000469e                Z80_write
                0x00000000000046b2                Z80_clear
                0x000000000000472a                Z80_upload
                0x000000000000479e                Z80_download
                0x00000000000047f6                Z80_getLoadedDriver
                0x00000000000047fe                Z80_unloadDriver
                0x0000000000004830                Z80_loadCustomDriver
                0x0000000000004874                Z80_isDriverReady
                0x00000000000048aa                Z80_loadDriver
 *fill*         0x0000000000004bf6        0x2 
 .text          0x0000000000004bf8      0xf5c /opt/toolchains/gen//m68k-elf/lib/libmd.a(sound.o)
                0x0000000000004bf8                SND_isPlaying_PCM
                0x0000000000004c2c                SND_startPlay_PCM
                0x0000000000004cd0                SND_stopPlay_PCM
                0x0000000000004d3a                SND_isPlaying_2ADPCM
                0x0000000000004d70                SND_startPlay_2ADPCM
                0x0000000000004e30                SND_stopPlay_2ADPCM
                0x0000000000004eaa                SND_isPlaying_4PCM_ENV
                0x0000000000004ee0                SND_startPlay_4PCM_ENV
                0x0000000000004fba                SND_stopPlay_4PCM_ENV
                0x0000000000005034                SND_setVolume_4PCM_ENV
                0x000000000000507c                SND_getVolume_4PCM_ENV
                0x00000000000050be                SND_isPlaying_MVS
                0x00000000000050f0                SND_startPlay_MVS
                0x000000000000515a                SND_stopPlay_MVS
                0x000000000000518c                SND_setTempo_MVS
                0x00000000000051bc                SND_startDAC_MVS
                0x000000000000521e                SND_stopDAC_MVS
                0x0000000000005248                SND_isPlayingPSG_MVS
                0x0000000000005276                SND_startPSG_MVS
                0x00000000000052c2                SND_stopPSG_MVS
                0x00000000000052ec                SND_enablePSG_MVS
                0x000000000000532c                SND_disablePSG_MVS
                0x000000000000536c                SND_startPlay_TFM
                0x00000000000053e0                SND_stopPlay_TFM
                0x00000000000053e8                SND_stopPlay_VGM
                0x0000000000005414                SND_resumePlay_VGM
                0x0000000000005440                SND_isPlaying_VGM
                0x0000000000005470                SND_startPlay_VGM
                0x00000000000054ec                SND_playSfx_VGM
                0x000000000000554e                SND_isPlaying_XGM
                0x0000000000005582                SND_startPlay_XGM
                0x000000000000569a                SND_stopPlay_XGM
                0x0000000000005702                SND_pausePlay_XGM
                0x0000000000005734                SND_resumePlay_XGM
                0x000000000000576e                SND_isPlayingPCM_XGM
                0x00000000000057a4                SND_setPCMFast_XGM
                0x00000000000057e2                SND_setPCM_XGM
                0x0000000000005822                SND_startPlayPCM_XGM
                0x0000000000005884                SND_stopPlayPCM_XGM
                0x00000000000058da                SND_set68KBUSProtection_XGM
                0x0000000000005902                SND_nextXFrame_XGM
                0x000000000000594a                SND_getManualSync_XGM
                0x0000000000005956                SND_setManualSync_XGM
                0x000000000000599c                SND_getForceDelayDMA_XGM
                0x00000000000059a8                SND_setForceDelayDMA_XGM
                0x00000000000059ce                SND_getMusicTempo_XGM
                0x00000000000059d6                SND_setMusicTempo_XGM
                0x00000000000059fe                SND_getCPULoad_XGM
                0x0000000000005abe                XGM_resetLoadCalculation
                0x0000000000005aec                XGM_doVBlankProcess
 .text          0x0000000000005b54      0x1f2 /opt/toolchains/gen//m68k-elf/lib/libmd.a(ym2612.o)
                0x0000000000005b54                YM2612_read
                0x0000000000005b6e                YM2612_write
                0x0000000000005b92                YM2612_reset
                0x0000000000005c7c                YM2612_writeSafe
                0x0000000000005c94                YM2612_writeReg
                0x0000000000005ce6                YM2612_writeRegSafe
                0x0000000000005d08                YM2612_enableDAC
                0x0000000000005d28                YM2612_disableDAC
 *fill*         0x0000000000005d46        0x2 
 .text          0x0000000000005d48      0x618 /opt/toolchains/gen//m68k-elf/lib/libmd.a(vdp_pal.o)
                0x0000000000005e00                VDP_getPaletteColor
                0x0000000000005e34                VDP_setPaletteColor
                0x0000000000005e72                VDP_doStepFading
                0x0000000000005f4c                VDP_initFading
                0x0000000000006078                VDP_interruptFade
                0x000000000000608a                VDP_fade
                0x00000000000060fa                VDP_fadeTo
                0x000000000000615a                VDP_fadeOut
                0x000000000000618a                VDP_fadeIn
                0x00000000000061be                VDP_fadePal
                0x00000000000061fa                VDP_fadePalTo
                0x0000000000006232                VDP_fadePalOut
                0x000000000000626c                VDP_fadePalIn
                0x00000000000062aa                VDP_fadeAll
                0x00000000000062d2                VDP_fadeAllTo
                0x00000000000062f6                VDP_fadeOutAll
                0x000000000000631c                VDP_fadeInAll
                0x0000000000006346                VDP_isDoingFade
                0x0000000000006352                VDP_waitFadeCompletion
 .text          0x0000000000006360      0x114 /opt/toolchains/gen//m68k-elf/lib/libmd.a(psg.o)
                0x0000000000006360                PSG_init
                0x000000000000638c                PSG_write
                0x0000000000006396                PSG_setEnvelope
                0x00000000000063b6                PSG_setTone
                0x00000000000063e6                PSG_setFrequency
                0x000000000000644c                PSG_setNoise
 .text          0x0000000000006474        0x0 /opt/toolchains/gen//m68k-elf/lib/libmd.a(z80_vgm.o)
 .text          0x0000000000006474      0x3ec /opt/toolchains/gen//m68k-elf/lib/libmd.a(vdp_spr.o)
                0x0000000000006474                VDP_resetSprites
                0x000000000000648c                VDP_resetSpritesDirect
                0x00000000000064ce                VDP_setSprite
                0x000000000000652a                VDP_setSpriteP
                0x0000000000006576                VDP_setSpriteDirect
                0x00000000000065f8                VDP_setSpriteDirectP
                0x000000000000667a                VDP_setSpritePosition
                0x00000000000066ba                VDP_setSpritesDirect
                0x000000000000674c                VDP_setSprites
                0x00000000000067be                VDP_updateSprites
 .text          0x0000000000006860        0x0 /opt/toolchains/gen//m68k-elf/lib/libmd.a(tab_cnv.o)
 .text          0x0000000000006860      0x266 /opt/toolchains/gen//m68k-elf/lib/libmd.a(vdp_dma.o)
                0x0000000000006860                VDP_doDMAEx
                0x00000000000069b0                VDP_doDMA
                0x00000000000069da                VDP_doVRamDMAFill
                0x0000000000006a4e                VDP_doVRamDMACopy
 *fill*         0x0000000000006ac6        0x2 
 .text          0x0000000000006ac8     0x111e /opt/toolchains/gen//m68k-elf/lib/libmd.a(bmp.o)
                0x0000000000006c1c                BMP_end
                0x0000000000006c80                BMP_hasFlipRequestPending
                0x0000000000006c8e                BMP_waitWhileFlipRequestPending
                0x0000000000006c9e                BMP_hasFlipInProgess
                0x0000000000006caa                BMP_waitFlipComplete
                0x0000000000006cba                BMP_flip
                0x0000000000006d0e                BMP_drawText
                0x0000000000006d6c                BMP_clearText
                0x0000000000006dc8                BMP_clearTextLine
                0x0000000000006e08                BMP_showFPS
                0x0000000000006eda                BMP_clear
                0x0000000000006eea                BMP_reset
                0x000000000000700c                BMP_init
                0x000000000000704a                BMP_getWritePointer
                0x0000000000007070                BMP_getReadPointer
                0x0000000000007096                BMP_getPixel
                0x00000000000070ce                BMP_setPixel
                0x0000000000007106                BMP_setPixels_V2D
                0x0000000000007156                BMP_setPixels
                0x00000000000071b0                BMP_drawBitmapData
                0x0000000000007252                BMP_drawBitmap
                0x0000000000007326                BMP_loadBitmapData
                0x0000000000007358                BMP_loadBitmap
                0x000000000000737e                BMP_getBitmapPalette
                0x000000000000739a                BMP_scale
                0x0000000000007474                BMP_drawBitmapScaled
                0x000000000000757e                BMP_loadAndScaleBitmap
                0x00000000000075b4                BMP_doVBlankProcess
                0x00000000000075bc                BMP_doHBlankProcess
 *fill*         0x0000000000007be6        0x2 
 .text          0x0000000000007be8      0x1d4 /opt/toolchains/gen//m68k-elf/lib/libmd.a(timer.o)
                0x0000000000007be8                getSubTick
                0x0000000000007c3a                getTick
                0x0000000000007c66                getTime
                0x0000000000007c88                getTimeAsFix32
                0x0000000000007c9c                startTimer
                0x0000000000007cbe                getTimer
                0x0000000000007d02                waitSubTick
                0x0000000000007d4a                waitTick
                0x0000000000007d8c                waitMs
 .text          0x0000000000007dbc      0x65c /opt/toolchains/gen//m68k-elf/lib/libmd.a(tile_cache.o)
                0x0000000000007e5c                TC_init
                0x0000000000007e94                TC_end
                0x0000000000007ef6                TC_createCacheEx
                0x0000000000007f3c                TC_createCache
                0x0000000000007f5e                TC_releaseCache
                0x0000000000007f70                TC_clearCache
                0x0000000000007f82                TC_flushCache
                0x0000000000007f8c                TC_alloc
                0x0000000000008276                TC_reAlloc
                0x0000000000008302                TC_free
                0x000000000000837c                TC_getTileIndex
                0x00000000000083ca                TC_uploadAtVBlank
                0x00000000000083fe                TC_doVBlankProcess
 .text          0x0000000000008418      0x80c /opt/toolchains/gen//m68k-elf/lib/libmd.a(vdp_bg.o)
                0x0000000000008418                VDP_setHorizontalScroll
                0x0000000000008464                VDP_setHorizontalScrollTile
                0x000000000000850a                VDP_setHorizontalScrollLine
                0x00000000000085b0                VDP_setVerticalScroll
                0x00000000000085ee                VDP_setVerticalScrollTile
                0x0000000000008684                VDP_clearPlan
                0x000000000000873a                VDP_getTextPlan
                0x0000000000008756                VDP_getTextPalette
                0x0000000000008766                VDP_getTextPriority
                0x0000000000008772                VDP_setTextPlan
                0x0000000000008796                VDP_setTextPalette
                0x00000000000087b6                VDP_setTextPriority
                0x00000000000087d4                VDP_drawTextBG
                0x0000000000008880                VDP_clearTextBG
                0x00000000000088b2                VDP_clearTextLineBG
                0x00000000000088e8                VDP_drawText
                0x000000000000891c                VDP_clearText
                0x000000000000894a                VDP_clearTextLine
                0x0000000000008966                VDP_drawBitmapEx
                0x0000000000008a76                VDP_drawBitmap
                0x0000000000008afe                VDP_drawImageEx
                0x0000000000008ba6                VDP_drawImage
 *fill*         0x0000000000008c24       0xdc 
 .text          0x0000000000008d00       0x80 /opt/toolchains/gen//m68k-elf/lib/libmd.a(smp_null_pcm.o)
                0x0000000000008d00                smp_null_pcm
 .text          0x0000000000008d80      0x102 /opt/toolchains/gen//m68k-elf/lib/libmd.a(vdp_tile_a.o)
                0x0000000000008d80                VDP_loadTileData
                0x0000000000008dfc                VDP_loadBMPTileData
 *fill*         0x0000000000008e82        0x2 
 .text          0x0000000000008e84      0x1b8 /opt/toolchains/gen//m68k-elf/lib/libmd.a(memory_a.o)
                0x0000000000008e84                memset
                0x0000000000008efc                memsetU16
                0x0000000000008f5a                memsetU32
                0x0000000000008f98                memcpy
 .text          0x000000000000903c      0x15c /opt/toolchains/gen//m68k-elf/lib/libmd.a(vdp_pal_a.o)
                0x000000000000903c                VDP_getPaletteColors
                0x00000000000090a2                VDP_setPaletteColors
                0x0000000000009108                VDP_getPalette
                0x0000000000009150                VDP_setPalette
 .text          0x0000000000009198       0x48 /opt/toolchains/gen//m68k-elf/lib/libmd.a(sys_a.o)
                0x0000000000009198                SYS_assertReset
                0x000000000000919c                SYS_reset
                0x00000000000091aa                SYS_getInterruptMaskLevel
                0x00000000000091b4                SYS_setInterruptMaskLevel
                0x00000000000091c6                SYS_getAndSetInterruptMaskLevel
 .text          0x00000000000091e0       0x88 /opt/toolchains/gen//m68k-elf/lib/libmd.a(kdebug.o)
                0x00000000000091e0                KDebug_Halt
                0x00000000000091ea                KDebug_Alert
                0x0000000000009206                KDebug_AlertNumber
                0x0000000000009254                KDebug_StartTimer
                0x000000000000925e                KDebug_StopTimer
 *fill*         0x0000000000009268       0x98 
 .text          0x0000000000009300      0x100 /opt/toolchains/gen//m68k-elf/lib/libmd.a(smp_null.o)
                0x0000000000009300                smp_null
 .text          0x0000000000009400     0x13f8 /opt/toolchains/gen//m68k-elf/lib/libmd.a(bmp_a.o)
                0x0000000000009400                clearBitmapBuffer
                0x0000000000009542                BMP_clipLine
                0x000000000000955e                BMP_drawLine
                0x00000000000095ce                BMP_isPolygonCulled
                0x0000000000009efc                BMP_drawPolygon
 .text          0x000000000000a7f8      0x10a /opt/toolchains/gen//m68k-elf/lib/libmd.a(tools_a.o)
                0x000000000000a7f8                aplib_unpack
                0x000000000000a7fe                aplib_decrunch
                0x000000000000a8a0                uftc_unpack
 *fill*         0x000000000000a902        0x2 
 .text          0x000000000000a904      0xb26 /opt/toolchains/gen//m68k-elf/lib/libmd.a(z80_drv1.o)
                0x000000000000a904                z80_drv1
 *fill*         0x000000000000b42a        0x2 
 .text          0x000000000000b42c      0xe00 /opt/toolchains/gen//m68k-elf/lib/libmd.a(z80_drv2.o)
                0x000000000000b42c                z80_drv2
 .text          0x000000000000c22c      0xa5c /opt/toolchains/gen//m68k-elf/lib/libmd.a(z80_mvs.o)
                0x000000000000c22c                z80_mvs
 .text          0x000000000000cc88      0xa64 /opt/toolchains/gen//m68k-elf/lib/libmd.a(z80_drv3.o)
                0x000000000000cc88                z80_drv3
 .text          0x000000000000d6ec     0x1700 /opt/toolchains/gen//m68k-elf/lib/libmd.a(z80_xgm.o)
                0x000000000000d6ec                z80_xgm
 .text          0x000000000000edec      0x69e /opt/toolchains/gen//m68k-elf/lib/libmd.a(z80_tfm.o)
                0x000000000000edec                z80_tfm
 *fill*         0x000000000000f48a        0x2 
 .text          0x000000000000f48c        0x0 /opt/toolchains/gen//m68k-elf/lib/libmd.a(libres.o)
 .text          0x000000000000f48c        0x0 /opt/toolchains/gen//m68k-elf/lib/libmd.a(tab_vol.o)
 .text          0x000000000000f48c      0x656 /opt/toolchains/gen//m68k-elf/lib/libmd.a(maths.o)
                0x000000000000f48c                random
                0x000000000000f4ac                intToBCD
                0x000000000000f540                distance_approx
                0x000000000000f592                Partition_u8
                0x000000000000f614                QSort_u8
                0x000000000000f662                Partition_s8
                0x000000000000f6e4                QSort_s8
                0x000000000000f732                Partition_u16
                0x000000000000f7c2                QSort_u16
                0x000000000000f810                Partition_s16
                0x000000000000f8a0                QSort_s16
                0x000000000000f8ee                Partition_u32
                0x000000000000f99a                QSort_u32
                0x000000000000f9e8                Partition_s32
                0x000000000000fa94                QSort_s32
 *fill*         0x000000000000fae2        0x2 
 .text          0x000000000000fae4      0x8d2 /opt/toolchains/gen//m68k-elf/lib/libmd.a(string.o)
                0x000000000000fae4                strlen
                0x000000000000fbd0                strnlen
                0x000000000000fc0e                strcmp
                0x000000000000fc2e                strclr
                0x000000000000fc38                strcpy
                0x000000000000fc4a                strcat
                0x000000000000fc64                strreplace
                0x000000000000fc88                intToStr
                0x000000000000fcb6                uintToStr
                0x000000000000fcd2                intToHex
                0x000000000000fd86                fix32ToStr
                0x000000000000fe06                fix16ToStr
                0x000000000000fe80                sprintf
 *fill*         0x00000000000103b6        0x2 
 .text          0x00000000000103b8     0x1804 /opt/toolchains/gen//m68k-elf/lib/libmd.a(joy.o)
                0x0000000000010e50                JOY_setEventHandler
                0x0000000000010e5a                JOY_setSupport
                0x0000000000011292                JOY_init
                0x00000000000115d2                JOY_getPortType
                0x00000000000115f2                JOY_getJoypadType
                0x0000000000011612                JOY_readJoypad
                0x0000000000011662                JOY_readJoypadX
                0x0000000000011684                JOY_readJoypadY
                0x00000000000116a6                JOY_update
                0x0000000000011ac8                JOY_waitPressTime
                0x0000000000011b6e                JOY_waitPressBtn
                0x0000000000011b84                JOY_waitPressBtnTime
                0x0000000000011ba0                JOY_waitPress
 .text          0x0000000000011bbc        0xc /opt/toolchains/gen//m68k-elf/lib/libmd.a(types.o)
                0x0000000000011bbc                getZeroU8
                0x0000000000011bc0                getZeroU16
                0x0000000000011bc4                getZeroU32
 .text          0x0000000000011bc8       0x22 /opt/toolchains/gen//m68k-elf/lib/gcc/m68k-elf/4.8.2/libgcc.a(_mulsi3.o)
                0x0000000000011bc8                __mulsi3
 *fill*         0x0000000000011bea        0x2 
 .text          0x0000000000011bec       0x5c /opt/toolchains/gen//m68k-elf/lib/gcc/m68k-elf/4.8.2/libgcc.a(_udivsi3.o)
                0x0000000000011bec                __udivsi3
 .text          0x0000000000011c48       0x2e /opt/toolchains/gen//m68k-elf/lib/gcc/m68k-elf/4.8.2/libgcc.a(_divsi3.o)
                0x0000000000011c48                __divsi3
 *fill*         0x0000000000011c76        0x2 
 .text          0x0000000000011c78       0x2e /opt/toolchains/gen//m68k-elf/lib/gcc/m68k-elf/4.8.2/libgcc.a(_umodsi3.o)
                0x0000000000011c78                __umodsi3
 *fill*         0x0000000000011ca6        0x2 
 .text          0x0000000000011ca8        0x0 res/testm.o
 .text          0x0000000000011ca8     0x124c main.o
                0x0000000000011ca8                in_range
                0x0000000000011cc4                gsrand
                0x0000000000011cf0                tile_draw
                0x0000000000011d78                sprite_set
                0x0000000000011e16                redraw_tiles
                0x0000000000011ea4                redraw_things
                0x0000000000011f28                draw_health
                0x0000000000011f60                draw_depth
                0x0000000000011f9e                screen_game
                0x0000000000011fac                screen_victory
                0x0000000000011fce                screen_dead
                0x0000000000011ff0                position_find_valid
                0x000000000001206a                thing_make
                0x0000000000012134                thing_put
                0x00000000000121fa                things_generate
                0x0000000000012340                thing_collide
                0x000000000001243c                thing_destroy
                0x00000000000124ba                thing_damage
                0x00000000000124f0                level_generate_room
                0x00000000000125a4                room_open_connections
                0x000000000001265a                level_unconnected_rooms
                0x0000000000012682                level_get_first_unconnected
                0x00000000000126c6                level_connect_rooms
                0x00000000000128bc                level_generate
                0x0000000000012b5e                thing_interact
                0x0000000000012bf8                thing_move
                0x0000000000012c90                thing_move_toward
                0x0000000000012e24                joypad_handle
 .text          0x0000000000012ef4      0x850 /opt/toolchains/gen//m68k-elf/lib/libmd.a(sprite_eng.o)
                0x000000000001306e                SPR_isInitialized
                0x000000000001307c                SPR_setPosition
                0x00000000000130b4                SPR_setAttribut
                0x00000000000130d6                SPR_setAnimAndFrame
                0x0000000000013142                SPR_initSprite
                0x00000000000131a2                SPR_setAnim
                0x00000000000131fa                SPR_setFrame
                0x0000000000013256                SPR_nextFrame
                0x000000000001327c                SPR_setVRAMTileIndex
                0x00000000000132a4                SPR_setAlwaysVisible
                0x00000000000132ca                SPR_setNeverVisible
                0x00000000000132f0                SPR_clear
                0x0000000000013322                SPR_end
                0x000000000001335a                SPR_init
                0x00000000000133bc                SPR_update
                0x0000000000013744                . = ALIGN (0x4)
                0x0000000000013744                __CTOR_LIST__ = .
                0x0000000000013744        0x4 LONG 0x0 (((__CTOR_END__ - __CTOR_LIST__) / 0x4) - 0x2)
 *(.ctors)
                0x0000000000013748        0x4 LONG 0x0
                0x000000000001374c                __CTOR_END__ = .
                0x000000000001374c                __DTOR_LIST__ = .
                0x000000000001374c        0x4 LONG 0x0 (((__DTOR_END__ - __DTOR_LIST__) / 0x4) - 0x2)
 *(.dtors)
                0x0000000000013750        0x4 LONG 0x0
                0x0000000000013754                __DTOR_END__ = .
 *(.rodata .rodata.*)
 .rodata.str1.1
                0x0000000000013754      0x13c /opt/toolchains/gen//m68k-elf/lib/libmd.a(sys.o)
                                        0x13e (size before relaxing)
 .rodata.str1.1
                0x0000000000013890       0x21 /opt/toolchains/gen//m68k-elf/lib/libmd.a(vdp.o)
                                         0x4c (size before relaxing)
 *fill*         0x00000000000138b1        0x1 
 .rodata        0x00000000000138b2        0x4 /opt/toolchains/gen//m68k-elf/lib/libmd.a(vdp.o)
                0x00000000000138b2                PLAN_A
                0x00000000000138b4                PLAN_B
 .rodata.str1.1
                0x0000000000000000        0x2 /opt/toolchains/gen//m68k-elf/lib/libmd.a(tools.o)
 .rodata        0x00000000000138b6      0x104 /opt/toolchains/gen//m68k-elf/lib/libmd.a(vdp_pal.o)
                0x00000000000138b6                palette_blue
                0x00000000000138d6                palette_green
                0x00000000000138f6                palette_red
                0x0000000000013916                palette_grey
                0x0000000000013936                palette_black
                0x000000000001393a                palette_black_all
 .rodata        0x00000000000139ba      0xe40 /opt/toolchains/gen//m68k-elf/lib/libmd.a(z80_vgm.o)
                0x00000000000139ba                z80_vgm
 .rodata        0x00000000000147fa      0x6f4 /opt/toolchains/gen//m68k-elf/lib/libmd.a(tab_cnv.o)
                0x00000000000147fa                cnv_bcd_tab
                0x000000000001485e                cnv_8to32_tab
                0x0000000000014c5e                cnv_8to16_tab
                0x0000000000014e5e                cnv_4to32_tab
                0x0000000000014e9e                cnv_4to16_tab
                0x0000000000014ebe                cnv_4to8_tab
                0x0000000000014ece                cnv_2to32_tab
                0x0000000000014ede                cnv_2to16_tab
                0x0000000000014ee6                cnv_2to8_tab
                0x0000000000014eea                cnv_2to4_tab
 .rodata        0x0000000000014eee      0xcec /opt/toolchains/gen//m68k-elf/lib/libmd.a(libres.o)
                0x0000000000015894                logo_lib
                0x0000000000015afe                font_lib
                0x0000000000015b26                font_pal_lib
                0x0000000000015b2e                stop_xgm
 .rodata        0x0000000000015bda     0x1000 /opt/toolchains/gen//m68k-elf/lib/libmd.a(tab_vol.o)
                0x0000000000015bda                tab_vol
 .rodata.str1.1
                0x0000000000016bda       0x29 /opt/toolchains/gen//m68k-elf/lib/libmd.a(string.o)
 *fill*         0x0000000000016c03        0x1 
 .rodata        0x0000000000016c04       0x18 /opt/toolchains/gen//m68k-elf/lib/libmd.a(joy.o)
 .rodata        0x0000000000016c1c       0x94 res/testm.o
                0x0000000000016ca6                testm
 .rodata.str1.1
                0x0000000000016cb0       0x37 main.o
 *fill*         0x0000000000016ce7        0x1 
 .rodata        0x0000000000016ce8      0x12c main.o
                0x0000000000016d08                roomsize
                0x0000000000016d0c                maparraysize
                0x0000000000016d10                mapsize
                0x0000000000016d14                tile_scroll
                0x0000000000016d34                tile_ptn
                0x0000000000016d54                tile_wpn
                0x0000000000016d74                tile_hero
                0x0000000000016d94                tile_stairs
                0x0000000000016db4                tile_floor
                0x0000000000016dd4                tile_wall
                0x0000000000016df4                tile_null
 *(.gcc_except_table .gcc_except_table.*)
                0x0000000000016e14                . = ALIGN (0x4)
                0x0000000000016e14                __INIT_SECTION__ = .
 *(.init)
                0x0000000000016e14        0x2 SHORT 0x4e75
                0x0000000000016e16                __FINI_SECTION__ = .
 *(.fini)
                0x0000000000016e16        0x2 SHORT 0x4e75
                0x0000000000016e18                _etext = .
 *(.lit)
                0x0000000000016e18                _stext = SIZEOF (.text)

.data           0x0000000000ff0000        0x8 load address 0x0000000000016e18
 *(.got.plt)
 *(.got)
 *(.shdata)
 *(.data .data.*)
 .data          0x0000000000ff0000        0x0 boot/sega.o
 .data          0x0000000000ff0000        0x0 /opt/toolchains/gen//m68k-elf/lib/libmd.a(sys.o)
 .data          0x0000000000ff0000        0x0 /opt/toolchains/gen//m68k-elf/lib/libmd.a(vdp.o)
 .data          0x0000000000ff0000        0x4 /opt/toolchains/gen//m68k-elf/lib/libmd.a(dma.o)
 .data          0x0000000000ff0004        0x0 /opt/toolchains/gen//m68k-elf/lib/libmd.a(tools.o)
 .data          0x0000000000ff0004        0x0 /opt/toolchains/gen//m68k-elf/lib/libmd.a(memory.o)
 .data          0x0000000000ff0004        0x0 /opt/toolchains/gen//m68k-elf/lib/libmd.a(vdp_tile.o)
 .data          0x0000000000ff0004        0x0 /opt/toolchains/gen//m68k-elf/lib/libmd.a(z80_ctrl.o)
 .data          0x0000000000ff0004        0x0 /opt/toolchains/gen//m68k-elf/lib/libmd.a(sound.o)
 .data          0x0000000000ff0004        0x0 /opt/toolchains/gen//m68k-elf/lib/libmd.a(ym2612.o)
 .data          0x0000000000ff0004        0x0 /opt/toolchains/gen//m68k-elf/lib/libmd.a(vdp_pal.o)
 .data          0x0000000000ff0004        0x0 /opt/toolchains/gen//m68k-elf/lib/libmd.a(psg.o)
 .data          0x0000000000ff0004        0x0 /opt/toolchains/gen//m68k-elf/lib/libmd.a(z80_vgm.o)
 .data          0x0000000000ff0004        0x0 /opt/toolchains/gen//m68k-elf/lib/libmd.a(vdp_spr.o)
 .data          0x0000000000ff0004        0x0 /opt/toolchains/gen//m68k-elf/lib/libmd.a(tab_cnv.o)
 .data          0x0000000000ff0004        0x0 /opt/toolchains/gen//m68k-elf/lib/libmd.a(vdp_dma.o)
 .data          0x0000000000ff0004        0x0 /opt/toolchains/gen//m68k-elf/lib/libmd.a(bmp.o)
 .data          0x0000000000ff0004        0x0 /opt/toolchains/gen//m68k-elf/lib/libmd.a(timer.o)
 .data          0x0000000000ff0004        0x0 /opt/toolchains/gen//m68k-elf/lib/libmd.a(tile_cache.o)
 .data          0x0000000000ff0004        0x0 /opt/toolchains/gen//m68k-elf/lib/libmd.a(vdp_bg.o)
 .data          0x0000000000ff0004        0x0 /opt/toolchains/gen//m68k-elf/lib/libmd.a(smp_null_pcm.o)
 .data          0x0000000000ff0004        0x0 /opt/toolchains/gen//m68k-elf/lib/libmd.a(vdp_tile_a.o)
 .data          0x0000000000ff0004        0x0 /opt/toolchains/gen//m68k-elf/lib/libmd.a(memory_a.o)
 .data          0x0000000000ff0004        0x0 /opt/toolchains/gen//m68k-elf/lib/libmd.a(vdp_pal_a.o)
 .data          0x0000000000ff0004        0x0 /opt/toolchains/gen//m68k-elf/lib/libmd.a(sys_a.o)
 .data          0x0000000000ff0004        0x0 /opt/toolchains/gen//m68k-elf/lib/libmd.a(kdebug.o)
 .data          0x0000000000ff0004        0x0 /opt/toolchains/gen//m68k-elf/lib/libmd.a(smp_null.o)
 .data          0x0000000000ff0004        0x0 /opt/toolchains/gen//m68k-elf/lib/libmd.a(bmp_a.o)
 .data          0x0000000000ff0004        0x0 /opt/toolchains/gen//m68k-elf/lib/libmd.a(tools_a.o)
 .data          0x0000000000ff0004        0x0 /opt/toolchains/gen//m68k-elf/lib/libmd.a(z80_drv1.o)
 .data          0x0000000000ff0004        0x0 /opt/toolchains/gen//m68k-elf/lib/libmd.a(z80_drv2.o)
 .data          0x0000000000ff0004        0x0 /opt/toolchains/gen//m68k-elf/lib/libmd.a(z80_mvs.o)
 .data          0x0000000000ff0004        0x0 /opt/toolchains/gen//m68k-elf/lib/libmd.a(z80_drv3.o)
 .data          0x0000000000ff0004        0x0 /opt/toolchains/gen//m68k-elf/lib/libmd.a(z80_xgm.o)
 .data          0x0000000000ff0004        0x0 /opt/toolchains/gen//m68k-elf/lib/libmd.a(z80_tfm.o)
 .data          0x0000000000ff0004        0x0 /opt/toolchains/gen//m68k-elf/lib/libmd.a(libres.o)
 .data          0x0000000000ff0004        0x0 /opt/toolchains/gen//m68k-elf/lib/libmd.a(tab_vol.o)
 .data          0x0000000000ff0004        0x0 /opt/toolchains/gen//m68k-elf/lib/libmd.a(maths.o)
 .data          0x0000000000ff0004        0x0 /opt/toolchains/gen//m68k-elf/lib/libmd.a(string.o)
 .data          0x0000000000ff0004        0x0 /opt/toolchains/gen//m68k-elf/lib/libmd.a(joy.o)
 .data          0x0000000000ff0004        0x0 /opt/toolchains/gen//m68k-elf/lib/libmd.a(types.o)
 .data          0x0000000000ff0004        0x0 /opt/toolchains/gen//m68k-elf/lib/gcc/m68k-elf/4.8.2/libgcc.a(_mulsi3.o)
 .data          0x0000000000ff0004        0x0 /opt/toolchains/gen//m68k-elf/lib/gcc/m68k-elf/4.8.2/libgcc.a(_udivsi3.o)
 .data          0x0000000000ff0004        0x0 /opt/toolchains/gen//m68k-elf/lib/gcc/m68k-elf/4.8.2/libgcc.a(_divsi3.o)
 .data          0x0000000000ff0004        0x0 /opt/toolchains/gen//m68k-elf/lib/gcc/m68k-elf/4.8.2/libgcc.a(_umodsi3.o)
 .data          0x0000000000ff0004        0x0 res/testm.o
 .data          0x0000000000ff0004        0x4 main.o
                0x0000000000ff0004                maxdepth
 .data          0x0000000000ff0008        0x0 /opt/toolchains/gen//m68k-elf/lib/libmd.a(sprite_eng.o)
                0x0000000000ff0008                _edata = .
                0x0000000000000008                _sdata = SIZEOF (.data)

.bss            0x0000000000ff0008     0x1f36 load address 0x0000000000016e20
                0x0000000000ff0008                _start = .
 *(.shbss)
 *(.bss .bss.*)
 .bss           0x0000000000ff0008        0x0 boot/sega.o
 .bss           0x0000000000ff0008       0x14 /opt/toolchains/gen//m68k-elf/lib/libmd.a(sys.o)
 .bss           0x0000000000ff001c       0x13 /opt/toolchains/gen//m68k-elf/lib/libmd.a(vdp.o)
 *fill*         0x0000000000ff002f        0x1 
 .bss           0x0000000000ff0030        0xc /opt/toolchains/gen//m68k-elf/lib/libmd.a(dma.o)
 .bss           0x0000000000ff003c       0x10 /opt/toolchains/gen//m68k-elf/lib/libmd.a(tools.o)
 .bss           0x0000000000ff004c        0x8 /opt/toolchains/gen//m68k-elf/lib/libmd.a(memory.o)
 .bss           0x0000000000ff0054        0x0 /opt/toolchains/gen//m68k-elf/lib/libmd.a(vdp_tile.o)
 .bss           0x0000000000ff0054        0x0 /opt/toolchains/gen//m68k-elf/lib/libmd.a(z80_ctrl.o)
 .bss           0x0000000000ff0054       0x8c /opt/toolchains/gen//m68k-elf/lib/libmd.a(sound.o)
 .bss           0x0000000000ff00e0        0x0 /opt/toolchains/gen//m68k-elf/lib/libmd.a(ym2612.o)
 .bss           0x0000000000ff00e0      0x386 /opt/toolchains/gen//m68k-elf/lib/libmd.a(vdp_pal.o)
 *fill*         0x0000000000ff0466        0x2 
 .bss           0x0000000000ff0468        0x0 /opt/toolchains/gen//m68k-elf/lib/libmd.a(psg.o)
 .bss           0x0000000000ff0468        0x0 /opt/toolchains/gen//m68k-elf/lib/libmd.a(z80_vgm.o)
 .bss           0x0000000000ff0468        0x0 /opt/toolchains/gen//m68k-elf/lib/libmd.a(vdp_spr.o)
 .bss           0x0000000000ff0468        0x0 /opt/toolchains/gen//m68k-elf/lib/libmd.a(tab_cnv.o)
 .bss           0x0000000000ff0468        0x0 /opt/toolchains/gen//m68k-elf/lib/libmd.a(vdp_dma.o)
 .bss           0x0000000000ff0468       0x14 /opt/toolchains/gen//m68k-elf/lib/libmd.a(bmp.o)
 .bss           0x0000000000ff047c       0x40 /opt/toolchains/gen//m68k-elf/lib/libmd.a(timer.o)
 .bss           0x0000000000ff04bc        0x4 /opt/toolchains/gen//m68k-elf/lib/libmd.a(tile_cache.o)
 .bss           0x0000000000ff04c0        0x0 /opt/toolchains/gen//m68k-elf/lib/libmd.a(vdp_bg.o)
 .bss           0x0000000000ff04c0        0x0 /opt/toolchains/gen//m68k-elf/lib/libmd.a(smp_null_pcm.o)
 .bss           0x0000000000ff04c0        0x0 /opt/toolchains/gen//m68k-elf/lib/libmd.a(vdp_tile_a.o)
 .bss           0x0000000000ff04c0        0x0 /opt/toolchains/gen//m68k-elf/lib/libmd.a(memory_a.o)
 .bss           0x0000000000ff04c0        0x0 /opt/toolchains/gen//m68k-elf/lib/libmd.a(vdp_pal_a.o)
 .bss           0x0000000000ff04c0        0x0 /opt/toolchains/gen//m68k-elf/lib/libmd.a(sys_a.o)
 .bss           0x0000000000ff04c0        0x0 /opt/toolchains/gen//m68k-elf/lib/libmd.a(kdebug.o)
 .bss           0x0000000000ff04c0        0x0 /opt/toolchains/gen//m68k-elf/lib/libmd.a(smp_null.o)
 .bss           0x0000000000ff04c0        0x0 /opt/toolchains/gen//m68k-elf/lib/libmd.a(bmp_a.o)
 .bss           0x0000000000ff04c0        0x0 /opt/toolchains/gen//m68k-elf/lib/libmd.a(tools_a.o)
 .bss           0x0000000000ff04c0        0x0 /opt/toolchains/gen//m68k-elf/lib/libmd.a(z80_drv1.o)
 .bss           0x0000000000ff04c0        0x0 /opt/toolchains/gen//m68k-elf/lib/libmd.a(z80_drv2.o)
 .bss           0x0000000000ff04c0        0x0 /opt/toolchains/gen//m68k-elf/lib/libmd.a(z80_mvs.o)
 .bss           0x0000000000ff04c0        0x0 /opt/toolchains/gen//m68k-elf/lib/libmd.a(z80_drv3.o)
 .bss           0x0000000000ff04c0        0x0 /opt/toolchains/gen//m68k-elf/lib/libmd.a(z80_xgm.o)
 .bss           0x0000000000ff04c0        0x0 /opt/toolchains/gen//m68k-elf/lib/libmd.a(z80_tfm.o)
 .bss           0x0000000000ff04c0        0x0 /opt/toolchains/gen//m68k-elf/lib/libmd.a(libres.o)
 .bss           0x0000000000ff04c0        0x0 /opt/toolchains/gen//m68k-elf/lib/libmd.a(tab_vol.o)
 .bss           0x0000000000ff04c0        0x0 /opt/toolchains/gen//m68k-elf/lib/libmd.a(maths.o)
 .bss           0x0000000000ff04c0        0x0 /opt/toolchains/gen//m68k-elf/lib/libmd.a(string.o)
 .bss           0x0000000000ff04c0       0x46 /opt/toolchains/gen//m68k-elf/lib/libmd.a(joy.o)
 *fill*         0x0000000000ff0506        0x2 
 .bss           0x0000000000ff0508        0x0 /opt/toolchains/gen//m68k-elf/lib/libmd.a(types.o)
 .bss           0x0000000000ff0508        0x0 /opt/toolchains/gen//m68k-elf/lib/gcc/m68k-elf/4.8.2/libgcc.a(_mulsi3.o)
 .bss           0x0000000000ff0508        0x0 /opt/toolchains/gen//m68k-elf/lib/gcc/m68k-elf/4.8.2/libgcc.a(_udivsi3.o)
 .bss           0x0000000000ff0508        0x0 /opt/toolchains/gen//m68k-elf/lib/gcc/m68k-elf/4.8.2/libgcc.a(_divsi3.o)
 .bss           0x0000000000ff0508        0x0 /opt/toolchains/gen//m68k-elf/lib/gcc/m68k-elf/4.8.2/libgcc.a(_umodsi3.o)
 .bss           0x0000000000ff0508        0x0 res/testm.o
 .bss           0x0000000000ff0508       0x28 main.o
                0x0000000000ff0508                depth
                0x0000000000ff050c                connections
 .bss           0x0000000000ff0530       0x14 /opt/toolchains/gen//m68k-elf/lib/libmd.a(sprite_eng.o)
                0x0000000000ff0530                VDPSpriteCache
 *(COMMON)
 COMMON         0x0000000000ff0544       0x94 /opt/toolchains/gen//m68k-elf/lib/libmd.a(sys.o)
                0x0000000000ff0544                illegalInstCB
                0x0000000000ff0548                errorExceptionCB
                0x0000000000ff054c                trapvInstCB
                0x0000000000ff0550                chkInstCB
                0x0000000000ff0554                registerState
                0x0000000000ff0594                srState
                0x0000000000ff0596                line1x1xCB
                0x0000000000ff059a                ext2State
                0x0000000000ff059c                traceCB
                0x0000000000ff05a0                intTrace
                0x0000000000ff05a2                zeroDivideCB
                0x0000000000ff05a6                internalExtIntCB
                0x0000000000ff05aa                internalVIntCB
                0x0000000000ff05ae                intCB
                0x0000000000ff05b2                addressErrorCB
                0x0000000000ff05b6                VIntProcess
                0x0000000000ff05ba                ExtIntProcess
                0x0000000000ff05be                HIntProcess
                0x0000000000ff05c2                privilegeViolationCB
                0x0000000000ff05c6                pcState
                0x0000000000ff05ca                ext1State
                0x0000000000ff05cc                busErrorCB
                0x0000000000ff05d0                internalHIntCB
                0x0000000000ff05d4                addrState
 COMMON         0x0000000000ff05d8        0xe /opt/toolchains/gen//m68k-elf/lib/libmd.a(vdp.o)
                0x0000000000ff05d8                slist_adr
                0x0000000000ff05da                hscrl_adr
                0x0000000000ff05dc                screenHeight
                0x0000000000ff05de                screenWidth
                0x0000000000ff05e0                aplan_adr
                0x0000000000ff05e2                bplan_adr
                0x0000000000ff05e4                window_adr
 COMMON         0x0000000000ff05e6      0x200 /opt/toolchains/gen//m68k-elf/lib/libmd.a(dma.o)
                0x0000000000ff05e6                dmaQueues
 COMMON         0x0000000000ff07e6        0x4 /opt/toolchains/gen//m68k-elf/lib/libmd.a(z80_ctrl.o)
                0x0000000000ff07e6                driverFlags
                0x0000000000ff07e8                currentDriver
 COMMON         0x0000000000ff07ea      0x282 /opt/toolchains/gen//m68k-elf/lib/libmd.a(vdp_spr.o)
                0x0000000000ff07ea                spriteNum
                0x0000000000ff07ec                vdpSpriteCache
 COMMON         0x0000000000ff0a6c        0x8 /opt/toolchains/gen//m68k-elf/lib/libmd.a(bmp.o)
                0x0000000000ff0a6c                bmp_buffer_write
                0x0000000000ff0a70                bmp_buffer_read
 COMMON         0x0000000000ff0a74        0x4 /opt/toolchains/gen//m68k-elf/lib/libmd.a(timer.o)
                0x0000000000ff0a74                vtimer
 COMMON         0x0000000000ff0a78        0x4 /opt/toolchains/gen//m68k-elf/lib/libmd.a(tile_cache.o)
                0x0000000000ff0a78                uploads
 COMMON         0x0000000000ff0a7c        0x8 /opt/toolchains/gen//m68k-elf/lib/libmd.a(vdp_bg.o)
                0x0000000000ff0a7c                text_basetile
                0x0000000000ff0a7e                curTileInd
                0x0000000000ff0a80                text_plan
 COMMON         0x0000000000ff0a84        0x2 /opt/toolchains/gen//m68k-elf/lib/libmd.a(maths.o)
                0x0000000000ff0a84                randbase
 COMMON         0x0000000000ff0a86     0x14b8 main.o
                0x0000000000ff0a86                things
                0x0000000000ff0e06                player
                0x0000000000ff0e22                sprite
                0x0000000000ff12c6                blocker
                0x0000000000ff12e2                maparray
                0x0000000000ff1f22                empty
                0x0000000000ff1f3e                _bend = .

.stab
 *(.stab)

.stabstr
 *(.stabstr)

.eh_frame
 *(.eh_frame)
LOAD boot/sega.o
LOAD /opt/toolchains/gen//m68k-elf/lib/libmd.a
LOAD /opt/toolchains/gen//m68k-elf/lib/gcc/m68k-elf/4.8.2/libgcc.a
LOAD res/testm.o
LOAD main.o
LOAD /opt/toolchains/gen//m68k-elf/lib/libmd.a
LOAD /opt/toolchains/gen//m68k-elf/m68k-elf/lib/libnosys.a
OUTPUT(out.elf elf32-m68k)

.comment        0x0000000000000000       0x11
 .comment       0x0000000000000000       0x11 /opt/toolchains/gen//m68k-elf/lib/libmd.a(sys.o)
                                         0x12 (size before relaxing)
 .comment       0x0000000000000000       0x12 /opt/toolchains/gen//m68k-elf/lib/libmd.a(vdp.o)
 .comment       0x0000000000000000       0x12 /opt/toolchains/gen//m68k-elf/lib/libmd.a(dma.o)
 .comment       0x0000000000000000       0x12 /opt/toolchains/gen//m68k-elf/lib/libmd.a(tools.o)
 .comment       0x0000000000000000       0x12 /opt/toolchains/gen//m68k-elf/lib/libmd.a(memory.o)
 .comment       0x0000000000000000       0x12 /opt/toolchains/gen//m68k-elf/lib/libmd.a(vdp_tile.o)
 .comment       0x0000000000000000       0x12 /opt/toolchains/gen//m68k-elf/lib/libmd.a(z80_ctrl.o)
 .comment       0x0000000000000000       0x12 /opt/toolchains/gen//m68k-elf/lib/libmd.a(sound.o)
 .comment       0x0000000000000000       0x12 /opt/toolchains/gen//m68k-elf/lib/libmd.a(ym2612.o)
 .comment       0x0000000000000000       0x12 /opt/toolchains/gen//m68k-elf/lib/libmd.a(vdp_pal.o)
 .comment       0x0000000000000000       0x12 /opt/toolchains/gen//m68k-elf/lib/libmd.a(psg.o)
 .comment       0x0000000000000000       0x12 /opt/toolchains/gen//m68k-elf/lib/libmd.a(z80_vgm.o)
 .comment       0x0000000000000000       0x12 /opt/toolchains/gen//m68k-elf/lib/libmd.a(vdp_spr.o)
 .comment       0x0000000000000000       0x12 /opt/toolchains/gen//m68k-elf/lib/libmd.a(tab_cnv.o)
 .comment       0x0000000000000000       0x12 /opt/toolchains/gen//m68k-elf/lib/libmd.a(vdp_dma.o)
 .comment       0x0000000000000000       0x12 /opt/toolchains/gen//m68k-elf/lib/libmd.a(bmp.o)
 .comment       0x0000000000000000       0x12 /opt/toolchains/gen//m68k-elf/lib/libmd.a(timer.o)
 .comment       0x0000000000000000       0x12 /opt/toolchains/gen//m68k-elf/lib/libmd.a(tile_cache.o)
 .comment       0x0000000000000000       0x12 /opt/toolchains/gen//m68k-elf/lib/libmd.a(vdp_bg.o)
 .comment       0x0000000000000000       0x12 /opt/toolchains/gen//m68k-elf/lib/libmd.a(tab_vol.o)
 .comment       0x0000000000000000       0x12 /opt/toolchains/gen//m68k-elf/lib/libmd.a(maths.o)
 .comment       0x0000000000000000       0x12 /opt/toolchains/gen//m68k-elf/lib/libmd.a(string.o)
 .comment       0x0000000000000000       0x12 /opt/toolchains/gen//m68k-elf/lib/libmd.a(joy.o)
 .comment       0x0000000000000000       0x12 /opt/toolchains/gen//m68k-elf/lib/libmd.a(types.o)
 .comment       0x0000000000000000       0x12 main.o
 .comment       0x0000000000000000       0x12 /opt/toolchains/gen//m68k-elf/lib/libmd.a(sprite_eng.o)

.debug_line     0x0000000000000000      0x1cd
 .debug_line    0x0000000000000000       0x6a /opt/toolchains/gen//m68k-elf/lib/gcc/m68k-elf/4.8.2/libgcc.a(_mulsi3.o)
 .debug_line    0x000000000000006a       0x83 /opt/toolchains/gen//m68k-elf/lib/gcc/m68k-elf/4.8.2/libgcc.a(_udivsi3.o)
 .debug_line    0x00000000000000ed       0x72 /opt/toolchains/gen//m68k-elf/lib/gcc/m68k-elf/4.8.2/libgcc.a(_divsi3.o)
 .debug_line    0x000000000000015f       0x6e /opt/toolchains/gen//m68k-elf/lib/gcc/m68k-elf/4.8.2/libgcc.a(_umodsi3.o)

.debug_info     0x0000000000000000      0x288
 .debug_info    0x0000000000000000       0xa2 /opt/toolchains/gen//m68k-elf/lib/gcc/m68k-elf/4.8.2/libgcc.a(_mulsi3.o)
 .debug_info    0x00000000000000a2       0xa2 /opt/toolchains/gen//m68k-elf/lib/gcc/m68k-elf/4.8.2/libgcc.a(_udivsi3.o)
 .debug_info    0x0000000000000144       0xa2 /opt/toolchains/gen//m68k-elf/lib/gcc/m68k-elf/4.8.2/libgcc.a(_divsi3.o)
 .debug_info    0x00000000000001e6       0xa2 /opt/toolchains/gen//m68k-elf/lib/gcc/m68k-elf/4.8.2/libgcc.a(_umodsi3.o)

.debug_abbrev   0x0000000000000000       0x50
 .debug_abbrev  0x0000000000000000       0x14 /opt/toolchains/gen//m68k-elf/lib/gcc/m68k-elf/4.8.2/libgcc.a(_mulsi3.o)
 .debug_abbrev  0x0000000000000014       0x14 /opt/toolchains/gen//m68k-elf/lib/gcc/m68k-elf/4.8.2/libgcc.a(_udivsi3.o)
 .debug_abbrev  0x0000000000000028       0x14 /opt/toolchains/gen//m68k-elf/lib/gcc/m68k-elf/4.8.2/libgcc.a(_divsi3.o)
 .debug_abbrev  0x000000000000003c       0x14 /opt/toolchains/gen//m68k-elf/lib/gcc/m68k-elf/4.8.2/libgcc.a(_umodsi3.o)

.debug_aranges  0x0000000000000000       0x80
 .debug_aranges
                0x0000000000000000       0x20 /opt/toolchains/gen//m68k-elf/lib/gcc/m68k-elf/4.8.2/libgcc.a(_mulsi3.o)
 .debug_aranges
                0x0000000000000020       0x20 /opt/toolchains/gen//m68k-elf/lib/gcc/m68k-elf/4.8.2/libgcc.a(_udivsi3.o)
 .debug_aranges
                0x0000000000000040       0x20 /opt/toolchains/gen//m68k-elf/lib/gcc/m68k-elf/4.8.2/libgcc.a(_divsi3.o)
 .debug_aranges
                0x0000000000000060       0x20 /opt/toolchains/gen//m68k-elf/lib/gcc/m68k-elf/4.8.2/libgcc.a(_umodsi3.o)
