Archive member included because of file (symbol)

/opt/toolchains/gen//m68k-elf/lib/libmd.a(sys.o)
                              boot/sega.o (registerState)
/opt/toolchains/gen//m68k-elf/lib/libmd.a(vdp.o)
                              /opt/toolchains/gen//m68k-elf/lib/libmd.a(sys.o) (VDP_init)
/opt/toolchains/gen//m68k-elf/lib/libmd.a(dma.o)
                              /opt/toolchains/gen//m68k-elf/lib/libmd.a(sys.o) (DMA_flushQueue)
/opt/toolchains/gen//m68k-elf/lib/libmd.a(tools.o)
                              /opt/toolchains/gen//m68k-elf/lib/libmd.a(vdp.o) (getFPS)
/opt/toolchains/gen//m68k-elf/lib/libmd.a(memory.o)
                              /opt/toolchains/gen//m68k-elf/lib/libmd.a(sys.o) (MEM_init)
/opt/toolchains/gen//m68k-elf/lib/libmd.a(vdp_tile.o)
                              /opt/toolchains/gen//m68k-elf/lib/libmd.a(vdp.o) (VDP_loadFont)
/opt/toolchains/gen//m68k-elf/lib/libmd.a(z80_ctrl.o)
                              /opt/toolchains/gen//m68k-elf/lib/libmd.a(sys.o) (Z80_init)
/opt/toolchains/gen//m68k-elf/lib/libmd.a(sound.o)
                              /opt/toolchains/gen//m68k-elf/lib/libmd.a(sys.o) (SND_set68KBUSProtection_XGM)
/opt/toolchains/gen//m68k-elf/lib/libmd.a(ym2612.o)
                              /opt/toolchains/gen//m68k-elf/lib/libmd.a(z80_ctrl.o) (YM2612_reset)
/opt/toolchains/gen//m68k-elf/lib/libmd.a(vdp_pal.o)
                              /opt/toolchains/gen//m68k-elf/lib/libmd.a(sys.o) (VDP_doStepFading)
/opt/toolchains/gen//m68k-elf/lib/libmd.a(psg.o)
                              /opt/toolchains/gen//m68k-elf/lib/libmd.a(sys.o) (PSG_init)
/opt/toolchains/gen//m68k-elf/lib/libmd.a(z80_vgm.o)
                              /opt/toolchains/gen//m68k-elf/lib/libmd.a(z80_ctrl.o) (z80_vgm)
/opt/toolchains/gen//m68k-elf/lib/libmd.a(vdp_spr.o)
                              /opt/toolchains/gen//m68k-elf/lib/libmd.a(vdp.o) (VDP_resetSprites)
/opt/toolchains/gen//m68k-elf/lib/libmd.a(tab_cnv.o)
                              /opt/toolchains/gen//m68k-elf/lib/libmd.a(vdp_tile.o) (cnv_8to32_tab)
/opt/toolchains/gen//m68k-elf/lib/libmd.a(vdp_dma.o)
                              /opt/toolchains/gen//m68k-elf/lib/libmd.a(vdp_tile.o) (VDP_doDMA)
/opt/toolchains/gen//m68k-elf/lib/libmd.a(bmp.o)
                              /opt/toolchains/gen//m68k-elf/lib/libmd.a(sys.o) (BMP_doVBlankProcess)
/opt/toolchains/gen//m68k-elf/lib/libmd.a(timer.o)
                              /opt/toolchains/gen//m68k-elf/lib/libmd.a(tools.o) (getSubTick)
/opt/toolchains/gen//m68k-elf/lib/libmd.a(tile_cache.o)
                              /opt/toolchains/gen//m68k-elf/lib/libmd.a(sys.o) (uploads)
/opt/toolchains/gen//m68k-elf/lib/libmd.a(vdp_bg.o)
                              /opt/toolchains/gen//m68k-elf/lib/libmd.a(vdp.o) (VDP_setVerticalScroll)
/opt/toolchains/gen//m68k-elf/lib/libmd.a(smp_null_pcm.o)
                              /opt/toolchains/gen//m68k-elf/lib/libmd.a(z80_ctrl.o) (smp_null_pcm)
/opt/toolchains/gen//m68k-elf/lib/libmd.a(vdp_tile_a.o)
                              /opt/toolchains/gen//m68k-elf/lib/libmd.a(vdp_tile.o) (VDP_loadTileData)
/opt/toolchains/gen//m68k-elf/lib/libmd.a(memory_a.o)
                              /opt/toolchains/gen//m68k-elf/lib/libmd.a(memory.o) (memset)
/opt/toolchains/gen//m68k-elf/lib/libmd.a(vdp_pal_a.o)
                              /opt/toolchains/gen//m68k-elf/lib/libmd.a(vdp_pal.o) (VDP_getPaletteColors)
/opt/toolchains/gen//m68k-elf/lib/libmd.a(sys_a.o)
                              /opt/toolchains/gen//m68k-elf/lib/libmd.a(timer.o) (SYS_getInterruptMaskLevel)
/opt/toolchains/gen//m68k-elf/lib/libmd.a(kdebug.o)
                              /opt/toolchains/gen//m68k-elf/lib/libmd.a(tools.o) (KDebug_Alert)
/opt/toolchains/gen//m68k-elf/lib/libmd.a(smp_null.o)
                              /opt/toolchains/gen//m68k-elf/lib/libmd.a(z80_ctrl.o) (smp_null)
/opt/toolchains/gen//m68k-elf/lib/libmd.a(bmp_a.o)
                              /opt/toolchains/gen//m68k-elf/lib/libmd.a(bmp.o) (clearBitmapBuffer)
/opt/toolchains/gen//m68k-elf/lib/libmd.a(tools_a.o)
                              /opt/toolchains/gen//m68k-elf/lib/libmd.a(tools.o) (aplib_unpack)
/opt/toolchains/gen//m68k-elf/lib/libmd.a(z80_drv1.o)
                              /opt/toolchains/gen//m68k-elf/lib/libmd.a(z80_ctrl.o) (z80_drv1)
/opt/toolchains/gen//m68k-elf/lib/libmd.a(z80_drv2.o)
                              /opt/toolchains/gen//m68k-elf/lib/libmd.a(z80_ctrl.o) (z80_drv2)
/opt/toolchains/gen//m68k-elf/lib/libmd.a(z80_mvs.o)
                              /opt/toolchains/gen//m68k-elf/lib/libmd.a(z80_ctrl.o) (z80_mvs)
/opt/toolchains/gen//m68k-elf/lib/libmd.a(z80_drv3.o)
                              /opt/toolchains/gen//m68k-elf/lib/libmd.a(z80_ctrl.o) (z80_drv3)
/opt/toolchains/gen//m68k-elf/lib/libmd.a(z80_xgm.o)
                              /opt/toolchains/gen//m68k-elf/lib/libmd.a(z80_ctrl.o) (z80_xgm)
/opt/toolchains/gen//m68k-elf/lib/libmd.a(z80_tfm.o)
                              /opt/toolchains/gen//m68k-elf/lib/libmd.a(z80_ctrl.o) (z80_tfm)
/opt/toolchains/gen//m68k-elf/lib/libmd.a(libres.o)
                              /opt/toolchains/gen//m68k-elf/lib/libmd.a(vdp.o) (font_lib)
/opt/toolchains/gen//m68k-elf/lib/libmd.a(tab_vol.o)
                              /opt/toolchains/gen//m68k-elf/lib/libmd.a(z80_ctrl.o) (tab_vol)
/opt/toolchains/gen//m68k-elf/lib/libmd.a(maths.o)
                              /opt/toolchains/gen//m68k-elf/lib/libmd.a(sys.o) (randbase)
/opt/toolchains/gen//m68k-elf/lib/libmd.a(string.o)
                              /opt/toolchains/gen//m68k-elf/lib/libmd.a(sys.o) (strlen)
/opt/toolchains/gen//m68k-elf/lib/libmd.a(joy.o)
                              /opt/toolchains/gen//m68k-elf/lib/libmd.a(sys.o) (JOY_init)
/opt/toolchains/gen//m68k-elf/lib/libmd.a(types.o)
                              /opt/toolchains/gen//m68k-elf/lib/libmd.a(z80_ctrl.o) (getZeroU8)
/opt/toolchains/gen//m68k-elf/lib/gcc/m68k-elf/4.8.2/libgcc.a(_mulsi3.o)
                              /opt/toolchains/gen//m68k-elf/lib/libmd.a(tools.o) (__mulsi3)
/opt/toolchains/gen//m68k-elf/lib/gcc/m68k-elf/4.8.2/libgcc.a(_udivsi3.o)
                              /opt/toolchains/gen//m68k-elf/lib/libmd.a(tools.o) (__udivsi3)
/opt/toolchains/gen//m68k-elf/lib/gcc/m68k-elf/4.8.2/libgcc.a(_divsi3.o)
                              /opt/toolchains/gen//m68k-elf/lib/libmd.a(vdp_pal.o) (__divsi3)
/opt/toolchains/gen//m68k-elf/lib/gcc/m68k-elf/4.8.2/libgcc.a(_umodsi3.o)
                              /opt/toolchains/gen//m68k-elf/lib/libmd.a(string.o) (__umodsi3)

Allocating common symbols
Common symbol       size              file

illegalInstCB       0x4               /opt/toolchains/gen//m68k-elf/lib/libmd.a(sys.o)
slist_adr           0x2               /opt/toolchains/gen//m68k-elf/lib/libmd.a(vdp.o)
errorExceptionCB    0x4               /opt/toolchains/gen//m68k-elf/lib/libmd.a(sys.o)
trapvInstCB         0x4               /opt/toolchains/gen//m68k-elf/lib/libmd.a(sys.o)
things              0x200             main.o
vtimer              0x4               /opt/toolchains/gen//m68k-elf/lib/libmd.a(timer.o)
driverFlags         0x2               /opt/toolchains/gen//m68k-elf/lib/libmd.a(z80_ctrl.o)
dmaQueues           0x200             /opt/toolchains/gen//m68k-elf/lib/libmd.a(dma.o)
chkInstCB           0x4               /opt/toolchains/gen//m68k-elf/lib/libmd.a(sys.o)
player              0x10              main.o
registerState       0x40              /opt/toolchains/gen//m68k-elf/lib/libmd.a(sys.o)
text_basetile       0x2               /opt/toolchains/gen//m68k-elf/lib/libmd.a(vdp_bg.o)
bmp_buffer_write    0x4               /opt/toolchains/gen//m68k-elf/lib/libmd.a(bmp.o)
srState             0x2               /opt/toolchains/gen//m68k-elf/lib/libmd.a(sys.o)
line1x1xCB          0x4               /opt/toolchains/gen//m68k-elf/lib/libmd.a(sys.o)
randbase            0x2               /opt/toolchains/gen//m68k-elf/lib/libmd.a(maths.o)
ext2State           0x2               /opt/toolchains/gen//m68k-elf/lib/libmd.a(sys.o)
traceCB             0x4               /opt/toolchains/gen//m68k-elf/lib/libmd.a(sys.o)
intTrace            0x2               /opt/toolchains/gen//m68k-elf/lib/libmd.a(sys.o)
zeroDivideCB        0x4               /opt/toolchains/gen//m68k-elf/lib/libmd.a(sys.o)
curTileInd          0x2               /opt/toolchains/gen//m68k-elf/lib/libmd.a(vdp_bg.o)
hscrl_adr           0x2               /opt/toolchains/gen//m68k-elf/lib/libmd.a(vdp.o)
internalExtIntCB    0x4               /opt/toolchains/gen//m68k-elf/lib/libmd.a(sys.o)
spriteNum           0x2               /opt/toolchains/gen//m68k-elf/lib/libmd.a(vdp_spr.o)
text_plan           0x4               /opt/toolchains/gen//m68k-elf/lib/libmd.a(vdp_bg.o)
screenHeight        0x2               /opt/toolchains/gen//m68k-elf/lib/libmd.a(vdp.o)
internalVIntCB      0x4               /opt/toolchains/gen//m68k-elf/lib/libmd.a(sys.o)
intCB               0x4               /opt/toolchains/gen//m68k-elf/lib/libmd.a(sys.o)
screenWidth         0x2               /opt/toolchains/gen//m68k-elf/lib/libmd.a(vdp.o)
addressErrorCB      0x4               /opt/toolchains/gen//m68k-elf/lib/libmd.a(sys.o)
bmp_buffer_read     0x4               /opt/toolchains/gen//m68k-elf/lib/libmd.a(bmp.o)
VIntProcess         0x4               /opt/toolchains/gen//m68k-elf/lib/libmd.a(sys.o)
currentDriver       0x2               /opt/toolchains/gen//m68k-elf/lib/libmd.a(z80_ctrl.o)
vdpSpriteCache      0x280             /opt/toolchains/gen//m68k-elf/lib/libmd.a(vdp_spr.o)
uploads             0x4               /opt/toolchains/gen//m68k-elf/lib/libmd.a(tile_cache.o)
ExtIntProcess       0x4               /opt/toolchains/gen//m68k-elf/lib/libmd.a(sys.o)
aplan_adr           0x2               /opt/toolchains/gen//m68k-elf/lib/libmd.a(vdp.o)
bplan_adr           0x2               /opt/toolchains/gen//m68k-elf/lib/libmd.a(vdp.o)
HIntProcess         0x4               /opt/toolchains/gen//m68k-elf/lib/libmd.a(sys.o)
privilegeViolationCB
                    0x4               /opt/toolchains/gen//m68k-elf/lib/libmd.a(sys.o)
pcState             0x4               /opt/toolchains/gen//m68k-elf/lib/libmd.a(sys.o)
ext1State           0x2               /opt/toolchains/gen//m68k-elf/lib/libmd.a(sys.o)
busErrorCB          0x4               /opt/toolchains/gen//m68k-elf/lib/libmd.a(sys.o)
blocker             0x10              main.o
internalHIntCB      0x4               /opt/toolchains/gen//m68k-elf/lib/libmd.a(sys.o)
window_adr          0x2               /opt/toolchains/gen//m68k-elf/lib/libmd.a(vdp.o)
maparray            0x1900            main.o
addrState           0x4               /opt/toolchains/gen//m68k-elf/lib/libmd.a(sys.o)
empty               0x10              main.o

Memory Configuration

Name             Origin             Length             Attributes
rom              0x0000000000000000 0x0000000000a00000
ram              0x0000000000ff0000 0x0000000000010000
*default*        0x0000000000000000 0xffffffffffffffff

Linker script and memory map

                0x0000000000000000                __DYNAMIC = 0x0
                0x0000000001000000                PROVIDE (__stack, 0x1000000)

.text           0x0000000000000000    0x15e44
 *(.text.keepboot)
 .text.keepboot
                0x0000000000000000      0x5f4 boot/sega.o
 *(.text.*)
 .text.startup  0x00000000000005f4      0x1c6 main.o
                0x00000000000005f4                main
 *(.text)
 *fill*         0x00000000000007ba        0x2 
 .text          0x00000000000007bc        0x0 boot/sega.o
 .text          0x00000000000007bc      0x9d8 /opt/toolchains/gen//m68k-elf/lib/libmd.a(sys.o)
                0x00000000000007bc                _trace_callback
                0x00000000000007be                _line1x1x_callback
                0x00000000000007c0                _int_callback
                0x00000000000007c2                _extint_callback
                0x0000000000000bb0                _buserror_callback
                0x0000000000000bd8                _addresserror_callback
                0x0000000000000c8c                _illegalinst_callback
                0x0000000000000cb4                _chkinst_callback
                0x0000000000000cdc                _trapvinst_callback
                0x0000000000000d04                _vint_callback
                0x0000000000000e02                _hint_callback
                0x0000000000000f38                _zerodivide_callback
                0x0000000000000f60                _privilegeviolation_callback
                0x0000000000000f88                _errorexception_callback
                0x0000000000000fb0                _start_entry
                0x0000000000001064                _reset_entry
                0x0000000000001074                SYS_disableInts
                0x00000000000010a4                SYS_enableInts
                0x00000000000010d0                SYS_setVIntPreCallback
                0x00000000000010da                SYS_setVIntCallback
                0x00000000000010e4                SYS_setHIntCallback
                0x00000000000010ee                SYS_setExtIntCallback
                0x00000000000010f8                SYS_isInVIntCallback
                0x0000000000001104                SYS_isInHIntCallback
                0x0000000000001110                SYS_isInExtIntCallback
                0x000000000000111c                SYS_isInInterrupt
                0x0000000000001124                SYS_isNTSC
                0x0000000000001134                SYS_isPAL
                0x0000000000001140                SYS_die
 .text          0x0000000000001194      0x886 /opt/toolchains/gen//m68k-elf/lib/libmd.a(vdp.o)
                0x0000000000001194                VDP_getReg
                0x00000000000011b4                VDP_setReg
                0x000000000000130c                VDP_getEnable
                0x0000000000001318                VDP_setEnable
                0x0000000000001344                VDP_getScanlineNumber
                0x000000000000135a                VDP_getScreenHeight
                0x0000000000001362                VDP_setScreenHeight224
                0x0000000000001388                VDP_setScreenHeight240
                0x00000000000013ba                VDP_getScreenWidth
                0x00000000000013c2                VDP_setScreenWidth256
                0x00000000000013e8                VDP_setScreenWidth320
                0x000000000000140e                VDP_getPlanWidth
                0x0000000000001422                VDP_getPlanHeight
                0x0000000000001434                VDP_setPlanSize
                0x0000000000001468                VDP_getVerticalScrollingMode
                0x0000000000001476                VDP_getHorizontalScrollingMode
                0x0000000000001482                VDP_setScrollingMode
                0x00000000000014b4                VDP_getBackgroundColor
                0x00000000000014bc                VDP_setBackgroundColor
                0x00000000000014da                VDP_getAutoInc
                0x00000000000014e2                VDP_setAutoInc
                0x00000000000014fc                VDP_setHInterrupt
                0x0000000000001528                VDP_setHilightShadow
                0x0000000000001554                VDP_getHIntCounter
                0x000000000000155c                VDP_setHIntCounter
                0x0000000000001576                VDP_getAPlanAddress
                0x000000000000157e                VDP_getBPlanAddress
                0x0000000000001586                VDP_getWindowAddress
                0x000000000000158e                VDP_getWindowPlanAddress
                0x0000000000001596                VDP_getSpriteListAddress
                0x000000000000159e                VDP_getHScrollTableAddress
                0x00000000000015a6                VDP_setAPlanAddress
                0x00000000000015ca                VDP_setWindowAddress
                0x000000000000160c                VDP_setWindowPlanAddress
                0x000000000000161c                VDP_setBPlanAddress
                0x0000000000001640                VDP_setSpriteListAddress
                0x0000000000001682                VDP_setHScrollTableAddress
                0x00000000000016a8                VDP_setScanMode
                0x00000000000016f0                VDP_waitDMACompletion
                0x00000000000016fe                VDP_init
                0x0000000000001900                VDP_waitFIFOEmpty
                0x000000000000190e                VDP_waitVSync
                0x0000000000001928                VDP_resetScreen
                0x000000000000199c                VDP_showFPS
 *fill*         0x0000000000001a1a        0x2 
 .text          0x0000000000001a1c      0x5a8 /opt/toolchains/gen//m68k-elf/lib/libmd.a(dma.o)
                0x0000000000001a1c                DMA_getAutoFlush
                0x0000000000001a24                DMA_setAutoFlush
                0x0000000000001a4a                DMA_getMaxTransferSize
                0x0000000000001a52                DMA_setMaxTransferSize
                0x0000000000001a5c                DMA_clearQueue
                0x0000000000001a76                DMA_flushQueue
                0x0000000000001b3a                DMA_getQueueSize
                0x0000000000001b42                DMA_getQueueTransferSize
                0x0000000000001b4a                DMA_queueDma
                0x0000000000001d34                DMA_waitCompletion
                0x0000000000001d42                DMA_doDma
                0x0000000000001e92                DMA_doVRamFill
                0x0000000000001f3e                DMA_doVRamCopy
 .text          0x0000000000001fc4     0x1860 /opt/toolchains/gen//m68k-elf/lib/libmd.a(tools.o)
                0x0000000000001fc4                getFPS
                0x000000000000202c                getFPS_f
                0x00000000000020ae                KLog
                0x00000000000020d2                KLog_U1
                0x000000000000211e                KLog_U2
                0x000000000000218c                KLog_U3
                0x0000000000002218                KLog_U4
                0x00000000000022c0                KLog_U1x
                0x0000000000002310                KLog_U2x
                0x0000000000002380                KLog_U3x
                0x000000000000240c                KLog_U4x
                0x00000000000024b2                KLog_S1
                0x00000000000024fe                KLog_S2
                0x000000000000256c                KLog_S3
                0x00000000000025f8                KLog_S4
                0x00000000000026a0                KLog_S1x
                0x00000000000026f0                KLog_S2x
                0x0000000000002760                KLog_S3x
                0x00000000000027ec                KLog_S4x
                0x0000000000002892                KLog_f1
                0x00000000000028e2                KLog_f2
                0x0000000000002958                KLog_f3
                0x00000000000029f0                KLog_f4
                0x0000000000002aa8                KLog_f1x
                0x0000000000002afc                KLog_f2x
                0x0000000000002b74                KLog_f3x
                0x0000000000002c0c                KLog_f4x
                0x0000000000002cc2                KLog_F1
                0x0000000000002d0e                KLog_F2
                0x0000000000002d7c                KLog_F3
                0x0000000000002e08                KLog_F4
                0x0000000000002eb0                KLog_F1x
                0x0000000000002f00                KLog_F2x
                0x0000000000002f70                KLog_F3x
                0x0000000000002ffc                KLog_F4x
                0x00000000000030a2                allocateBitmap
                0x0000000000003102                allocateBitmapEx
                0x0000000000003144                allocateTileSet
                0x000000000000318e                allocateTileSetEx
                0x00000000000031ba                allocateMap
                0x0000000000003204                allocateMapEx
                0x000000000000322e                allocateImage
                0x00000000000032f2                rle4b_unpack
                0x000000000000334c                rlemap_unpack
                0x00000000000033e4                unpackEx
                0x0000000000003492                getTileSet
                0x00000000000034e0                unpack
                0x00000000000034fe                unpackBitmap
                0x0000000000003590                unpackTileSet
                0x0000000000003602                unpackMap
                0x0000000000003678                unpackImage
                0x00000000000036ce                rle4b_unpackVRam
                0x000000000000375a                uftc_unpack_old
 .text          0x0000000000003824      0x236 /opt/toolchains/gen//m68k-elf/lib/libmd.a(memory.o)
                0x0000000000003824                MEM_init
                0x000000000000384c                MEM_getFree
                0x0000000000003876                MEM_free
                0x0000000000003888                MEM_alloc
                0x0000000000003966                memcpyU16
                0x0000000000003984                memcpyU32
                0x00000000000039a4                fastMemset
                0x00000000000039c4                fastMemsetU16
                0x00000000000039e4                fastMemsetU32
                0x0000000000003a00                fastMemcpy
                0x0000000000003a1c                fastMemcpyU16
                0x0000000000003a3a                fastMemcpyU32
 *fill*         0x0000000000003a5a        0x2 
 .text          0x0000000000003a5c      0xb94 /opt/toolchains/gen//m68k-elf/lib/libmd.a(vdp_tile.o)
                0x0000000000003a5c                VDP_loadTileSet
                0x0000000000003b06                VDP_loadFontData
                0x0000000000003b36                VDP_loadFont
                0x0000000000003b5c                VDP_loadBMPTileDataEx
                0x0000000000003bb0                VDP_fillTileData
                0x0000000000003c6a                VDP_setTileMap
                0x0000000000003ca8                VDP_setTileMapXY
                0x0000000000003d0e                VDP_fillTileMap
                0x0000000000003daa                VDP_fillTileMapRectByIndex
                0x0000000000003dd4                VDP_fillTileMapRect
                0x0000000000003e7a                VDP_clearTileMap
                0x0000000000003ece                VDP_clearTileMapRectByIndex
                0x0000000000003ef8                VDP_clearTileMapRect
                0x0000000000003f2c                VDP_fillTileMapInc
                0x0000000000003ff6                VDP_fillTileMapRectIncByIndex
                0x0000000000004020                VDP_fillTileMapRectInc
                0x00000000000040cc                VDP_setTileMapData
                0x00000000000041b0                VDP_setTileMapRectByIndex
                0x00000000000041de                VDP_setTileMapDataRect
                0x0000000000004296                VDP_setTileMapDataEx
                0x0000000000004388                VDP_setTileMapRectExByIndex
                0x00000000000043ba                VDP_setTileMapDataRectEx
                0x00000000000044a0                VDP_setTileMapRectEx
                0x00000000000044e4                VDP_setMapEx
                0x00000000000045ac                VDP_setMap
 .text          0x00000000000045f0      0x5f2 /opt/toolchains/gen//m68k-elf/lib/libmd.a(z80_ctrl.o)
                0x00000000000045f0                Z80_isBusTaken
                0x0000000000004602                Z80_requestBus
                0x0000000000004628                Z80_releaseBus
                0x0000000000004632                Z80_startReset
                0x000000000000463c                Z80_endReset
                0x0000000000004646                Z80_setBank
                0x000000000000465a                Z80_init
                0x0000000000004678                Z80_read
                0x000000000000468a                Z80_write
                0x000000000000469e                Z80_clear
                0x0000000000004716                Z80_upload
                0x000000000000478a                Z80_download
                0x00000000000047e2                Z80_getLoadedDriver
                0x00000000000047ea                Z80_unloadDriver
                0x000000000000481c                Z80_loadCustomDriver
                0x0000000000004860                Z80_isDriverReady
                0x0000000000004896                Z80_loadDriver
 *fill*         0x0000000000004be2        0x2 
 .text          0x0000000000004be4      0xf5c /opt/toolchains/gen//m68k-elf/lib/libmd.a(sound.o)
                0x0000000000004be4                SND_isPlaying_PCM
                0x0000000000004c18                SND_startPlay_PCM
                0x0000000000004cbc                SND_stopPlay_PCM
                0x0000000000004d26                SND_isPlaying_2ADPCM
                0x0000000000004d5c                SND_startPlay_2ADPCM
                0x0000000000004e1c                SND_stopPlay_2ADPCM
                0x0000000000004e96                SND_isPlaying_4PCM_ENV
                0x0000000000004ecc                SND_startPlay_4PCM_ENV
                0x0000000000004fa6                SND_stopPlay_4PCM_ENV
                0x0000000000005020                SND_setVolume_4PCM_ENV
                0x0000000000005068                SND_getVolume_4PCM_ENV
                0x00000000000050aa                SND_isPlaying_MVS
                0x00000000000050dc                SND_startPlay_MVS
                0x0000000000005146                SND_stopPlay_MVS
                0x0000000000005178                SND_setTempo_MVS
                0x00000000000051a8                SND_startDAC_MVS
                0x000000000000520a                SND_stopDAC_MVS
                0x0000000000005234                SND_isPlayingPSG_MVS
                0x0000000000005262                SND_startPSG_MVS
                0x00000000000052ae                SND_stopPSG_MVS
                0x00000000000052d8                SND_enablePSG_MVS
                0x0000000000005318                SND_disablePSG_MVS
                0x0000000000005358                SND_startPlay_TFM
                0x00000000000053cc                SND_stopPlay_TFM
                0x00000000000053d4                SND_stopPlay_VGM
                0x0000000000005400                SND_resumePlay_VGM
                0x000000000000542c                SND_isPlaying_VGM
                0x000000000000545c                SND_startPlay_VGM
                0x00000000000054d8                SND_playSfx_VGM
                0x000000000000553a                SND_isPlaying_XGM
                0x000000000000556e                SND_startPlay_XGM
                0x0000000000005686                SND_stopPlay_XGM
                0x00000000000056ee                SND_pausePlay_XGM
                0x0000000000005720                SND_resumePlay_XGM
                0x000000000000575a                SND_isPlayingPCM_XGM
                0x0000000000005790                SND_setPCMFast_XGM
                0x00000000000057ce                SND_setPCM_XGM
                0x000000000000580e                SND_startPlayPCM_XGM
                0x0000000000005870                SND_stopPlayPCM_XGM
                0x00000000000058c6                SND_set68KBUSProtection_XGM
                0x00000000000058ee                SND_nextXFrame_XGM
                0x0000000000005936                SND_getManualSync_XGM
                0x0000000000005942                SND_setManualSync_XGM
                0x0000000000005988                SND_getForceDelayDMA_XGM
                0x0000000000005994                SND_setForceDelayDMA_XGM
                0x00000000000059ba                SND_getMusicTempo_XGM
                0x00000000000059c2                SND_setMusicTempo_XGM
                0x00000000000059ea                SND_getCPULoad_XGM
                0x0000000000005aaa                XGM_resetLoadCalculation
                0x0000000000005ad8                XGM_doVBlankProcess
 .text          0x0000000000005b40      0x1f2 /opt/toolchains/gen//m68k-elf/lib/libmd.a(ym2612.o)
                0x0000000000005b40                YM2612_read
                0x0000000000005b5a                YM2612_write
                0x0000000000005b7e                YM2612_reset
                0x0000000000005c68                YM2612_writeSafe
                0x0000000000005c80                YM2612_writeReg
                0x0000000000005cd2                YM2612_writeRegSafe
                0x0000000000005cf4                YM2612_enableDAC
                0x0000000000005d14                YM2612_disableDAC
 *fill*         0x0000000000005d32        0x2 
 .text          0x0000000000005d34      0x618 /opt/toolchains/gen//m68k-elf/lib/libmd.a(vdp_pal.o)
                0x0000000000005dec                VDP_getPaletteColor
                0x0000000000005e20                VDP_setPaletteColor
                0x0000000000005e5e                VDP_doStepFading
                0x0000000000005f38                VDP_initFading
                0x0000000000006064                VDP_interruptFade
                0x0000000000006076                VDP_fade
                0x00000000000060e6                VDP_fadeTo
                0x0000000000006146                VDP_fadeOut
                0x0000000000006176                VDP_fadeIn
                0x00000000000061aa                VDP_fadePal
                0x00000000000061e6                VDP_fadePalTo
                0x000000000000621e                VDP_fadePalOut
                0x0000000000006258                VDP_fadePalIn
                0x0000000000006296                VDP_fadeAll
                0x00000000000062be                VDP_fadeAllTo
                0x00000000000062e2                VDP_fadeOutAll
                0x0000000000006308                VDP_fadeInAll
                0x0000000000006332                VDP_isDoingFade
                0x000000000000633e                VDP_waitFadeCompletion
 .text          0x000000000000634c      0x114 /opt/toolchains/gen//m68k-elf/lib/libmd.a(psg.o)
                0x000000000000634c                PSG_init
                0x0000000000006378                PSG_write
                0x0000000000006382                PSG_setEnvelope
                0x00000000000063a2                PSG_setTone
                0x00000000000063d2                PSG_setFrequency
                0x0000000000006438                PSG_setNoise
 .text          0x0000000000006460        0x0 /opt/toolchains/gen//m68k-elf/lib/libmd.a(z80_vgm.o)
 .text          0x0000000000006460      0x3ec /opt/toolchains/gen//m68k-elf/lib/libmd.a(vdp_spr.o)
                0x0000000000006460                VDP_resetSprites
                0x0000000000006478                VDP_resetSpritesDirect
                0x00000000000064ba                VDP_setSprite
                0x0000000000006516                VDP_setSpriteP
                0x0000000000006562                VDP_setSpriteDirect
                0x00000000000065e4                VDP_setSpriteDirectP
                0x0000000000006666                VDP_setSpritePosition
                0x00000000000066a6                VDP_setSpritesDirect
                0x0000000000006738                VDP_setSprites
                0x00000000000067aa                VDP_updateSprites
 .text          0x000000000000684c        0x0 /opt/toolchains/gen//m68k-elf/lib/libmd.a(tab_cnv.o)
 .text          0x000000000000684c      0x266 /opt/toolchains/gen//m68k-elf/lib/libmd.a(vdp_dma.o)
                0x000000000000684c                VDP_doDMAEx
                0x000000000000699c                VDP_doDMA
                0x00000000000069c6                VDP_doVRamDMAFill
                0x0000000000006a3a                VDP_doVRamDMACopy
 *fill*         0x0000000000006ab2        0x2 
 .text          0x0000000000006ab4     0x111e /opt/toolchains/gen//m68k-elf/lib/libmd.a(bmp.o)
                0x0000000000006c08                BMP_end
                0x0000000000006c6c                BMP_hasFlipRequestPending
                0x0000000000006c7a                BMP_waitWhileFlipRequestPending
                0x0000000000006c8a                BMP_hasFlipInProgess
                0x0000000000006c96                BMP_waitFlipComplete
                0x0000000000006ca6                BMP_flip
                0x0000000000006cfa                BMP_drawText
                0x0000000000006d58                BMP_clearText
                0x0000000000006db4                BMP_clearTextLine
                0x0000000000006df4                BMP_showFPS
                0x0000000000006ec6                BMP_clear
                0x0000000000006ed6                BMP_reset
                0x0000000000006ff8                BMP_init
                0x0000000000007036                BMP_getWritePointer
                0x000000000000705c                BMP_getReadPointer
                0x0000000000007082                BMP_getPixel
                0x00000000000070ba                BMP_setPixel
                0x00000000000070f2                BMP_setPixels_V2D
                0x0000000000007142                BMP_setPixels
                0x000000000000719c                BMP_drawBitmapData
                0x000000000000723e                BMP_drawBitmap
                0x0000000000007312                BMP_loadBitmapData
                0x0000000000007344                BMP_loadBitmap
                0x000000000000736a                BMP_getBitmapPalette
                0x0000000000007386                BMP_scale
                0x0000000000007460                BMP_drawBitmapScaled
                0x000000000000756a                BMP_loadAndScaleBitmap
                0x00000000000075a0                BMP_doVBlankProcess
                0x00000000000075a8                BMP_doHBlankProcess
 *fill*         0x0000000000007bd2        0x2 
 .text          0x0000000000007bd4      0x1d4 /opt/toolchains/gen//m68k-elf/lib/libmd.a(timer.o)
                0x0000000000007bd4                getSubTick
                0x0000000000007c26                getTick
                0x0000000000007c52                getTime
                0x0000000000007c74                getTimeAsFix32
                0x0000000000007c88                startTimer
                0x0000000000007caa                getTimer
                0x0000000000007cee                waitSubTick
                0x0000000000007d36                waitTick
                0x0000000000007d78                waitMs
 .text          0x0000000000007da8      0x65c /opt/toolchains/gen//m68k-elf/lib/libmd.a(tile_cache.o)
                0x0000000000007e48                TC_init
                0x0000000000007e80                TC_end
                0x0000000000007ee2                TC_createCacheEx
                0x0000000000007f28                TC_createCache
                0x0000000000007f4a                TC_releaseCache
                0x0000000000007f5c                TC_clearCache
                0x0000000000007f6e                TC_flushCache
                0x0000000000007f78                TC_alloc
                0x0000000000008262                TC_reAlloc
                0x00000000000082ee                TC_free
                0x0000000000008368                TC_getTileIndex
                0x00000000000083b6                TC_uploadAtVBlank
                0x00000000000083ea                TC_doVBlankProcess
 .text          0x0000000000008404      0x80c /opt/toolchains/gen//m68k-elf/lib/libmd.a(vdp_bg.o)
                0x0000000000008404                VDP_setHorizontalScroll
                0x0000000000008450                VDP_setHorizontalScrollTile
                0x00000000000084f6                VDP_setHorizontalScrollLine
                0x000000000000859c                VDP_setVerticalScroll
                0x00000000000085da                VDP_setVerticalScrollTile
                0x0000000000008670                VDP_clearPlan
                0x0000000000008726                VDP_getTextPlan
                0x0000000000008742                VDP_getTextPalette
                0x0000000000008752                VDP_getTextPriority
                0x000000000000875e                VDP_setTextPlan
                0x0000000000008782                VDP_setTextPalette
                0x00000000000087a2                VDP_setTextPriority
                0x00000000000087c0                VDP_drawTextBG
                0x000000000000886c                VDP_clearTextBG
                0x000000000000889e                VDP_clearTextLineBG
                0x00000000000088d4                VDP_drawText
                0x0000000000008908                VDP_clearText
                0x0000000000008936                VDP_clearTextLine
                0x0000000000008952                VDP_drawBitmapEx
                0x0000000000008a62                VDP_drawBitmap
                0x0000000000008aea                VDP_drawImageEx
                0x0000000000008b92                VDP_drawImage
 *fill*         0x0000000000008c10       0xf0 
 .text          0x0000000000008d00       0x80 /opt/toolchains/gen//m68k-elf/lib/libmd.a(smp_null_pcm.o)
                0x0000000000008d00                smp_null_pcm
 .text          0x0000000000008d80      0x102 /opt/toolchains/gen//m68k-elf/lib/libmd.a(vdp_tile_a.o)
                0x0000000000008d80                VDP_loadTileData
                0x0000000000008dfc                VDP_loadBMPTileData
 *fill*         0x0000000000008e82        0x2 
 .text          0x0000000000008e84      0x1b8 /opt/toolchains/gen//m68k-elf/lib/libmd.a(memory_a.o)
                0x0000000000008e84                memset
                0x0000000000008efc                memsetU16
                0x0000000000008f5a                memsetU32
                0x0000000000008f98                memcpy
 .text          0x000000000000903c      0x15c /opt/toolchains/gen//m68k-elf/lib/libmd.a(vdp_pal_a.o)
                0x000000000000903c                VDP_getPaletteColors
                0x00000000000090a2                VDP_setPaletteColors
                0x0000000000009108                VDP_getPalette
                0x0000000000009150                VDP_setPalette
 .text          0x0000000000009198       0x48 /opt/toolchains/gen//m68k-elf/lib/libmd.a(sys_a.o)
                0x0000000000009198                SYS_assertReset
                0x000000000000919c                SYS_reset
                0x00000000000091aa                SYS_getInterruptMaskLevel
                0x00000000000091b4                SYS_setInterruptMaskLevel
                0x00000000000091c6                SYS_getAndSetInterruptMaskLevel
 .text          0x00000000000091e0       0x88 /opt/toolchains/gen//m68k-elf/lib/libmd.a(kdebug.o)
                0x00000000000091e0                KDebug_Halt
                0x00000000000091ea                KDebug_Alert
                0x0000000000009206                KDebug_AlertNumber
                0x0000000000009254                KDebug_StartTimer
                0x000000000000925e                KDebug_StopTimer
 *fill*         0x0000000000009268       0x98 
 .text          0x0000000000009300      0x100 /opt/toolchains/gen//m68k-elf/lib/libmd.a(smp_null.o)
                0x0000000000009300                smp_null
 .text          0x0000000000009400     0x13f8 /opt/toolchains/gen//m68k-elf/lib/libmd.a(bmp_a.o)
                0x0000000000009400                clearBitmapBuffer
                0x0000000000009542                BMP_clipLine
                0x000000000000955e                BMP_drawLine
                0x00000000000095ce                BMP_isPolygonCulled
                0x0000000000009efc                BMP_drawPolygon
 .text          0x000000000000a7f8      0x10a /opt/toolchains/gen//m68k-elf/lib/libmd.a(tools_a.o)
                0x000000000000a7f8                aplib_unpack
                0x000000000000a7fe                aplib_decrunch
                0x000000000000a8a0                uftc_unpack
 *fill*         0x000000000000a902        0x2 
 .text          0x000000000000a904      0xb26 /opt/toolchains/gen//m68k-elf/lib/libmd.a(z80_drv1.o)
                0x000000000000a904                z80_drv1
 *fill*         0x000000000000b42a        0x2 
 .text          0x000000000000b42c      0xe00 /opt/toolchains/gen//m68k-elf/lib/libmd.a(z80_drv2.o)
                0x000000000000b42c                z80_drv2
 .text          0x000000000000c22c      0xa5c /opt/toolchains/gen//m68k-elf/lib/libmd.a(z80_mvs.o)
                0x000000000000c22c                z80_mvs
 .text          0x000000000000cc88      0xa64 /opt/toolchains/gen//m68k-elf/lib/libmd.a(z80_drv3.o)
                0x000000000000cc88                z80_drv3
 .text          0x000000000000d6ec     0x1700 /opt/toolchains/gen//m68k-elf/lib/libmd.a(z80_xgm.o)
                0x000000000000d6ec                z80_xgm
 .text          0x000000000000edec      0x69e /opt/toolchains/gen//m68k-elf/lib/libmd.a(z80_tfm.o)
                0x000000000000edec                z80_tfm
 *fill*         0x000000000000f48a        0x2 
 .text          0x000000000000f48c        0x0 /opt/toolchains/gen//m68k-elf/lib/libmd.a(libres.o)
 .text          0x000000000000f48c        0x0 /opt/toolchains/gen//m68k-elf/lib/libmd.a(tab_vol.o)
 .text          0x000000000000f48c      0x656 /opt/toolchains/gen//m68k-elf/lib/libmd.a(maths.o)
                0x000000000000f48c                random
                0x000000000000f4ac                intToBCD
                0x000000000000f540                distance_approx
                0x000000000000f592                Partition_u8
                0x000000000000f614                QSort_u8
                0x000000000000f662                Partition_s8
                0x000000000000f6e4                QSort_s8
                0x000000000000f732                Partition_u16
                0x000000000000f7c2                QSort_u16
                0x000000000000f810                Partition_s16
                0x000000000000f8a0                QSort_s16
                0x000000000000f8ee                Partition_u32
                0x000000000000f99a                QSort_u32
                0x000000000000f9e8                Partition_s32
                0x000000000000fa94                QSort_s32
 *fill*         0x000000000000fae2        0x2 
 .text          0x000000000000fae4      0x8d2 /opt/toolchains/gen//m68k-elf/lib/libmd.a(string.o)
                0x000000000000fae4                strlen
                0x000000000000fbd0                strnlen
                0x000000000000fc0e                strcmp
                0x000000000000fc2e                strclr
                0x000000000000fc38                strcpy
                0x000000000000fc4a                strcat
                0x000000000000fc64                strreplace
                0x000000000000fc88                intToStr
                0x000000000000fcb6                uintToStr
                0x000000000000fcd2                intToHex
                0x000000000000fd86                fix32ToStr
                0x000000000000fe06                fix16ToStr
                0x000000000000fe80                sprintf
 *fill*         0x00000000000103b6        0x2 
 .text          0x00000000000103b8     0x1804 /opt/toolchains/gen//m68k-elf/lib/libmd.a(joy.o)
                0x0000000000010e50                JOY_setEventHandler
                0x0000000000010e5a                JOY_setSupport
                0x0000000000011292                JOY_init
                0x00000000000115d2                JOY_getPortType
                0x00000000000115f2                JOY_getJoypadType
                0x0000000000011612                JOY_readJoypad
                0x0000000000011662                JOY_readJoypadX
                0x0000000000011684                JOY_readJoypadY
                0x00000000000116a6                JOY_update
                0x0000000000011ac8                JOY_waitPressTime
                0x0000000000011b6e                JOY_waitPressBtn
                0x0000000000011b84                JOY_waitPressBtnTime
                0x0000000000011ba0                JOY_waitPress
 .text          0x0000000000011bbc        0xc /opt/toolchains/gen//m68k-elf/lib/libmd.a(types.o)
                0x0000000000011bbc                getZeroU8
                0x0000000000011bc0                getZeroU16
                0x0000000000011bc4                getZeroU32
 .text          0x0000000000011bc8       0x22 /opt/toolchains/gen//m68k-elf/lib/gcc/m68k-elf/4.8.2/libgcc.a(_mulsi3.o)
                0x0000000000011bc8                __mulsi3
 *fill*         0x0000000000011bea        0x2 
 .text          0x0000000000011bec       0x5c /opt/toolchains/gen//m68k-elf/lib/gcc/m68k-elf/4.8.2/libgcc.a(_udivsi3.o)
                0x0000000000011bec                __udivsi3
 .text          0x0000000000011c48       0x2e /opt/toolchains/gen//m68k-elf/lib/gcc/m68k-elf/4.8.2/libgcc.a(_divsi3.o)
                0x0000000000011c48                __divsi3
 *fill*         0x0000000000011c76        0x2 
 .text          0x0000000000011c78       0x2e /opt/toolchains/gen//m68k-elf/lib/gcc/m68k-elf/4.8.2/libgcc.a(_umodsi3.o)
                0x0000000000011c78                __umodsi3
 *fill*         0x0000000000011ca6        0x2 
 .text          0x0000000000011ca8      0xc5e main.o
                0x0000000000011cce                in_range
                0x0000000000011cea                gsrand
                0x0000000000011d16                tile_draw
                0x0000000000011db4                thing_make
                0x0000000000011dce                thing_collide
                0x0000000000011ebc                thing_destroy
                0x0000000000011ee2                thing_damage
                0x0000000000011f1a                thing_move
                0x00000000000120aa                thing_move_toward
                0x000000000001214e                joypad_handle
                0x0000000000012234                level_generate_room
                0x00000000000122e8                room_open_connections
                0x00000000000123a2                level_unconnected_rooms
                0x00000000000123ca                level_get_first_unconnected
                0x000000000001240e                level_connect_rooms
                0x0000000000012610                level_generate
                0x0000000000012908                . = ALIGN (0x4)
 *fill*         0x0000000000012906        0x2 
                0x0000000000012908                __CTOR_LIST__ = .
                0x0000000000012908        0x4 LONG 0x0 (((__CTOR_END__ - __CTOR_LIST__) / 0x4) - 0x2)
 *(.ctors)
                0x000000000001290c        0x4 LONG 0x0
                0x0000000000012910                __CTOR_END__ = .
                0x0000000000012910                __DTOR_LIST__ = .
                0x0000000000012910        0x4 LONG 0x0 (((__DTOR_END__ - __DTOR_LIST__) / 0x4) - 0x2)
 *(.dtors)
                0x0000000000012914        0x4 LONG 0x0
                0x0000000000012918                __DTOR_END__ = .
 *(.rodata .rodata.*)
 .rodata.str1.1
                0x0000000000012918      0x13c /opt/toolchains/gen//m68k-elf/lib/libmd.a(sys.o)
                                        0x13e (size before relaxing)
 .rodata.str1.1
                0x0000000000012a54       0x21 /opt/toolchains/gen//m68k-elf/lib/libmd.a(vdp.o)
                                         0x4c (size before relaxing)
 *fill*         0x0000000000012a75        0x1 
 .rodata        0x0000000000012a76        0x4 /opt/toolchains/gen//m68k-elf/lib/libmd.a(vdp.o)
                0x0000000000012a76                PLAN_A
                0x0000000000012a78                PLAN_B
 .rodata.str1.1
                0x0000000000000000        0x2 /opt/toolchains/gen//m68k-elf/lib/libmd.a(tools.o)
 .rodata        0x0000000000012a7a      0x104 /opt/toolchains/gen//m68k-elf/lib/libmd.a(vdp_pal.o)
                0x0000000000012a7a                palette_blue
                0x0000000000012a9a                palette_green
                0x0000000000012aba                palette_red
                0x0000000000012ada                palette_grey
                0x0000000000012afa                palette_black
                0x0000000000012afe                palette_black_all
 .rodata        0x0000000000012b7e      0xe40 /opt/toolchains/gen//m68k-elf/lib/libmd.a(z80_vgm.o)
                0x0000000000012b7e                z80_vgm
 .rodata        0x00000000000139be      0x6f4 /opt/toolchains/gen//m68k-elf/lib/libmd.a(tab_cnv.o)
                0x00000000000139be                cnv_bcd_tab
                0x0000000000013a22                cnv_8to32_tab
                0x0000000000013e22                cnv_8to16_tab
                0x0000000000014022                cnv_4to32_tab
                0x0000000000014062                cnv_4to16_tab
                0x0000000000014082                cnv_4to8_tab
                0x0000000000014092                cnv_2to32_tab
                0x00000000000140a2                cnv_2to16_tab
                0x00000000000140aa                cnv_2to8_tab
                0x00000000000140ae                cnv_2to4_tab
 .rodata        0x00000000000140b2      0xcec /opt/toolchains/gen//m68k-elf/lib/libmd.a(libres.o)
                0x0000000000014a58                logo_lib
                0x0000000000014cc2                font_lib
                0x0000000000014cea                font_pal_lib
                0x0000000000014cf2                stop_xgm
 .rodata        0x0000000000014d9e     0x1000 /opt/toolchains/gen//m68k-elf/lib/libmd.a(tab_vol.o)
                0x0000000000014d9e                tab_vol
 .rodata.str1.1
                0x0000000000015d9e       0x29 /opt/toolchains/gen//m68k-elf/lib/libmd.a(string.o)
 *fill*         0x0000000000015dc7        0x1 
 .rodata        0x0000000000015dc8       0x18 /opt/toolchains/gen//m68k-elf/lib/libmd.a(joy.o)
 .rodata.str1.1
                0x0000000000015de0       0x1f main.o
                                         0x26 (size before relaxing)
 *fill*         0x0000000000015dff        0x1 
 .rodata        0x0000000000015e00       0x40 main.o
                0x0000000000015e20                tile_1
 *(.gcc_except_table .gcc_except_table.*)
                0x0000000000015e40                . = ALIGN (0x4)
                0x0000000000015e40                __INIT_SECTION__ = .
 *(.init)
                0x0000000000015e40        0x2 SHORT 0x4e75
                0x0000000000015e42                __FINI_SECTION__ = .
 *(.fini)
                0x0000000000015e42        0x2 SHORT 0x4e75
                0x0000000000015e44                _etext = .
 *(.lit)
                0x0000000000015e44                _stext = SIZEOF (.text)

.data           0x0000000000ff0000        0x4 load address 0x0000000000015e44
 *(.got.plt)
 *(.got)
 *(.shdata)
 *(.data .data.*)
 .data          0x0000000000ff0000        0x0 boot/sega.o
 .data          0x0000000000ff0000        0x0 /opt/toolchains/gen//m68k-elf/lib/libmd.a(sys.o)
 .data          0x0000000000ff0000        0x0 /opt/toolchains/gen//m68k-elf/lib/libmd.a(vdp.o)
 .data          0x0000000000ff0000        0x4 /opt/toolchains/gen//m68k-elf/lib/libmd.a(dma.o)
 .data          0x0000000000ff0004        0x0 /opt/toolchains/gen//m68k-elf/lib/libmd.a(tools.o)
 .data          0x0000000000ff0004        0x0 /opt/toolchains/gen//m68k-elf/lib/libmd.a(memory.o)
 .data          0x0000000000ff0004        0x0 /opt/toolchains/gen//m68k-elf/lib/libmd.a(vdp_tile.o)
 .data          0x0000000000ff0004        0x0 /opt/toolchains/gen//m68k-elf/lib/libmd.a(z80_ctrl.o)
 .data          0x0000000000ff0004        0x0 /opt/toolchains/gen//m68k-elf/lib/libmd.a(sound.o)
 .data          0x0000000000ff0004        0x0 /opt/toolchains/gen//m68k-elf/lib/libmd.a(ym2612.o)
 .data          0x0000000000ff0004        0x0 /opt/toolchains/gen//m68k-elf/lib/libmd.a(vdp_pal.o)
 .data          0x0000000000ff0004        0x0 /opt/toolchains/gen//m68k-elf/lib/libmd.a(psg.o)
 .data          0x0000000000ff0004        0x0 /opt/toolchains/gen//m68k-elf/lib/libmd.a(z80_vgm.o)
 .data          0x0000000000ff0004        0x0 /opt/toolchains/gen//m68k-elf/lib/libmd.a(vdp_spr.o)
 .data          0x0000000000ff0004        0x0 /opt/toolchains/gen//m68k-elf/lib/libmd.a(tab_cnv.o)
 .data          0x0000000000ff0004        0x0 /opt/toolchains/gen//m68k-elf/lib/libmd.a(vdp_dma.o)
 .data          0x0000000000ff0004        0x0 /opt/toolchains/gen//m68k-elf/lib/libmd.a(bmp.o)
 .data          0x0000000000ff0004        0x0 /opt/toolchains/gen//m68k-elf/lib/libmd.a(timer.o)
 .data          0x0000000000ff0004        0x0 /opt/toolchains/gen//m68k-elf/lib/libmd.a(tile_cache.o)
 .data          0x0000000000ff0004        0x0 /opt/toolchains/gen//m68k-elf/lib/libmd.a(vdp_bg.o)
 .data          0x0000000000ff0004        0x0 /opt/toolchains/gen//m68k-elf/lib/libmd.a(smp_null_pcm.o)
 .data          0x0000000000ff0004        0x0 /opt/toolchains/gen//m68k-elf/lib/libmd.a(vdp_tile_a.o)
 .data          0x0000000000ff0004        0x0 /opt/toolchains/gen//m68k-elf/lib/libmd.a(memory_a.o)
 .data          0x0000000000ff0004        0x0 /opt/toolchains/gen//m68k-elf/lib/libmd.a(vdp_pal_a.o)
 .data          0x0000000000ff0004        0x0 /opt/toolchains/gen//m68k-elf/lib/libmd.a(sys_a.o)
 .data          0x0000000000ff0004        0x0 /opt/toolchains/gen//m68k-elf/lib/libmd.a(kdebug.o)
 .data          0x0000000000ff0004        0x0 /opt/toolchains/gen//m68k-elf/lib/libmd.a(smp_null.o)
 .data          0x0000000000ff0004        0x0 /opt/toolchains/gen//m68k-elf/lib/libmd.a(bmp_a.o)
 .data          0x0000000000ff0004        0x0 /opt/toolchains/gen//m68k-elf/lib/libmd.a(tools_a.o)
 .data          0x0000000000ff0004        0x0 /opt/toolchains/gen//m68k-elf/lib/libmd.a(z80_drv1.o)
 .data          0x0000000000ff0004        0x0 /opt/toolchains/gen//m68k-elf/lib/libmd.a(z80_drv2.o)
 .data          0x0000000000ff0004        0x0 /opt/toolchains/gen//m68k-elf/lib/libmd.a(z80_mvs.o)
 .data          0x0000000000ff0004        0x0 /opt/toolchains/gen//m68k-elf/lib/libmd.a(z80_drv3.o)
 .data          0x0000000000ff0004        0x0 /opt/toolchains/gen//m68k-elf/lib/libmd.a(z80_xgm.o)
 .data          0x0000000000ff0004        0x0 /opt/toolchains/gen//m68k-elf/lib/libmd.a(z80_tfm.o)
 .data          0x0000000000ff0004        0x0 /opt/toolchains/gen//m68k-elf/lib/libmd.a(libres.o)
 .data          0x0000000000ff0004        0x0 /opt/toolchains/gen//m68k-elf/lib/libmd.a(tab_vol.o)
 .data          0x0000000000ff0004        0x0 /opt/toolchains/gen//m68k-elf/lib/libmd.a(maths.o)
 .data          0x0000000000ff0004        0x0 /opt/toolchains/gen//m68k-elf/lib/libmd.a(string.o)
 .data          0x0000000000ff0004        0x0 /opt/toolchains/gen//m68k-elf/lib/libmd.a(joy.o)
 .data          0x0000000000ff0004        0x0 /opt/toolchains/gen//m68k-elf/lib/libmd.a(types.o)
 .data          0x0000000000ff0004        0x0 /opt/toolchains/gen//m68k-elf/lib/gcc/m68k-elf/4.8.2/libgcc.a(_mulsi3.o)
 .data          0x0000000000ff0004        0x0 /opt/toolchains/gen//m68k-elf/lib/gcc/m68k-elf/4.8.2/libgcc.a(_udivsi3.o)
 .data          0x0000000000ff0004        0x0 /opt/toolchains/gen//m68k-elf/lib/gcc/m68k-elf/4.8.2/libgcc.a(_divsi3.o)
 .data          0x0000000000ff0004        0x0 /opt/toolchains/gen//m68k-elf/lib/gcc/m68k-elf/4.8.2/libgcc.a(_umodsi3.o)
 .data          0x0000000000ff0004        0x0 main.o
                0x0000000000ff0004                _edata = .
                0x0000000000000004                _sdata = SIZEOF (.data)

.bss            0x0000000000ff0004     0x2596 load address 0x0000000000015e48
                0x0000000000ff0004                _start = .
 *(.shbss)
 *(.bss .bss.*)
 .bss           0x0000000000ff0004        0x0 boot/sega.o
 .bss           0x0000000000ff0004       0x14 /opt/toolchains/gen//m68k-elf/lib/libmd.a(sys.o)
 .bss           0x0000000000ff0018       0x13 /opt/toolchains/gen//m68k-elf/lib/libmd.a(vdp.o)
 *fill*         0x0000000000ff002b        0x1 
 .bss           0x0000000000ff002c        0xc /opt/toolchains/gen//m68k-elf/lib/libmd.a(dma.o)
 .bss           0x0000000000ff0038       0x10 /opt/toolchains/gen//m68k-elf/lib/libmd.a(tools.o)
 .bss           0x0000000000ff0048        0x8 /opt/toolchains/gen//m68k-elf/lib/libmd.a(memory.o)
 .bss           0x0000000000ff0050        0x0 /opt/toolchains/gen//m68k-elf/lib/libmd.a(vdp_tile.o)
 .bss           0x0000000000ff0050        0x0 /opt/toolchains/gen//m68k-elf/lib/libmd.a(z80_ctrl.o)
 .bss           0x0000000000ff0050       0x8c /opt/toolchains/gen//m68k-elf/lib/libmd.a(sound.o)
 .bss           0x0000000000ff00dc        0x0 /opt/toolchains/gen//m68k-elf/lib/libmd.a(ym2612.o)
 .bss           0x0000000000ff00dc      0x386 /opt/toolchains/gen//m68k-elf/lib/libmd.a(vdp_pal.o)
 *fill*         0x0000000000ff0462        0x2 
 .bss           0x0000000000ff0464        0x0 /opt/toolchains/gen//m68k-elf/lib/libmd.a(psg.o)
 .bss           0x0000000000ff0464        0x0 /opt/toolchains/gen//m68k-elf/lib/libmd.a(z80_vgm.o)
 .bss           0x0000000000ff0464        0x0 /opt/toolchains/gen//m68k-elf/lib/libmd.a(vdp_spr.o)
 .bss           0x0000000000ff0464        0x0 /opt/toolchains/gen//m68k-elf/lib/libmd.a(tab_cnv.o)
 .bss           0x0000000000ff0464        0x0 /opt/toolchains/gen//m68k-elf/lib/libmd.a(vdp_dma.o)
 .bss           0x0000000000ff0464       0x14 /opt/toolchains/gen//m68k-elf/lib/libmd.a(bmp.o)
 .bss           0x0000000000ff0478       0x40 /opt/toolchains/gen//m68k-elf/lib/libmd.a(timer.o)
 .bss           0x0000000000ff04b8        0x4 /opt/toolchains/gen//m68k-elf/lib/libmd.a(tile_cache.o)
 .bss           0x0000000000ff04bc        0x0 /opt/toolchains/gen//m68k-elf/lib/libmd.a(vdp_bg.o)
 .bss           0x0000000000ff04bc        0x0 /opt/toolchains/gen//m68k-elf/lib/libmd.a(smp_null_pcm.o)
 .bss           0x0000000000ff04bc        0x0 /opt/toolchains/gen//m68k-elf/lib/libmd.a(vdp_tile_a.o)
 .bss           0x0000000000ff04bc        0x0 /opt/toolchains/gen//m68k-elf/lib/libmd.a(memory_a.o)
 .bss           0x0000000000ff04bc        0x0 /opt/toolchains/gen//m68k-elf/lib/libmd.a(vdp_pal_a.o)
 .bss           0x0000000000ff04bc        0x0 /opt/toolchains/gen//m68k-elf/lib/libmd.a(sys_a.o)
 .bss           0x0000000000ff04bc        0x0 /opt/toolchains/gen//m68k-elf/lib/libmd.a(kdebug.o)
 .bss           0x0000000000ff04bc        0x0 /opt/toolchains/gen//m68k-elf/lib/libmd.a(smp_null.o)
 .bss           0x0000000000ff04bc        0x0 /opt/toolchains/gen//m68k-elf/lib/libmd.a(bmp_a.o)
 .bss           0x0000000000ff04bc        0x0 /opt/toolchains/gen//m68k-elf/lib/libmd.a(tools_a.o)
 .bss           0x0000000000ff04bc        0x0 /opt/toolchains/gen//m68k-elf/lib/libmd.a(z80_drv1.o)
 .bss           0x0000000000ff04bc        0x0 /opt/toolchains/gen//m68k-elf/lib/libmd.a(z80_drv2.o)
 .bss           0x0000000000ff04bc        0x0 /opt/toolchains/gen//m68k-elf/lib/libmd.a(z80_mvs.o)
 .bss           0x0000000000ff04bc        0x0 /opt/toolchains/gen//m68k-elf/lib/libmd.a(z80_drv3.o)
 .bss           0x0000000000ff04bc        0x0 /opt/toolchains/gen//m68k-elf/lib/libmd.a(z80_xgm.o)
 .bss           0x0000000000ff04bc        0x0 /opt/toolchains/gen//m68k-elf/lib/libmd.a(z80_tfm.o)
 .bss           0x0000000000ff04bc        0x0 /opt/toolchains/gen//m68k-elf/lib/libmd.a(libres.o)
 .bss           0x0000000000ff04bc        0x0 /opt/toolchains/gen//m68k-elf/lib/libmd.a(tab_vol.o)
 .bss           0x0000000000ff04bc        0x0 /opt/toolchains/gen//m68k-elf/lib/libmd.a(maths.o)
 .bss           0x0000000000ff04bc        0x0 /opt/toolchains/gen//m68k-elf/lib/libmd.a(string.o)
 .bss           0x0000000000ff04bc       0x46 /opt/toolchains/gen//m68k-elf/lib/libmd.a(joy.o)
 *fill*         0x0000000000ff0502        0x2 
 .bss           0x0000000000ff0504        0x0 /opt/toolchains/gen//m68k-elf/lib/libmd.a(types.o)
 .bss           0x0000000000ff0504        0x0 /opt/toolchains/gen//m68k-elf/lib/gcc/m68k-elf/4.8.2/libgcc.a(_mulsi3.o)
 .bss           0x0000000000ff0504        0x0 /opt/toolchains/gen//m68k-elf/lib/gcc/m68k-elf/4.8.2/libgcc.a(_udivsi3.o)
 .bss           0x0000000000ff0504        0x0 /opt/toolchains/gen//m68k-elf/lib/gcc/m68k-elf/4.8.2/libgcc.a(_divsi3.o)
 .bss           0x0000000000ff0504        0x0 /opt/toolchains/gen//m68k-elf/lib/gcc/m68k-elf/4.8.2/libgcc.a(_umodsi3.o)
 .bss           0x0000000000ff0504       0x24 main.o
                0x0000000000ff0504                connections
 *(COMMON)
 COMMON         0x0000000000ff0528       0x94 /opt/toolchains/gen//m68k-elf/lib/libmd.a(sys.o)
                0x0000000000ff0528                illegalInstCB
                0x0000000000ff052c                errorExceptionCB
                0x0000000000ff0530                trapvInstCB
                0x0000000000ff0534                chkInstCB
                0x0000000000ff0538                registerState
                0x0000000000ff0578                srState
                0x0000000000ff057a                line1x1xCB
                0x0000000000ff057e                ext2State
                0x0000000000ff0580                traceCB
                0x0000000000ff0584                intTrace
                0x0000000000ff0586                zeroDivideCB
                0x0000000000ff058a                internalExtIntCB
                0x0000000000ff058e                internalVIntCB
                0x0000000000ff0592                intCB
                0x0000000000ff0596                addressErrorCB
                0x0000000000ff059a                VIntProcess
                0x0000000000ff059e                ExtIntProcess
                0x0000000000ff05a2                HIntProcess
                0x0000000000ff05a6                privilegeViolationCB
                0x0000000000ff05aa                pcState
                0x0000000000ff05ae                ext1State
                0x0000000000ff05b0                busErrorCB
                0x0000000000ff05b4                internalHIntCB
                0x0000000000ff05b8                addrState
 COMMON         0x0000000000ff05bc        0xe /opt/toolchains/gen//m68k-elf/lib/libmd.a(vdp.o)
                0x0000000000ff05bc                slist_adr
                0x0000000000ff05be                hscrl_adr
                0x0000000000ff05c0                screenHeight
                0x0000000000ff05c2                screenWidth
                0x0000000000ff05c4                aplan_adr
                0x0000000000ff05c6                bplan_adr
                0x0000000000ff05c8                window_adr
 COMMON         0x0000000000ff05ca      0x200 /opt/toolchains/gen//m68k-elf/lib/libmd.a(dma.o)
                0x0000000000ff05ca                dmaQueues
 COMMON         0x0000000000ff07ca        0x4 /opt/toolchains/gen//m68k-elf/lib/libmd.a(z80_ctrl.o)
                0x0000000000ff07ca                driverFlags
                0x0000000000ff07cc                currentDriver
 COMMON         0x0000000000ff07ce      0x282 /opt/toolchains/gen//m68k-elf/lib/libmd.a(vdp_spr.o)
                0x0000000000ff07ce                spriteNum
                0x0000000000ff07d0                vdpSpriteCache
 COMMON         0x0000000000ff0a50        0x8 /opt/toolchains/gen//m68k-elf/lib/libmd.a(bmp.o)
                0x0000000000ff0a50                bmp_buffer_write
                0x0000000000ff0a54                bmp_buffer_read
 COMMON         0x0000000000ff0a58        0x4 /opt/toolchains/gen//m68k-elf/lib/libmd.a(timer.o)
                0x0000000000ff0a58                vtimer
 COMMON         0x0000000000ff0a5c        0x4 /opt/toolchains/gen//m68k-elf/lib/libmd.a(tile_cache.o)
                0x0000000000ff0a5c                uploads
 COMMON         0x0000000000ff0a60        0x8 /opt/toolchains/gen//m68k-elf/lib/libmd.a(vdp_bg.o)
                0x0000000000ff0a60                text_basetile
                0x0000000000ff0a62                curTileInd
                0x0000000000ff0a64                text_plan
 COMMON         0x0000000000ff0a68        0x2 /opt/toolchains/gen//m68k-elf/lib/libmd.a(maths.o)
                0x0000000000ff0a68                randbase
 COMMON         0x0000000000ff0a6a     0x1b30 main.o
                0x0000000000ff0a6a                things
                0x0000000000ff0c6a                player
                0x0000000000ff0c7a                blocker
                0x0000000000ff0c8a                maparray
                0x0000000000ff258a                empty
                0x0000000000ff259a                _bend = .

.stab
 *(.stab)

.stabstr
 *(.stabstr)

.eh_frame
 *(.eh_frame)
LOAD boot/sega.o
LOAD /opt/toolchains/gen//m68k-elf/lib/libmd.a
LOAD /opt/toolchains/gen//m68k-elf/lib/gcc/m68k-elf/4.8.2/libgcc.a
LOAD main.o
LOAD /opt/toolchains/gen//m68k-elf/lib/libmd.a
LOAD /opt/toolchains/gen//m68k-elf/m68k-elf/lib/libnosys.a
OUTPUT(out.elf elf32-m68k)

.comment        0x0000000000000000       0x11
 .comment       0x0000000000000000       0x11 /opt/toolchains/gen//m68k-elf/lib/libmd.a(sys.o)
                                         0x12 (size before relaxing)
 .comment       0x0000000000000000       0x12 /opt/toolchains/gen//m68k-elf/lib/libmd.a(vdp.o)
 .comment       0x0000000000000000       0x12 /opt/toolchains/gen//m68k-elf/lib/libmd.a(dma.o)
 .comment       0x0000000000000000       0x12 /opt/toolchains/gen//m68k-elf/lib/libmd.a(tools.o)
 .comment       0x0000000000000000       0x12 /opt/toolchains/gen//m68k-elf/lib/libmd.a(memory.o)
 .comment       0x0000000000000000       0x12 /opt/toolchains/gen//m68k-elf/lib/libmd.a(vdp_tile.o)
 .comment       0x0000000000000000       0x12 /opt/toolchains/gen//m68k-elf/lib/libmd.a(z80_ctrl.o)
 .comment       0x0000000000000000       0x12 /opt/toolchains/gen//m68k-elf/lib/libmd.a(sound.o)
 .comment       0x0000000000000000       0x12 /opt/toolchains/gen//m68k-elf/lib/libmd.a(ym2612.o)
 .comment       0x0000000000000000       0x12 /opt/toolchains/gen//m68k-elf/lib/libmd.a(vdp_pal.o)
 .comment       0x0000000000000000       0x12 /opt/toolchains/gen//m68k-elf/lib/libmd.a(psg.o)
 .comment       0x0000000000000000       0x12 /opt/toolchains/gen//m68k-elf/lib/libmd.a(z80_vgm.o)
 .comment       0x0000000000000000       0x12 /opt/toolchains/gen//m68k-elf/lib/libmd.a(vdp_spr.o)
 .comment       0x0000000000000000       0x12 /opt/toolchains/gen//m68k-elf/lib/libmd.a(tab_cnv.o)
 .comment       0x0000000000000000       0x12 /opt/toolchains/gen//m68k-elf/lib/libmd.a(vdp_dma.o)
 .comment       0x0000000000000000       0x12 /opt/toolchains/gen//m68k-elf/lib/libmd.a(bmp.o)
 .comment       0x0000000000000000       0x12 /opt/toolchains/gen//m68k-elf/lib/libmd.a(timer.o)
 .comment       0x0000000000000000       0x12 /opt/toolchains/gen//m68k-elf/lib/libmd.a(tile_cache.o)
 .comment       0x0000000000000000       0x12 /opt/toolchains/gen//m68k-elf/lib/libmd.a(vdp_bg.o)
 .comment       0x0000000000000000       0x12 /opt/toolchains/gen//m68k-elf/lib/libmd.a(tab_vol.o)
 .comment       0x0000000000000000       0x12 /opt/toolchains/gen//m68k-elf/lib/libmd.a(maths.o)
 .comment       0x0000000000000000       0x12 /opt/toolchains/gen//m68k-elf/lib/libmd.a(string.o)
 .comment       0x0000000000000000       0x12 /opt/toolchains/gen//m68k-elf/lib/libmd.a(joy.o)
 .comment       0x0000000000000000       0x12 /opt/toolchains/gen//m68k-elf/lib/libmd.a(types.o)
 .comment       0x0000000000000000       0x12 main.o

.debug_line     0x0000000000000000      0x1cd
 .debug_line    0x0000000000000000       0x6a /opt/toolchains/gen//m68k-elf/lib/gcc/m68k-elf/4.8.2/libgcc.a(_mulsi3.o)
 .debug_line    0x000000000000006a       0x83 /opt/toolchains/gen//m68k-elf/lib/gcc/m68k-elf/4.8.2/libgcc.a(_udivsi3.o)
 .debug_line    0x00000000000000ed       0x72 /opt/toolchains/gen//m68k-elf/lib/gcc/m68k-elf/4.8.2/libgcc.a(_divsi3.o)
 .debug_line    0x000000000000015f       0x6e /opt/toolchains/gen//m68k-elf/lib/gcc/m68k-elf/4.8.2/libgcc.a(_umodsi3.o)

.debug_info     0x0000000000000000      0x288
 .debug_info    0x0000000000000000       0xa2 /opt/toolchains/gen//m68k-elf/lib/gcc/m68k-elf/4.8.2/libgcc.a(_mulsi3.o)
 .debug_info    0x00000000000000a2       0xa2 /opt/toolchains/gen//m68k-elf/lib/gcc/m68k-elf/4.8.2/libgcc.a(_udivsi3.o)
 .debug_info    0x0000000000000144       0xa2 /opt/toolchains/gen//m68k-elf/lib/gcc/m68k-elf/4.8.2/libgcc.a(_divsi3.o)
 .debug_info    0x00000000000001e6       0xa2 /opt/toolchains/gen//m68k-elf/lib/gcc/m68k-elf/4.8.2/libgcc.a(_umodsi3.o)

.debug_abbrev   0x0000000000000000       0x50
 .debug_abbrev  0x0000000000000000       0x14 /opt/toolchains/gen//m68k-elf/lib/gcc/m68k-elf/4.8.2/libgcc.a(_mulsi3.o)
 .debug_abbrev  0x0000000000000014       0x14 /opt/toolchains/gen//m68k-elf/lib/gcc/m68k-elf/4.8.2/libgcc.a(_udivsi3.o)
 .debug_abbrev  0x0000000000000028       0x14 /opt/toolchains/gen//m68k-elf/lib/gcc/m68k-elf/4.8.2/libgcc.a(_divsi3.o)
 .debug_abbrev  0x000000000000003c       0x14 /opt/toolchains/gen//m68k-elf/lib/gcc/m68k-elf/4.8.2/libgcc.a(_umodsi3.o)

.debug_aranges  0x0000000000000000       0x80
 .debug_aranges
                0x0000000000000000       0x20 /opt/toolchains/gen//m68k-elf/lib/gcc/m68k-elf/4.8.2/libgcc.a(_mulsi3.o)
 .debug_aranges
                0x0000000000000020       0x20 /opt/toolchains/gen//m68k-elf/lib/gcc/m68k-elf/4.8.2/libgcc.a(_udivsi3.o)
 .debug_aranges
                0x0000000000000040       0x20 /opt/toolchains/gen//m68k-elf/lib/gcc/m68k-elf/4.8.2/libgcc.a(_divsi3.o)
 .debug_aranges
                0x0000000000000060       0x20 /opt/toolchains/gen//m68k-elf/lib/gcc/m68k-elf/4.8.2/libgcc.a(_umodsi3.o)
