Archive member included because of file (symbol)

/opt/toolchains/gen//m68k-elf/lib/libmd.a(sys.o)
                              boot/sega.o (registerState)
/opt/toolchains/gen//m68k-elf/lib/libmd.a(vdp.o)
                              /opt/toolchains/gen//m68k-elf/lib/libmd.a(sys.o) (VDP_init)
/opt/toolchains/gen//m68k-elf/lib/libmd.a(dma.o)
                              /opt/toolchains/gen//m68k-elf/lib/libmd.a(sys.o) (DMA_flushQueue)
/opt/toolchains/gen//m68k-elf/lib/libmd.a(tools.o)
                              /opt/toolchains/gen//m68k-elf/lib/libmd.a(vdp.o) (getFPS)
/opt/toolchains/gen//m68k-elf/lib/libmd.a(memory.o)
                              /opt/toolchains/gen//m68k-elf/lib/libmd.a(sys.o) (MEM_init)
/opt/toolchains/gen//m68k-elf/lib/libmd.a(vdp_tile.o)
                              /opt/toolchains/gen//m68k-elf/lib/libmd.a(vdp.o) (VDP_loadFont)
/opt/toolchains/gen//m68k-elf/lib/libmd.a(z80_ctrl.o)
                              /opt/toolchains/gen//m68k-elf/lib/libmd.a(sys.o) (Z80_init)
/opt/toolchains/gen//m68k-elf/lib/libmd.a(sound.o)
                              /opt/toolchains/gen//m68k-elf/lib/libmd.a(sys.o) (SND_set68KBUSProtection_XGM)
/opt/toolchains/gen//m68k-elf/lib/libmd.a(ym2612.o)
                              /opt/toolchains/gen//m68k-elf/lib/libmd.a(z80_ctrl.o) (YM2612_reset)
/opt/toolchains/gen//m68k-elf/lib/libmd.a(vdp_pal.o)
                              /opt/toolchains/gen//m68k-elf/lib/libmd.a(sys.o) (VDP_doStepFading)
/opt/toolchains/gen//m68k-elf/lib/libmd.a(psg.o)
                              /opt/toolchains/gen//m68k-elf/lib/libmd.a(sys.o) (PSG_init)
/opt/toolchains/gen//m68k-elf/lib/libmd.a(z80_vgm.o)
                              /opt/toolchains/gen//m68k-elf/lib/libmd.a(z80_ctrl.o) (z80_vgm)
/opt/toolchains/gen//m68k-elf/lib/libmd.a(vdp_spr.o)
                              /opt/toolchains/gen//m68k-elf/lib/libmd.a(vdp.o) (VDP_resetSprites)
/opt/toolchains/gen//m68k-elf/lib/libmd.a(tab_cnv.o)
                              /opt/toolchains/gen//m68k-elf/lib/libmd.a(vdp_tile.o) (cnv_8to32_tab)
/opt/toolchains/gen//m68k-elf/lib/libmd.a(vdp_dma.o)
                              /opt/toolchains/gen//m68k-elf/lib/libmd.a(vdp_tile.o) (VDP_doDMA)
/opt/toolchains/gen//m68k-elf/lib/libmd.a(bmp.o)
                              /opt/toolchains/gen//m68k-elf/lib/libmd.a(sys.o) (BMP_doVBlankProcess)
/opt/toolchains/gen//m68k-elf/lib/libmd.a(timer.o)
                              /opt/toolchains/gen//m68k-elf/lib/libmd.a(tools.o) (getSubTick)
/opt/toolchains/gen//m68k-elf/lib/libmd.a(tile_cache.o)
                              /opt/toolchains/gen//m68k-elf/lib/libmd.a(sys.o) (uploads)
/opt/toolchains/gen//m68k-elf/lib/libmd.a(vdp_bg.o)
                              /opt/toolchains/gen//m68k-elf/lib/libmd.a(vdp.o) (VDP_setVerticalScroll)
/opt/toolchains/gen//m68k-elf/lib/libmd.a(smp_null_pcm.o)
                              /opt/toolchains/gen//m68k-elf/lib/libmd.a(z80_ctrl.o) (smp_null_pcm)
/opt/toolchains/gen//m68k-elf/lib/libmd.a(vdp_tile_a.o)
                              /opt/toolchains/gen//m68k-elf/lib/libmd.a(vdp_tile.o) (VDP_loadTileData)
/opt/toolchains/gen//m68k-elf/lib/libmd.a(memory_a.o)
                              /opt/toolchains/gen//m68k-elf/lib/libmd.a(memory.o) (memset)
/opt/toolchains/gen//m68k-elf/lib/libmd.a(vdp_pal_a.o)
                              /opt/toolchains/gen//m68k-elf/lib/libmd.a(vdp_pal.o) (VDP_getPaletteColors)
/opt/toolchains/gen//m68k-elf/lib/libmd.a(sys_a.o)
                              /opt/toolchains/gen//m68k-elf/lib/libmd.a(timer.o) (SYS_getInterruptMaskLevel)
/opt/toolchains/gen//m68k-elf/lib/libmd.a(kdebug.o)
                              /opt/toolchains/gen//m68k-elf/lib/libmd.a(tools.o) (KDebug_Alert)
/opt/toolchains/gen//m68k-elf/lib/libmd.a(smp_null.o)
                              /opt/toolchains/gen//m68k-elf/lib/libmd.a(z80_ctrl.o) (smp_null)
/opt/toolchains/gen//m68k-elf/lib/libmd.a(bmp_a.o)
                              /opt/toolchains/gen//m68k-elf/lib/libmd.a(bmp.o) (clearBitmapBuffer)
/opt/toolchains/gen//m68k-elf/lib/libmd.a(tools_a.o)
                              /opt/toolchains/gen//m68k-elf/lib/libmd.a(tools.o) (aplib_unpack)
/opt/toolchains/gen//m68k-elf/lib/libmd.a(z80_drv1.o)
                              /opt/toolchains/gen//m68k-elf/lib/libmd.a(z80_ctrl.o) (z80_drv1)
/opt/toolchains/gen//m68k-elf/lib/libmd.a(z80_drv2.o)
                              /opt/toolchains/gen//m68k-elf/lib/libmd.a(z80_ctrl.o) (z80_drv2)
/opt/toolchains/gen//m68k-elf/lib/libmd.a(z80_mvs.o)
                              /opt/toolchains/gen//m68k-elf/lib/libmd.a(z80_ctrl.o) (z80_mvs)
/opt/toolchains/gen//m68k-elf/lib/libmd.a(z80_drv3.o)
                              /opt/toolchains/gen//m68k-elf/lib/libmd.a(z80_ctrl.o) (z80_drv3)
/opt/toolchains/gen//m68k-elf/lib/libmd.a(z80_xgm.o)
                              /opt/toolchains/gen//m68k-elf/lib/libmd.a(z80_ctrl.o) (z80_xgm)
/opt/toolchains/gen//m68k-elf/lib/libmd.a(z80_tfm.o)
                              /opt/toolchains/gen//m68k-elf/lib/libmd.a(z80_ctrl.o) (z80_tfm)
/opt/toolchains/gen//m68k-elf/lib/libmd.a(libres.o)
                              /opt/toolchains/gen//m68k-elf/lib/libmd.a(vdp.o) (font_lib)
/opt/toolchains/gen//m68k-elf/lib/libmd.a(tab_vol.o)
                              /opt/toolchains/gen//m68k-elf/lib/libmd.a(z80_ctrl.o) (tab_vol)
/opt/toolchains/gen//m68k-elf/lib/libmd.a(maths.o)
                              /opt/toolchains/gen//m68k-elf/lib/libmd.a(sys.o) (randbase)
/opt/toolchains/gen//m68k-elf/lib/libmd.a(string.o)
                              /opt/toolchains/gen//m68k-elf/lib/libmd.a(sys.o) (strlen)
/opt/toolchains/gen//m68k-elf/lib/libmd.a(joy.o)
                              /opt/toolchains/gen//m68k-elf/lib/libmd.a(sys.o) (JOY_init)
/opt/toolchains/gen//m68k-elf/lib/libmd.a(types.o)
                              /opt/toolchains/gen//m68k-elf/lib/libmd.a(z80_ctrl.o) (getZeroU8)
/opt/toolchains/gen//m68k-elf/lib/gcc/m68k-elf/4.8.2/libgcc.a(_mulsi3.o)
                              /opt/toolchains/gen//m68k-elf/lib/libmd.a(tools.o) (__mulsi3)
/opt/toolchains/gen//m68k-elf/lib/gcc/m68k-elf/4.8.2/libgcc.a(_udivsi3.o)
                              /opt/toolchains/gen//m68k-elf/lib/libmd.a(tools.o) (__udivsi3)
/opt/toolchains/gen//m68k-elf/lib/gcc/m68k-elf/4.8.2/libgcc.a(_divsi3.o)
                              /opt/toolchains/gen//m68k-elf/lib/libmd.a(vdp_pal.o) (__divsi3)
/opt/toolchains/gen//m68k-elf/lib/gcc/m68k-elf/4.8.2/libgcc.a(_umodsi3.o)
                              /opt/toolchains/gen//m68k-elf/lib/libmd.a(string.o) (__umodsi3)

Allocating common symbols
Common symbol       size              file

illegalInstCB       0x4               /opt/toolchains/gen//m68k-elf/lib/libmd.a(sys.o)
slist_adr           0x2               /opt/toolchains/gen//m68k-elf/lib/libmd.a(vdp.o)
errorExceptionCB    0x4               /opt/toolchains/gen//m68k-elf/lib/libmd.a(sys.o)
trapvInstCB         0x4               /opt/toolchains/gen//m68k-elf/lib/libmd.a(sys.o)
things              0x200             main.o
vtimer              0x4               /opt/toolchains/gen//m68k-elf/lib/libmd.a(timer.o)
driverFlags         0x2               /opt/toolchains/gen//m68k-elf/lib/libmd.a(z80_ctrl.o)
dmaQueues           0x200             /opt/toolchains/gen//m68k-elf/lib/libmd.a(dma.o)
chkInstCB           0x4               /opt/toolchains/gen//m68k-elf/lib/libmd.a(sys.o)
player              0x10              main.o
registerState       0x40              /opt/toolchains/gen//m68k-elf/lib/libmd.a(sys.o)
text_basetile       0x2               /opt/toolchains/gen//m68k-elf/lib/libmd.a(vdp_bg.o)
bmp_buffer_write    0x4               /opt/toolchains/gen//m68k-elf/lib/libmd.a(bmp.o)
srState             0x2               /opt/toolchains/gen//m68k-elf/lib/libmd.a(sys.o)
line1x1xCB          0x4               /opt/toolchains/gen//m68k-elf/lib/libmd.a(sys.o)
randbase            0x2               /opt/toolchains/gen//m68k-elf/lib/libmd.a(maths.o)
ext2State           0x2               /opt/toolchains/gen//m68k-elf/lib/libmd.a(sys.o)
traceCB             0x4               /opt/toolchains/gen//m68k-elf/lib/libmd.a(sys.o)
intTrace            0x2               /opt/toolchains/gen//m68k-elf/lib/libmd.a(sys.o)
zeroDivideCB        0x4               /opt/toolchains/gen//m68k-elf/lib/libmd.a(sys.o)
curTileInd          0x2               /opt/toolchains/gen//m68k-elf/lib/libmd.a(vdp_bg.o)
hscrl_adr           0x2               /opt/toolchains/gen//m68k-elf/lib/libmd.a(vdp.o)
internalExtIntCB    0x4               /opt/toolchains/gen//m68k-elf/lib/libmd.a(sys.o)
spriteNum           0x2               /opt/toolchains/gen//m68k-elf/lib/libmd.a(vdp_spr.o)
text_plan           0x4               /opt/toolchains/gen//m68k-elf/lib/libmd.a(vdp_bg.o)
screenHeight        0x2               /opt/toolchains/gen//m68k-elf/lib/libmd.a(vdp.o)
internalVIntCB      0x4               /opt/toolchains/gen//m68k-elf/lib/libmd.a(sys.o)
intCB               0x4               /opt/toolchains/gen//m68k-elf/lib/libmd.a(sys.o)
screenWidth         0x2               /opt/toolchains/gen//m68k-elf/lib/libmd.a(vdp.o)
addressErrorCB      0x4               /opt/toolchains/gen//m68k-elf/lib/libmd.a(sys.o)
bmp_buffer_read     0x4               /opt/toolchains/gen//m68k-elf/lib/libmd.a(bmp.o)
VIntProcess         0x4               /opt/toolchains/gen//m68k-elf/lib/libmd.a(sys.o)
currentDriver       0x2               /opt/toolchains/gen//m68k-elf/lib/libmd.a(z80_ctrl.o)
vdpSpriteCache      0x280             /opt/toolchains/gen//m68k-elf/lib/libmd.a(vdp_spr.o)
uploads             0x4               /opt/toolchains/gen//m68k-elf/lib/libmd.a(tile_cache.o)
ExtIntProcess       0x4               /opt/toolchains/gen//m68k-elf/lib/libmd.a(sys.o)
aplan_adr           0x2               /opt/toolchains/gen//m68k-elf/lib/libmd.a(vdp.o)
bplan_adr           0x2               /opt/toolchains/gen//m68k-elf/lib/libmd.a(vdp.o)
HIntProcess         0x4               /opt/toolchains/gen//m68k-elf/lib/libmd.a(sys.o)
privilegeViolationCB
                    0x4               /opt/toolchains/gen//m68k-elf/lib/libmd.a(sys.o)
pcState             0x4               /opt/toolchains/gen//m68k-elf/lib/libmd.a(sys.o)
ext1State           0x2               /opt/toolchains/gen//m68k-elf/lib/libmd.a(sys.o)
busErrorCB          0x4               /opt/toolchains/gen//m68k-elf/lib/libmd.a(sys.o)
blocker             0x10              main.o
internalHIntCB      0x4               /opt/toolchains/gen//m68k-elf/lib/libmd.a(sys.o)
window_adr          0x2               /opt/toolchains/gen//m68k-elf/lib/libmd.a(vdp.o)
maparray            0x1900            main.o
addrState           0x4               /opt/toolchains/gen//m68k-elf/lib/libmd.a(sys.o)
empty               0x10              main.o

Memory Configuration

Name             Origin             Length             Attributes
rom              0x0000000000000000 0x0000000000a00000
ram              0x0000000000ff0000 0x0000000000010000
*default*        0x0000000000000000 0xffffffffffffffff

Linker script and memory map

                0x0000000000000000                __DYNAMIC = 0x0
                0x0000000001000000                PROVIDE (__stack, 0x1000000)

.text           0x0000000000000000    0x1570c
 *(.text.keepboot)
 .text.keepboot
                0x0000000000000000      0x5f4 boot/sega.o
 *(.text.*)
 .text.startup  0x00000000000005f4      0x1e8 main.o
                0x00000000000005f4                main
 *(.text)
 .text          0x00000000000007dc        0x0 boot/sega.o
 .text          0x00000000000007dc      0x9d8 /opt/toolchains/gen//m68k-elf/lib/libmd.a(sys.o)
                0x00000000000007dc                _trace_callback
                0x00000000000007de                _line1x1x_callback
                0x00000000000007e0                _int_callback
                0x00000000000007e2                _extint_callback
                0x0000000000000bd0                _buserror_callback
                0x0000000000000bf8                _addresserror_callback
                0x0000000000000cac                _illegalinst_callback
                0x0000000000000cd4                _chkinst_callback
                0x0000000000000cfc                _trapvinst_callback
                0x0000000000000d24                _vint_callback
                0x0000000000000e22                _hint_callback
                0x0000000000000f58                _zerodivide_callback
                0x0000000000000f80                _privilegeviolation_callback
                0x0000000000000fa8                _errorexception_callback
                0x0000000000000fd0                _start_entry
                0x0000000000001084                _reset_entry
                0x0000000000001094                SYS_disableInts
                0x00000000000010c4                SYS_enableInts
                0x00000000000010f0                SYS_setVIntPreCallback
                0x00000000000010fa                SYS_setVIntCallback
                0x0000000000001104                SYS_setHIntCallback
                0x000000000000110e                SYS_setExtIntCallback
                0x0000000000001118                SYS_isInVIntCallback
                0x0000000000001124                SYS_isInHIntCallback
                0x0000000000001130                SYS_isInExtIntCallback
                0x000000000000113c                SYS_isInInterrupt
                0x0000000000001144                SYS_isNTSC
                0x0000000000001154                SYS_isPAL
                0x0000000000001160                SYS_die
 .text          0x00000000000011b4      0x886 /opt/toolchains/gen//m68k-elf/lib/libmd.a(vdp.o)
                0x00000000000011b4                VDP_getReg
                0x00000000000011d4                VDP_setReg
                0x000000000000132c                VDP_getEnable
                0x0000000000001338                VDP_setEnable
                0x0000000000001364                VDP_getScanlineNumber
                0x000000000000137a                VDP_getScreenHeight
                0x0000000000001382                VDP_setScreenHeight224
                0x00000000000013a8                VDP_setScreenHeight240
                0x00000000000013da                VDP_getScreenWidth
                0x00000000000013e2                VDP_setScreenWidth256
                0x0000000000001408                VDP_setScreenWidth320
                0x000000000000142e                VDP_getPlanWidth
                0x0000000000001442                VDP_getPlanHeight
                0x0000000000001454                VDP_setPlanSize
                0x0000000000001488                VDP_getVerticalScrollingMode
                0x0000000000001496                VDP_getHorizontalScrollingMode
                0x00000000000014a2                VDP_setScrollingMode
                0x00000000000014d4                VDP_getBackgroundColor
                0x00000000000014dc                VDP_setBackgroundColor
                0x00000000000014fa                VDP_getAutoInc
                0x0000000000001502                VDP_setAutoInc
                0x000000000000151c                VDP_setHInterrupt
                0x0000000000001548                VDP_setHilightShadow
                0x0000000000001574                VDP_getHIntCounter
                0x000000000000157c                VDP_setHIntCounter
                0x0000000000001596                VDP_getAPlanAddress
                0x000000000000159e                VDP_getBPlanAddress
                0x00000000000015a6                VDP_getWindowAddress
                0x00000000000015ae                VDP_getWindowPlanAddress
                0x00000000000015b6                VDP_getSpriteListAddress
                0x00000000000015be                VDP_getHScrollTableAddress
                0x00000000000015c6                VDP_setAPlanAddress
                0x00000000000015ea                VDP_setWindowAddress
                0x000000000000162c                VDP_setWindowPlanAddress
                0x000000000000163c                VDP_setBPlanAddress
                0x0000000000001660                VDP_setSpriteListAddress
                0x00000000000016a2                VDP_setHScrollTableAddress
                0x00000000000016c8                VDP_setScanMode
                0x0000000000001710                VDP_waitDMACompletion
                0x000000000000171e                VDP_init
                0x0000000000001920                VDP_waitFIFOEmpty
                0x000000000000192e                VDP_waitVSync
                0x0000000000001948                VDP_resetScreen
                0x00000000000019bc                VDP_showFPS
 *fill*         0x0000000000001a3a        0x2 
 .text          0x0000000000001a3c      0x5a8 /opt/toolchains/gen//m68k-elf/lib/libmd.a(dma.o)
                0x0000000000001a3c                DMA_getAutoFlush
                0x0000000000001a44                DMA_setAutoFlush
                0x0000000000001a6a                DMA_getMaxTransferSize
                0x0000000000001a72                DMA_setMaxTransferSize
                0x0000000000001a7c                DMA_clearQueue
                0x0000000000001a96                DMA_flushQueue
                0x0000000000001b5a                DMA_getQueueSize
                0x0000000000001b62                DMA_getQueueTransferSize
                0x0000000000001b6a                DMA_queueDma
                0x0000000000001d54                DMA_waitCompletion
                0x0000000000001d62                DMA_doDma
                0x0000000000001eb2                DMA_doVRamFill
                0x0000000000001f5e                DMA_doVRamCopy
 .text          0x0000000000001fe4     0x1860 /opt/toolchains/gen//m68k-elf/lib/libmd.a(tools.o)
                0x0000000000001fe4                getFPS
                0x000000000000204c                getFPS_f
                0x00000000000020ce                KLog
                0x00000000000020f2                KLog_U1
                0x000000000000213e                KLog_U2
                0x00000000000021ac                KLog_U3
                0x0000000000002238                KLog_U4
                0x00000000000022e0                KLog_U1x
                0x0000000000002330                KLog_U2x
                0x00000000000023a0                KLog_U3x
                0x000000000000242c                KLog_U4x
                0x00000000000024d2                KLog_S1
                0x000000000000251e                KLog_S2
                0x000000000000258c                KLog_S3
                0x0000000000002618                KLog_S4
                0x00000000000026c0                KLog_S1x
                0x0000000000002710                KLog_S2x
                0x0000000000002780                KLog_S3x
                0x000000000000280c                KLog_S4x
                0x00000000000028b2                KLog_f1
                0x0000000000002902                KLog_f2
                0x0000000000002978                KLog_f3
                0x0000000000002a10                KLog_f4
                0x0000000000002ac8                KLog_f1x
                0x0000000000002b1c                KLog_f2x
                0x0000000000002b94                KLog_f3x
                0x0000000000002c2c                KLog_f4x
                0x0000000000002ce2                KLog_F1
                0x0000000000002d2e                KLog_F2
                0x0000000000002d9c                KLog_F3
                0x0000000000002e28                KLog_F4
                0x0000000000002ed0                KLog_F1x
                0x0000000000002f20                KLog_F2x
                0x0000000000002f90                KLog_F3x
                0x000000000000301c                KLog_F4x
                0x00000000000030c2                allocateBitmap
                0x0000000000003122                allocateBitmapEx
                0x0000000000003164                allocateTileSet
                0x00000000000031ae                allocateTileSetEx
                0x00000000000031da                allocateMap
                0x0000000000003224                allocateMapEx
                0x000000000000324e                allocateImage
                0x0000000000003312                rle4b_unpack
                0x000000000000336c                rlemap_unpack
                0x0000000000003404                unpackEx
                0x00000000000034b2                getTileSet
                0x0000000000003500                unpack
                0x000000000000351e                unpackBitmap
                0x00000000000035b0                unpackTileSet
                0x0000000000003622                unpackMap
                0x0000000000003698                unpackImage
                0x00000000000036ee                rle4b_unpackVRam
                0x000000000000377a                uftc_unpack_old
 .text          0x0000000000003844      0x236 /opt/toolchains/gen//m68k-elf/lib/libmd.a(memory.o)
                0x0000000000003844                MEM_init
                0x000000000000386c                MEM_getFree
                0x0000000000003896                MEM_free
                0x00000000000038a8                MEM_alloc
                0x0000000000003986                memcpyU16
                0x00000000000039a4                memcpyU32
                0x00000000000039c4                fastMemset
                0x00000000000039e4                fastMemsetU16
                0x0000000000003a04                fastMemsetU32
                0x0000000000003a20                fastMemcpy
                0x0000000000003a3c                fastMemcpyU16
                0x0000000000003a5a                fastMemcpyU32
 *fill*         0x0000000000003a7a        0x2 
 .text          0x0000000000003a7c      0xb94 /opt/toolchains/gen//m68k-elf/lib/libmd.a(vdp_tile.o)
                0x0000000000003a7c                VDP_loadTileSet
                0x0000000000003b26                VDP_loadFontData
                0x0000000000003b56                VDP_loadFont
                0x0000000000003b7c                VDP_loadBMPTileDataEx
                0x0000000000003bd0                VDP_fillTileData
                0x0000000000003c8a                VDP_setTileMap
                0x0000000000003cc8                VDP_setTileMapXY
                0x0000000000003d2e                VDP_fillTileMap
                0x0000000000003dca                VDP_fillTileMapRectByIndex
                0x0000000000003df4                VDP_fillTileMapRect
                0x0000000000003e9a                VDP_clearTileMap
                0x0000000000003eee                VDP_clearTileMapRectByIndex
                0x0000000000003f18                VDP_clearTileMapRect
                0x0000000000003f4c                VDP_fillTileMapInc
                0x0000000000004016                VDP_fillTileMapRectIncByIndex
                0x0000000000004040                VDP_fillTileMapRectInc
                0x00000000000040ec                VDP_setTileMapData
                0x00000000000041d0                VDP_setTileMapRectByIndex
                0x00000000000041fe                VDP_setTileMapDataRect
                0x00000000000042b6                VDP_setTileMapDataEx
                0x00000000000043a8                VDP_setTileMapRectExByIndex
                0x00000000000043da                VDP_setTileMapDataRectEx
                0x00000000000044c0                VDP_setTileMapRectEx
                0x0000000000004504                VDP_setMapEx
                0x00000000000045cc                VDP_setMap
 .text          0x0000000000004610      0x5f2 /opt/toolchains/gen//m68k-elf/lib/libmd.a(z80_ctrl.o)
                0x0000000000004610                Z80_isBusTaken
                0x0000000000004622                Z80_requestBus
                0x0000000000004648                Z80_releaseBus
                0x0000000000004652                Z80_startReset
                0x000000000000465c                Z80_endReset
                0x0000000000004666                Z80_setBank
                0x000000000000467a                Z80_init
                0x0000000000004698                Z80_read
                0x00000000000046aa                Z80_write
                0x00000000000046be                Z80_clear
                0x0000000000004736                Z80_upload
                0x00000000000047aa                Z80_download
                0x0000000000004802                Z80_getLoadedDriver
                0x000000000000480a                Z80_unloadDriver
                0x000000000000483c                Z80_loadCustomDriver
                0x0000000000004880                Z80_isDriverReady
                0x00000000000048b6                Z80_loadDriver
 *fill*         0x0000000000004c02        0x2 
 .text          0x0000000000004c04      0xf5c /opt/toolchains/gen//m68k-elf/lib/libmd.a(sound.o)
                0x0000000000004c04                SND_isPlaying_PCM
                0x0000000000004c38                SND_startPlay_PCM
                0x0000000000004cdc                SND_stopPlay_PCM
                0x0000000000004d46                SND_isPlaying_2ADPCM
                0x0000000000004d7c                SND_startPlay_2ADPCM
                0x0000000000004e3c                SND_stopPlay_2ADPCM
                0x0000000000004eb6                SND_isPlaying_4PCM_ENV
                0x0000000000004eec                SND_startPlay_4PCM_ENV
                0x0000000000004fc6                SND_stopPlay_4PCM_ENV
                0x0000000000005040                SND_setVolume_4PCM_ENV
                0x0000000000005088                SND_getVolume_4PCM_ENV
                0x00000000000050ca                SND_isPlaying_MVS
                0x00000000000050fc                SND_startPlay_MVS
                0x0000000000005166                SND_stopPlay_MVS
                0x0000000000005198                SND_setTempo_MVS
                0x00000000000051c8                SND_startDAC_MVS
                0x000000000000522a                SND_stopDAC_MVS
                0x0000000000005254                SND_isPlayingPSG_MVS
                0x0000000000005282                SND_startPSG_MVS
                0x00000000000052ce                SND_stopPSG_MVS
                0x00000000000052f8                SND_enablePSG_MVS
                0x0000000000005338                SND_disablePSG_MVS
                0x0000000000005378                SND_startPlay_TFM
                0x00000000000053ec                SND_stopPlay_TFM
                0x00000000000053f4                SND_stopPlay_VGM
                0x0000000000005420                SND_resumePlay_VGM
                0x000000000000544c                SND_isPlaying_VGM
                0x000000000000547c                SND_startPlay_VGM
                0x00000000000054f8                SND_playSfx_VGM
                0x000000000000555a                SND_isPlaying_XGM
                0x000000000000558e                SND_startPlay_XGM
                0x00000000000056a6                SND_stopPlay_XGM
                0x000000000000570e                SND_pausePlay_XGM
                0x0000000000005740                SND_resumePlay_XGM
                0x000000000000577a                SND_isPlayingPCM_XGM
                0x00000000000057b0                SND_setPCMFast_XGM
                0x00000000000057ee                SND_setPCM_XGM
                0x000000000000582e                SND_startPlayPCM_XGM
                0x0000000000005890                SND_stopPlayPCM_XGM
                0x00000000000058e6                SND_set68KBUSProtection_XGM
                0x000000000000590e                SND_nextXFrame_XGM
                0x0000000000005956                SND_getManualSync_XGM
                0x0000000000005962                SND_setManualSync_XGM
                0x00000000000059a8                SND_getForceDelayDMA_XGM
                0x00000000000059b4                SND_setForceDelayDMA_XGM
                0x00000000000059da                SND_getMusicTempo_XGM
                0x00000000000059e2                SND_setMusicTempo_XGM
                0x0000000000005a0a                SND_getCPULoad_XGM
                0x0000000000005aca                XGM_resetLoadCalculation
                0x0000000000005af8                XGM_doVBlankProcess
 .text          0x0000000000005b60      0x1f2 /opt/toolchains/gen//m68k-elf/lib/libmd.a(ym2612.o)
                0x0000000000005b60                YM2612_read
                0x0000000000005b7a                YM2612_write
                0x0000000000005b9e                YM2612_reset
                0x0000000000005c88                YM2612_writeSafe
                0x0000000000005ca0                YM2612_writeReg
                0x0000000000005cf2                YM2612_writeRegSafe
                0x0000000000005d14                YM2612_enableDAC
                0x0000000000005d34                YM2612_disableDAC
 *fill*         0x0000000000005d52        0x2 
 .text          0x0000000000005d54      0x618 /opt/toolchains/gen//m68k-elf/lib/libmd.a(vdp_pal.o)
                0x0000000000005e0c                VDP_getPaletteColor
                0x0000000000005e40                VDP_setPaletteColor
                0x0000000000005e7e                VDP_doStepFading
                0x0000000000005f58                VDP_initFading
                0x0000000000006084                VDP_interruptFade
                0x0000000000006096                VDP_fade
                0x0000000000006106                VDP_fadeTo
                0x0000000000006166                VDP_fadeOut
                0x0000000000006196                VDP_fadeIn
                0x00000000000061ca                VDP_fadePal
                0x0000000000006206                VDP_fadePalTo
                0x000000000000623e                VDP_fadePalOut
                0x0000000000006278                VDP_fadePalIn
                0x00000000000062b6                VDP_fadeAll
                0x00000000000062de                VDP_fadeAllTo
                0x0000000000006302                VDP_fadeOutAll
                0x0000000000006328                VDP_fadeInAll
                0x0000000000006352                VDP_isDoingFade
                0x000000000000635e                VDP_waitFadeCompletion
 .text          0x000000000000636c      0x114 /opt/toolchains/gen//m68k-elf/lib/libmd.a(psg.o)
                0x000000000000636c                PSG_init
                0x0000000000006398                PSG_write
                0x00000000000063a2                PSG_setEnvelope
                0x00000000000063c2                PSG_setTone
                0x00000000000063f2                PSG_setFrequency
                0x0000000000006458                PSG_setNoise
 .text          0x0000000000006480        0x0 /opt/toolchains/gen//m68k-elf/lib/libmd.a(z80_vgm.o)
 .text          0x0000000000006480      0x3ec /opt/toolchains/gen//m68k-elf/lib/libmd.a(vdp_spr.o)
                0x0000000000006480                VDP_resetSprites
                0x0000000000006498                VDP_resetSpritesDirect
                0x00000000000064da                VDP_setSprite
                0x0000000000006536                VDP_setSpriteP
                0x0000000000006582                VDP_setSpriteDirect
                0x0000000000006604                VDP_setSpriteDirectP
                0x0000000000006686                VDP_setSpritePosition
                0x00000000000066c6                VDP_setSpritesDirect
                0x0000000000006758                VDP_setSprites
                0x00000000000067ca                VDP_updateSprites
 .text          0x000000000000686c        0x0 /opt/toolchains/gen//m68k-elf/lib/libmd.a(tab_cnv.o)
 .text          0x000000000000686c      0x266 /opt/toolchains/gen//m68k-elf/lib/libmd.a(vdp_dma.o)
                0x000000000000686c                VDP_doDMAEx
                0x00000000000069bc                VDP_doDMA
                0x00000000000069e6                VDP_doVRamDMAFill
                0x0000000000006a5a                VDP_doVRamDMACopy
 *fill*         0x0000000000006ad2        0x2 
 .text          0x0000000000006ad4     0x111e /opt/toolchains/gen//m68k-elf/lib/libmd.a(bmp.o)
                0x0000000000006c28                BMP_end
                0x0000000000006c8c                BMP_hasFlipRequestPending
                0x0000000000006c9a                BMP_waitWhileFlipRequestPending
                0x0000000000006caa                BMP_hasFlipInProgess
                0x0000000000006cb6                BMP_waitFlipComplete
                0x0000000000006cc6                BMP_flip
                0x0000000000006d1a                BMP_drawText
                0x0000000000006d78                BMP_clearText
                0x0000000000006dd4                BMP_clearTextLine
                0x0000000000006e14                BMP_showFPS
                0x0000000000006ee6                BMP_clear
                0x0000000000006ef6                BMP_reset
                0x0000000000007018                BMP_init
                0x0000000000007056                BMP_getWritePointer
                0x000000000000707c                BMP_getReadPointer
                0x00000000000070a2                BMP_getPixel
                0x00000000000070da                BMP_setPixel
                0x0000000000007112                BMP_setPixels_V2D
                0x0000000000007162                BMP_setPixels
                0x00000000000071bc                BMP_drawBitmapData
                0x000000000000725e                BMP_drawBitmap
                0x0000000000007332                BMP_loadBitmapData
                0x0000000000007364                BMP_loadBitmap
                0x000000000000738a                BMP_getBitmapPalette
                0x00000000000073a6                BMP_scale
                0x0000000000007480                BMP_drawBitmapScaled
                0x000000000000758a                BMP_loadAndScaleBitmap
                0x00000000000075c0                BMP_doVBlankProcess
                0x00000000000075c8                BMP_doHBlankProcess
 *fill*         0x0000000000007bf2        0x2 
 .text          0x0000000000007bf4      0x1d4 /opt/toolchains/gen//m68k-elf/lib/libmd.a(timer.o)
                0x0000000000007bf4                getSubTick
                0x0000000000007c46                getTick
                0x0000000000007c72                getTime
                0x0000000000007c94                getTimeAsFix32
                0x0000000000007ca8                startTimer
                0x0000000000007cca                getTimer
                0x0000000000007d0e                waitSubTick
                0x0000000000007d56                waitTick
                0x0000000000007d98                waitMs
 .text          0x0000000000007dc8      0x65c /opt/toolchains/gen//m68k-elf/lib/libmd.a(tile_cache.o)
                0x0000000000007e68                TC_init
                0x0000000000007ea0                TC_end
                0x0000000000007f02                TC_createCacheEx
                0x0000000000007f48                TC_createCache
                0x0000000000007f6a                TC_releaseCache
                0x0000000000007f7c                TC_clearCache
                0x0000000000007f8e                TC_flushCache
                0x0000000000007f98                TC_alloc
                0x0000000000008282                TC_reAlloc
                0x000000000000830e                TC_free
                0x0000000000008388                TC_getTileIndex
                0x00000000000083d6                TC_uploadAtVBlank
                0x000000000000840a                TC_doVBlankProcess
 .text          0x0000000000008424      0x80c /opt/toolchains/gen//m68k-elf/lib/libmd.a(vdp_bg.o)
                0x0000000000008424                VDP_setHorizontalScroll
                0x0000000000008470                VDP_setHorizontalScrollTile
                0x0000000000008516                VDP_setHorizontalScrollLine
                0x00000000000085bc                VDP_setVerticalScroll
                0x00000000000085fa                VDP_setVerticalScrollTile
                0x0000000000008690                VDP_clearPlan
                0x0000000000008746                VDP_getTextPlan
                0x0000000000008762                VDP_getTextPalette
                0x0000000000008772                VDP_getTextPriority
                0x000000000000877e                VDP_setTextPlan
                0x00000000000087a2                VDP_setTextPalette
                0x00000000000087c2                VDP_setTextPriority
                0x00000000000087e0                VDP_drawTextBG
                0x000000000000888c                VDP_clearTextBG
                0x00000000000088be                VDP_clearTextLineBG
                0x00000000000088f4                VDP_drawText
                0x0000000000008928                VDP_clearText
                0x0000000000008956                VDP_clearTextLine
                0x0000000000008972                VDP_drawBitmapEx
                0x0000000000008a82                VDP_drawBitmap
                0x0000000000008b0a                VDP_drawImageEx
                0x0000000000008bb2                VDP_drawImage
 *fill*         0x0000000000008c30       0xd0 
 .text          0x0000000000008d00       0x80 /opt/toolchains/gen//m68k-elf/lib/libmd.a(smp_null_pcm.o)
                0x0000000000008d00                smp_null_pcm
 .text          0x0000000000008d80      0x102 /opt/toolchains/gen//m68k-elf/lib/libmd.a(vdp_tile_a.o)
                0x0000000000008d80                VDP_loadTileData
                0x0000000000008dfc                VDP_loadBMPTileData
 *fill*         0x0000000000008e82        0x2 
 .text          0x0000000000008e84      0x1b8 /opt/toolchains/gen//m68k-elf/lib/libmd.a(memory_a.o)
                0x0000000000008e84                memset
                0x0000000000008efc                memsetU16
                0x0000000000008f5a                memsetU32
                0x0000000000008f98                memcpy
 .text          0x000000000000903c      0x15c /opt/toolchains/gen//m68k-elf/lib/libmd.a(vdp_pal_a.o)
                0x000000000000903c                VDP_getPaletteColors
                0x00000000000090a2                VDP_setPaletteColors
                0x0000000000009108                VDP_getPalette
                0x0000000000009150                VDP_setPalette
 .text          0x0000000000009198       0x48 /opt/toolchains/gen//m68k-elf/lib/libmd.a(sys_a.o)
                0x0000000000009198                SYS_assertReset
                0x000000000000919c                SYS_reset
                0x00000000000091aa                SYS_getInterruptMaskLevel
                0x00000000000091b4                SYS_setInterruptMaskLevel
                0x00000000000091c6                SYS_getAndSetInterruptMaskLevel
 .text          0x00000000000091e0       0x88 /opt/toolchains/gen//m68k-elf/lib/libmd.a(kdebug.o)
                0x00000000000091e0                KDebug_Halt
                0x00000000000091ea                KDebug_Alert
                0x0000000000009206                KDebug_AlertNumber
                0x0000000000009254                KDebug_StartTimer
                0x000000000000925e                KDebug_StopTimer
 *fill*         0x0000000000009268       0x98 
 .text          0x0000000000009300      0x100 /opt/toolchains/gen//m68k-elf/lib/libmd.a(smp_null.o)
                0x0000000000009300                smp_null
 .text          0x0000000000009400     0x13f8 /opt/toolchains/gen//m68k-elf/lib/libmd.a(bmp_a.o)
                0x0000000000009400                clearBitmapBuffer
                0x0000000000009542                BMP_clipLine
                0x000000000000955e                BMP_drawLine
                0x00000000000095ce                BMP_isPolygonCulled
                0x0000000000009efc                BMP_drawPolygon
 .text          0x000000000000a7f8      0x10a /opt/toolchains/gen//m68k-elf/lib/libmd.a(tools_a.o)
                0x000000000000a7f8                aplib_unpack
                0x000000000000a7fe                aplib_decrunch
                0x000000000000a8a0                uftc_unpack
 *fill*         0x000000000000a902        0x2 
 .text          0x000000000000a904      0xb26 /opt/toolchains/gen//m68k-elf/lib/libmd.a(z80_drv1.o)
                0x000000000000a904                z80_drv1
 *fill*         0x000000000000b42a        0x2 
 .text          0x000000000000b42c      0xe00 /opt/toolchains/gen//m68k-elf/lib/libmd.a(z80_drv2.o)
                0x000000000000b42c                z80_drv2
 .text          0x000000000000c22c      0xa5c /opt/toolchains/gen//m68k-elf/lib/libmd.a(z80_mvs.o)
                0x000000000000c22c                z80_mvs
 .text          0x000000000000cc88      0xa64 /opt/toolchains/gen//m68k-elf/lib/libmd.a(z80_drv3.o)
                0x000000000000cc88                z80_drv3
 .text          0x000000000000d6ec     0x1700 /opt/toolchains/gen//m68k-elf/lib/libmd.a(z80_xgm.o)
                0x000000000000d6ec                z80_xgm
 .text          0x000000000000edec      0x69e /opt/toolchains/gen//m68k-elf/lib/libmd.a(z80_tfm.o)
                0x000000000000edec                z80_tfm
 *fill*         0x000000000000f48a        0x2 
 .text          0x000000000000f48c        0x0 /opt/toolchains/gen//m68k-elf/lib/libmd.a(libres.o)
 .text          0x000000000000f48c        0x0 /opt/toolchains/gen//m68k-elf/lib/libmd.a(tab_vol.o)
 .text          0x000000000000f48c      0x656 /opt/toolchains/gen//m68k-elf/lib/libmd.a(maths.o)
                0x000000000000f48c                random
                0x000000000000f4ac                intToBCD
                0x000000000000f540                distance_approx
                0x000000000000f592                Partition_u8
                0x000000000000f614                QSort_u8
                0x000000000000f662                Partition_s8
                0x000000000000f6e4                QSort_s8
                0x000000000000f732                Partition_u16
                0x000000000000f7c2                QSort_u16
                0x000000000000f810                Partition_s16
                0x000000000000f8a0                QSort_s16
                0x000000000000f8ee                Partition_u32
                0x000000000000f99a                QSort_u32
                0x000000000000f9e8                Partition_s32
                0x000000000000fa94                QSort_s32
 *fill*         0x000000000000fae2        0x2 
 .text          0x000000000000fae4      0x8d2 /opt/toolchains/gen//m68k-elf/lib/libmd.a(string.o)
                0x000000000000fae4                strlen
                0x000000000000fbd0                strnlen
                0x000000000000fc0e                strcmp
                0x000000000000fc2e                strclr
                0x000000000000fc38                strcpy
                0x000000000000fc4a                strcat
                0x000000000000fc64                strreplace
                0x000000000000fc88                intToStr
                0x000000000000fcb6                uintToStr
                0x000000000000fcd2                intToHex
                0x000000000000fd86                fix32ToStr
                0x000000000000fe06                fix16ToStr
                0x000000000000fe80                sprintf
 *fill*         0x00000000000103b6        0x2 
 .text          0x00000000000103b8     0x1804 /opt/toolchains/gen//m68k-elf/lib/libmd.a(joy.o)
                0x0000000000010e50                JOY_setEventHandler
                0x0000000000010e5a                JOY_setSupport
                0x0000000000011292                JOY_init
                0x00000000000115d2                JOY_getPortType
                0x00000000000115f2                JOY_getJoypadType
                0x0000000000011612                JOY_readJoypad
                0x0000000000011662                JOY_readJoypadX
                0x0000000000011684                JOY_readJoypadY
                0x00000000000116a6                JOY_update
                0x0000000000011ac8                JOY_waitPressTime
                0x0000000000011b6e                JOY_waitPressBtn
                0x0000000000011b84                JOY_waitPressBtnTime
                0x0000000000011ba0                JOY_waitPress
 .text          0x0000000000011bbc        0xc /opt/toolchains/gen//m68k-elf/lib/libmd.a(types.o)
                0x0000000000011bbc                getZeroU8
                0x0000000000011bc0                getZeroU16
                0x0000000000011bc4                getZeroU32
 .text          0x0000000000011bc8       0x22 /opt/toolchains/gen//m68k-elf/lib/gcc/m68k-elf/4.8.2/libgcc.a(_mulsi3.o)
                0x0000000000011bc8                __mulsi3
 *fill*         0x0000000000011bea        0x2 
 .text          0x0000000000011bec       0x5c /opt/toolchains/gen//m68k-elf/lib/gcc/m68k-elf/4.8.2/libgcc.a(_udivsi3.o)
                0x0000000000011bec                __udivsi3
 .text          0x0000000000011c48       0x2e /opt/toolchains/gen//m68k-elf/lib/gcc/m68k-elf/4.8.2/libgcc.a(_divsi3.o)
                0x0000000000011c48                __divsi3
 *fill*         0x0000000000011c76        0x2 
 .text          0x0000000000011c78       0x2e /opt/toolchains/gen//m68k-elf/lib/gcc/m68k-elf/4.8.2/libgcc.a(_umodsi3.o)
                0x0000000000011c78                __umodsi3
 *fill*         0x0000000000011ca6        0x2 
 .text          0x0000000000011ca8      0x544 main.o
                0x0000000000011cce                tile_draw
                0x0000000000011d6c                thing_make
                0x0000000000011d86                thing_collide
                0x0000000000011e74                thing_destroy
                0x0000000000011e9a                thing_damage
                0x0000000000011ed2                thing_move
                0x0000000000012062                thing_move_toward
                0x0000000000012106                myJoyHandler
                0x00000000000121ec                . = ALIGN (0x4)
                0x00000000000121ec                __CTOR_LIST__ = .
                0x00000000000121ec        0x4 LONG 0x0 (((__CTOR_END__ - __CTOR_LIST__) / 0x4) - 0x2)
 *(.ctors)
                0x00000000000121f0        0x4 LONG 0x0
                0x00000000000121f4                __CTOR_END__ = .
                0x00000000000121f4                __DTOR_LIST__ = .
                0x00000000000121f4        0x4 LONG 0x0 (((__DTOR_END__ - __DTOR_LIST__) / 0x4) - 0x2)
 *(.dtors)
                0x00000000000121f8        0x4 LONG 0x0
                0x00000000000121fc                __DTOR_END__ = .
 *(.rodata .rodata.*)
 .rodata.str1.1
                0x00000000000121fc      0x13e /opt/toolchains/gen//m68k-elf/lib/libmd.a(sys.o)
 .rodata.str1.1
                0x000000000001233a       0x21 /opt/toolchains/gen//m68k-elf/lib/libmd.a(vdp.o)
                                         0x4c (size before relaxing)
 *fill*         0x000000000001235b        0x1 
 .rodata        0x000000000001235c        0x4 /opt/toolchains/gen//m68k-elf/lib/libmd.a(vdp.o)
                0x000000000001235c                PLAN_A
                0x000000000001235e                PLAN_B
 .rodata.str1.1
                0x0000000000000000        0x2 /opt/toolchains/gen//m68k-elf/lib/libmd.a(tools.o)
 .rodata        0x0000000000012360      0x104 /opt/toolchains/gen//m68k-elf/lib/libmd.a(vdp_pal.o)
                0x0000000000012360                palette_blue
                0x0000000000012380                palette_green
                0x00000000000123a0                palette_red
                0x00000000000123c0                palette_grey
                0x00000000000123e0                palette_black
                0x00000000000123e4                palette_black_all
 .rodata        0x0000000000012464      0xe40 /opt/toolchains/gen//m68k-elf/lib/libmd.a(z80_vgm.o)
                0x0000000000012464                z80_vgm
 .rodata        0x00000000000132a4      0x6f4 /opt/toolchains/gen//m68k-elf/lib/libmd.a(tab_cnv.o)
                0x00000000000132a4                cnv_bcd_tab
                0x0000000000013308                cnv_8to32_tab
                0x0000000000013708                cnv_8to16_tab
                0x0000000000013908                cnv_4to32_tab
                0x0000000000013948                cnv_4to16_tab
                0x0000000000013968                cnv_4to8_tab
                0x0000000000013978                cnv_2to32_tab
                0x0000000000013988                cnv_2to16_tab
                0x0000000000013990                cnv_2to8_tab
                0x0000000000013994                cnv_2to4_tab
 .rodata        0x0000000000013998      0xcec /opt/toolchains/gen//m68k-elf/lib/libmd.a(libres.o)
                0x000000000001433e                logo_lib
                0x00000000000145a8                font_lib
                0x00000000000145d0                font_pal_lib
                0x00000000000145d8                stop_xgm
 .rodata        0x0000000000014684     0x1000 /opt/toolchains/gen//m68k-elf/lib/libmd.a(tab_vol.o)
                0x0000000000014684                tab_vol
 .rodata.str1.1
                0x0000000000015684       0x29 /opt/toolchains/gen//m68k-elf/lib/libmd.a(string.o)
 *fill*         0x00000000000156ad        0x1 
 .rodata        0x00000000000156ae       0x18 /opt/toolchains/gen//m68k-elf/lib/libmd.a(joy.o)
 .rodata        0x00000000000156c6       0x40 main.o
                0x00000000000156e6                tile_1
 *(.gcc_except_table .gcc_except_table.*)
                0x0000000000015708                . = ALIGN (0x4)
 *fill*         0x0000000000015706        0x2 
                0x0000000000015708                __INIT_SECTION__ = .
 *(.init)
                0x0000000000015708        0x2 SHORT 0x4e75
                0x000000000001570a                __FINI_SECTION__ = .
 *(.fini)
                0x000000000001570a        0x2 SHORT 0x4e75
                0x000000000001570c                _etext = .
 *(.lit)
                0x000000000001570c                _stext = SIZEOF (.text)

.data           0x0000000000ff0000        0x4 load address 0x000000000001570c
 *(.got.plt)
 *(.got)
 *(.shdata)
 *(.data .data.*)
 .data          0x0000000000ff0000        0x0 boot/sega.o
 .data          0x0000000000ff0000        0x0 /opt/toolchains/gen//m68k-elf/lib/libmd.a(sys.o)
 .data          0x0000000000ff0000        0x0 /opt/toolchains/gen//m68k-elf/lib/libmd.a(vdp.o)
 .data          0x0000000000ff0000        0x4 /opt/toolchains/gen//m68k-elf/lib/libmd.a(dma.o)
 .data          0x0000000000ff0004        0x0 /opt/toolchains/gen//m68k-elf/lib/libmd.a(tools.o)
 .data          0x0000000000ff0004        0x0 /opt/toolchains/gen//m68k-elf/lib/libmd.a(memory.o)
 .data          0x0000000000ff0004        0x0 /opt/toolchains/gen//m68k-elf/lib/libmd.a(vdp_tile.o)
 .data          0x0000000000ff0004        0x0 /opt/toolchains/gen//m68k-elf/lib/libmd.a(z80_ctrl.o)
 .data          0x0000000000ff0004        0x0 /opt/toolchains/gen//m68k-elf/lib/libmd.a(sound.o)
 .data          0x0000000000ff0004        0x0 /opt/toolchains/gen//m68k-elf/lib/libmd.a(ym2612.o)
 .data          0x0000000000ff0004        0x0 /opt/toolchains/gen//m68k-elf/lib/libmd.a(vdp_pal.o)
 .data          0x0000000000ff0004        0x0 /opt/toolchains/gen//m68k-elf/lib/libmd.a(psg.o)
 .data          0x0000000000ff0004        0x0 /opt/toolchains/gen//m68k-elf/lib/libmd.a(z80_vgm.o)
 .data          0x0000000000ff0004        0x0 /opt/toolchains/gen//m68k-elf/lib/libmd.a(vdp_spr.o)
 .data          0x0000000000ff0004        0x0 /opt/toolchains/gen//m68k-elf/lib/libmd.a(tab_cnv.o)
 .data          0x0000000000ff0004        0x0 /opt/toolchains/gen//m68k-elf/lib/libmd.a(vdp_dma.o)
 .data          0x0000000000ff0004        0x0 /opt/toolchains/gen//m68k-elf/lib/libmd.a(bmp.o)
 .data          0x0000000000ff0004        0x0 /opt/toolchains/gen//m68k-elf/lib/libmd.a(timer.o)
 .data          0x0000000000ff0004        0x0 /opt/toolchains/gen//m68k-elf/lib/libmd.a(tile_cache.o)
 .data          0x0000000000ff0004        0x0 /opt/toolchains/gen//m68k-elf/lib/libmd.a(vdp_bg.o)
 .data          0x0000000000ff0004        0x0 /opt/toolchains/gen//m68k-elf/lib/libmd.a(smp_null_pcm.o)
 .data          0x0000000000ff0004        0x0 /opt/toolchains/gen//m68k-elf/lib/libmd.a(vdp_tile_a.o)
 .data          0x0000000000ff0004        0x0 /opt/toolchains/gen//m68k-elf/lib/libmd.a(memory_a.o)
 .data          0x0000000000ff0004        0x0 /opt/toolchains/gen//m68k-elf/lib/libmd.a(vdp_pal_a.o)
 .data          0x0000000000ff0004        0x0 /opt/toolchains/gen//m68k-elf/lib/libmd.a(sys_a.o)
 .data          0x0000000000ff0004        0x0 /opt/toolchains/gen//m68k-elf/lib/libmd.a(kdebug.o)
 .data          0x0000000000ff0004        0x0 /opt/toolchains/gen//m68k-elf/lib/libmd.a(smp_null.o)
 .data          0x0000000000ff0004        0x0 /opt/toolchains/gen//m68k-elf/lib/libmd.a(bmp_a.o)
 .data          0x0000000000ff0004        0x0 /opt/toolchains/gen//m68k-elf/lib/libmd.a(tools_a.o)
 .data          0x0000000000ff0004        0x0 /opt/toolchains/gen//m68k-elf/lib/libmd.a(z80_drv1.o)
 .data          0x0000000000ff0004        0x0 /opt/toolchains/gen//m68k-elf/lib/libmd.a(z80_drv2.o)
 .data          0x0000000000ff0004        0x0 /opt/toolchains/gen//m68k-elf/lib/libmd.a(z80_mvs.o)
 .data          0x0000000000ff0004        0x0 /opt/toolchains/gen//m68k-elf/lib/libmd.a(z80_drv3.o)
 .data          0x0000000000ff0004        0x0 /opt/toolchains/gen//m68k-elf/lib/libmd.a(z80_xgm.o)
 .data          0x0000000000ff0004        0x0 /opt/toolchains/gen//m68k-elf/lib/libmd.a(z80_tfm.o)
 .data          0x0000000000ff0004        0x0 /opt/toolchains/gen//m68k-elf/lib/libmd.a(libres.o)
 .data          0x0000000000ff0004        0x0 /opt/toolchains/gen//m68k-elf/lib/libmd.a(tab_vol.o)
 .data          0x0000000000ff0004        0x0 /opt/toolchains/gen//m68k-elf/lib/libmd.a(maths.o)
 .data          0x0000000000ff0004        0x0 /opt/toolchains/gen//m68k-elf/lib/libmd.a(string.o)
 .data          0x0000000000ff0004        0x0 /opt/toolchains/gen//m68k-elf/lib/libmd.a(joy.o)
 .data          0x0000000000ff0004        0x0 /opt/toolchains/gen//m68k-elf/lib/libmd.a(types.o)
 .data          0x0000000000ff0004        0x0 /opt/toolchains/gen//m68k-elf/lib/gcc/m68k-elf/4.8.2/libgcc.a(_mulsi3.o)
 .data          0x0000000000ff0004        0x0 /opt/toolchains/gen//m68k-elf/lib/gcc/m68k-elf/4.8.2/libgcc.a(_udivsi3.o)
 .data          0x0000000000ff0004        0x0 /opt/toolchains/gen//m68k-elf/lib/gcc/m68k-elf/4.8.2/libgcc.a(_divsi3.o)
 .data          0x0000000000ff0004        0x0 /opt/toolchains/gen//m68k-elf/lib/gcc/m68k-elf/4.8.2/libgcc.a(_umodsi3.o)
 .data          0x0000000000ff0004        0x0 main.o
                0x0000000000ff0004                _edata = .
                0x0000000000000004                _sdata = SIZEOF (.data)

.bss            0x0000000000ff0004     0x2572 load address 0x0000000000015710
                0x0000000000ff0004                _start = .
 *(.shbss)
 *(.bss .bss.*)
 .bss           0x0000000000ff0004        0x0 boot/sega.o
 .bss           0x0000000000ff0004       0x14 /opt/toolchains/gen//m68k-elf/lib/libmd.a(sys.o)
 .bss           0x0000000000ff0018       0x13 /opt/toolchains/gen//m68k-elf/lib/libmd.a(vdp.o)
 *fill*         0x0000000000ff002b        0x1 
 .bss           0x0000000000ff002c        0xc /opt/toolchains/gen//m68k-elf/lib/libmd.a(dma.o)
 .bss           0x0000000000ff0038       0x10 /opt/toolchains/gen//m68k-elf/lib/libmd.a(tools.o)
 .bss           0x0000000000ff0048        0x8 /opt/toolchains/gen//m68k-elf/lib/libmd.a(memory.o)
 .bss           0x0000000000ff0050        0x0 /opt/toolchains/gen//m68k-elf/lib/libmd.a(vdp_tile.o)
 .bss           0x0000000000ff0050        0x0 /opt/toolchains/gen//m68k-elf/lib/libmd.a(z80_ctrl.o)
 .bss           0x0000000000ff0050       0x8c /opt/toolchains/gen//m68k-elf/lib/libmd.a(sound.o)
 .bss           0x0000000000ff00dc        0x0 /opt/toolchains/gen//m68k-elf/lib/libmd.a(ym2612.o)
 .bss           0x0000000000ff00dc      0x386 /opt/toolchains/gen//m68k-elf/lib/libmd.a(vdp_pal.o)
 *fill*         0x0000000000ff0462        0x2 
 .bss           0x0000000000ff0464        0x0 /opt/toolchains/gen//m68k-elf/lib/libmd.a(psg.o)
 .bss           0x0000000000ff0464        0x0 /opt/toolchains/gen//m68k-elf/lib/libmd.a(z80_vgm.o)
 .bss           0x0000000000ff0464        0x0 /opt/toolchains/gen//m68k-elf/lib/libmd.a(vdp_spr.o)
 .bss           0x0000000000ff0464        0x0 /opt/toolchains/gen//m68k-elf/lib/libmd.a(tab_cnv.o)
 .bss           0x0000000000ff0464        0x0 /opt/toolchains/gen//m68k-elf/lib/libmd.a(vdp_dma.o)
 .bss           0x0000000000ff0464       0x14 /opt/toolchains/gen//m68k-elf/lib/libmd.a(bmp.o)
 .bss           0x0000000000ff0478       0x40 /opt/toolchains/gen//m68k-elf/lib/libmd.a(timer.o)
 .bss           0x0000000000ff04b8        0x4 /opt/toolchains/gen//m68k-elf/lib/libmd.a(tile_cache.o)
 .bss           0x0000000000ff04bc        0x0 /opt/toolchains/gen//m68k-elf/lib/libmd.a(vdp_bg.o)
 .bss           0x0000000000ff04bc        0x0 /opt/toolchains/gen//m68k-elf/lib/libmd.a(smp_null_pcm.o)
 .bss           0x0000000000ff04bc        0x0 /opt/toolchains/gen//m68k-elf/lib/libmd.a(vdp_tile_a.o)
 .bss           0x0000000000ff04bc        0x0 /opt/toolchains/gen//m68k-elf/lib/libmd.a(memory_a.o)
 .bss           0x0000000000ff04bc        0x0 /opt/toolchains/gen//m68k-elf/lib/libmd.a(vdp_pal_a.o)
 .bss           0x0000000000ff04bc        0x0 /opt/toolchains/gen//m68k-elf/lib/libmd.a(sys_a.o)
 .bss           0x0000000000ff04bc        0x0 /opt/toolchains/gen//m68k-elf/lib/libmd.a(kdebug.o)
 .bss           0x0000000000ff04bc        0x0 /opt/toolchains/gen//m68k-elf/lib/libmd.a(smp_null.o)
 .bss           0x0000000000ff04bc        0x0 /opt/toolchains/gen//m68k-elf/lib/libmd.a(bmp_a.o)
 .bss           0x0000000000ff04bc        0x0 /opt/toolchains/gen//m68k-elf/lib/libmd.a(tools_a.o)
 .bss           0x0000000000ff04bc        0x0 /opt/toolchains/gen//m68k-elf/lib/libmd.a(z80_drv1.o)
 .bss           0x0000000000ff04bc        0x0 /opt/toolchains/gen//m68k-elf/lib/libmd.a(z80_drv2.o)
 .bss           0x0000000000ff04bc        0x0 /opt/toolchains/gen//m68k-elf/lib/libmd.a(z80_mvs.o)
 .bss           0x0000000000ff04bc        0x0 /opt/toolchains/gen//m68k-elf/lib/libmd.a(z80_drv3.o)
 .bss           0x0000000000ff04bc        0x0 /opt/toolchains/gen//m68k-elf/lib/libmd.a(z80_xgm.o)
 .bss           0x0000000000ff04bc        0x0 /opt/toolchains/gen//m68k-elf/lib/libmd.a(z80_tfm.o)
 .bss           0x0000000000ff04bc        0x0 /opt/toolchains/gen//m68k-elf/lib/libmd.a(libres.o)
 .bss           0x0000000000ff04bc        0x0 /opt/toolchains/gen//m68k-elf/lib/libmd.a(tab_vol.o)
 .bss           0x0000000000ff04bc        0x0 /opt/toolchains/gen//m68k-elf/lib/libmd.a(maths.o)
 .bss           0x0000000000ff04bc        0x0 /opt/toolchains/gen//m68k-elf/lib/libmd.a(string.o)
 .bss           0x0000000000ff04bc       0x46 /opt/toolchains/gen//m68k-elf/lib/libmd.a(joy.o)
 *fill*         0x0000000000ff0502        0x2 
 .bss           0x0000000000ff0504        0x0 /opt/toolchains/gen//m68k-elf/lib/libmd.a(types.o)
 .bss           0x0000000000ff0504        0x0 /opt/toolchains/gen//m68k-elf/lib/gcc/m68k-elf/4.8.2/libgcc.a(_mulsi3.o)
 .bss           0x0000000000ff0504        0x0 /opt/toolchains/gen//m68k-elf/lib/gcc/m68k-elf/4.8.2/libgcc.a(_udivsi3.o)
 .bss           0x0000000000ff0504        0x0 /opt/toolchains/gen//m68k-elf/lib/gcc/m68k-elf/4.8.2/libgcc.a(_divsi3.o)
 .bss           0x0000000000ff0504        0x0 /opt/toolchains/gen//m68k-elf/lib/gcc/m68k-elf/4.8.2/libgcc.a(_umodsi3.o)
 .bss           0x0000000000ff0504        0x0 main.o
 *(COMMON)
 COMMON         0x0000000000ff0504       0x94 /opt/toolchains/gen//m68k-elf/lib/libmd.a(sys.o)
                0x0000000000ff0504                illegalInstCB
                0x0000000000ff0508                errorExceptionCB
                0x0000000000ff050c                trapvInstCB
                0x0000000000ff0510                chkInstCB
                0x0000000000ff0514                registerState
                0x0000000000ff0554                srState
                0x0000000000ff0556                line1x1xCB
                0x0000000000ff055a                ext2State
                0x0000000000ff055c                traceCB
                0x0000000000ff0560                intTrace
                0x0000000000ff0562                zeroDivideCB
                0x0000000000ff0566                internalExtIntCB
                0x0000000000ff056a                internalVIntCB
                0x0000000000ff056e                intCB
                0x0000000000ff0572                addressErrorCB
                0x0000000000ff0576                VIntProcess
                0x0000000000ff057a                ExtIntProcess
                0x0000000000ff057e                HIntProcess
                0x0000000000ff0582                privilegeViolationCB
                0x0000000000ff0586                pcState
                0x0000000000ff058a                ext1State
                0x0000000000ff058c                busErrorCB
                0x0000000000ff0590                internalHIntCB
                0x0000000000ff0594                addrState
 COMMON         0x0000000000ff0598        0xe /opt/toolchains/gen//m68k-elf/lib/libmd.a(vdp.o)
                0x0000000000ff0598                slist_adr
                0x0000000000ff059a                hscrl_adr
                0x0000000000ff059c                screenHeight
                0x0000000000ff059e                screenWidth
                0x0000000000ff05a0                aplan_adr
                0x0000000000ff05a2                bplan_adr
                0x0000000000ff05a4                window_adr
 COMMON         0x0000000000ff05a6      0x200 /opt/toolchains/gen//m68k-elf/lib/libmd.a(dma.o)
                0x0000000000ff05a6                dmaQueues
 COMMON         0x0000000000ff07a6        0x4 /opt/toolchains/gen//m68k-elf/lib/libmd.a(z80_ctrl.o)
                0x0000000000ff07a6                driverFlags
                0x0000000000ff07a8                currentDriver
 COMMON         0x0000000000ff07aa      0x282 /opt/toolchains/gen//m68k-elf/lib/libmd.a(vdp_spr.o)
                0x0000000000ff07aa                spriteNum
                0x0000000000ff07ac                vdpSpriteCache
 COMMON         0x0000000000ff0a2c        0x8 /opt/toolchains/gen//m68k-elf/lib/libmd.a(bmp.o)
                0x0000000000ff0a2c                bmp_buffer_write
                0x0000000000ff0a30                bmp_buffer_read
 COMMON         0x0000000000ff0a34        0x4 /opt/toolchains/gen//m68k-elf/lib/libmd.a(timer.o)
                0x0000000000ff0a34                vtimer
 COMMON         0x0000000000ff0a38        0x4 /opt/toolchains/gen//m68k-elf/lib/libmd.a(tile_cache.o)
                0x0000000000ff0a38                uploads
 COMMON         0x0000000000ff0a3c        0x8 /opt/toolchains/gen//m68k-elf/lib/libmd.a(vdp_bg.o)
                0x0000000000ff0a3c                text_basetile
                0x0000000000ff0a3e                curTileInd
                0x0000000000ff0a40                text_plan
 COMMON         0x0000000000ff0a44        0x2 /opt/toolchains/gen//m68k-elf/lib/libmd.a(maths.o)
                0x0000000000ff0a44                randbase
 COMMON         0x0000000000ff0a46     0x1b30 main.o
                0x0000000000ff0a46                things
                0x0000000000ff0c46                player
                0x0000000000ff0c56                blocker
                0x0000000000ff0c66                maparray
                0x0000000000ff2566                empty
                0x0000000000ff2576                _bend = .

.stab
 *(.stab)

.stabstr
 *(.stabstr)

.eh_frame
 *(.eh_frame)
LOAD boot/sega.o
LOAD /opt/toolchains/gen//m68k-elf/lib/libmd.a
LOAD /opt/toolchains/gen//m68k-elf/lib/gcc/m68k-elf/4.8.2/libgcc.a
LOAD main.o
LOAD /opt/toolchains/gen//m68k-elf/lib/libmd.a
LOAD /opt/toolchains/gen//m68k-elf/m68k-elf/lib/libnosys.a
OUTPUT(out.elf elf32-m68k)

.comment        0x0000000000000000       0x11
 .comment       0x0000000000000000       0x11 /opt/toolchains/gen//m68k-elf/lib/libmd.a(sys.o)
                                         0x12 (size before relaxing)
 .comment       0x0000000000000000       0x12 /opt/toolchains/gen//m68k-elf/lib/libmd.a(vdp.o)
 .comment       0x0000000000000000       0x12 /opt/toolchains/gen//m68k-elf/lib/libmd.a(dma.o)
 .comment       0x0000000000000000       0x12 /opt/toolchains/gen//m68k-elf/lib/libmd.a(tools.o)
 .comment       0x0000000000000000       0x12 /opt/toolchains/gen//m68k-elf/lib/libmd.a(memory.o)
 .comment       0x0000000000000000       0x12 /opt/toolchains/gen//m68k-elf/lib/libmd.a(vdp_tile.o)
 .comment       0x0000000000000000       0x12 /opt/toolchains/gen//m68k-elf/lib/libmd.a(z80_ctrl.o)
 .comment       0x0000000000000000       0x12 /opt/toolchains/gen//m68k-elf/lib/libmd.a(sound.o)
 .comment       0x0000000000000000       0x12 /opt/toolchains/gen//m68k-elf/lib/libmd.a(ym2612.o)
 .comment       0x0000000000000000       0x12 /opt/toolchains/gen//m68k-elf/lib/libmd.a(vdp_pal.o)
 .comment       0x0000000000000000       0x12 /opt/toolchains/gen//m68k-elf/lib/libmd.a(psg.o)
 .comment       0x0000000000000000       0x12 /opt/toolchains/gen//m68k-elf/lib/libmd.a(z80_vgm.o)
 .comment       0x0000000000000000       0x12 /opt/toolchains/gen//m68k-elf/lib/libmd.a(vdp_spr.o)
 .comment       0x0000000000000000       0x12 /opt/toolchains/gen//m68k-elf/lib/libmd.a(tab_cnv.o)
 .comment       0x0000000000000000       0x12 /opt/toolchains/gen//m68k-elf/lib/libmd.a(vdp_dma.o)
 .comment       0x0000000000000000       0x12 /opt/toolchains/gen//m68k-elf/lib/libmd.a(bmp.o)
 .comment       0x0000000000000000       0x12 /opt/toolchains/gen//m68k-elf/lib/libmd.a(timer.o)
 .comment       0x0000000000000000       0x12 /opt/toolchains/gen//m68k-elf/lib/libmd.a(tile_cache.o)
 .comment       0x0000000000000000       0x12 /opt/toolchains/gen//m68k-elf/lib/libmd.a(vdp_bg.o)
 .comment       0x0000000000000000       0x12 /opt/toolchains/gen//m68k-elf/lib/libmd.a(tab_vol.o)
 .comment       0x0000000000000000       0x12 /opt/toolchains/gen//m68k-elf/lib/libmd.a(maths.o)
 .comment       0x0000000000000000       0x12 /opt/toolchains/gen//m68k-elf/lib/libmd.a(string.o)
 .comment       0x0000000000000000       0x12 /opt/toolchains/gen//m68k-elf/lib/libmd.a(joy.o)
 .comment       0x0000000000000000       0x12 /opt/toolchains/gen//m68k-elf/lib/libmd.a(types.o)
 .comment       0x0000000000000000       0x12 main.o

.debug_line     0x0000000000000000      0x1cd
 .debug_line    0x0000000000000000       0x6a /opt/toolchains/gen//m68k-elf/lib/gcc/m68k-elf/4.8.2/libgcc.a(_mulsi3.o)
 .debug_line    0x000000000000006a       0x83 /opt/toolchains/gen//m68k-elf/lib/gcc/m68k-elf/4.8.2/libgcc.a(_udivsi3.o)
 .debug_line    0x00000000000000ed       0x72 /opt/toolchains/gen//m68k-elf/lib/gcc/m68k-elf/4.8.2/libgcc.a(_divsi3.o)
 .debug_line    0x000000000000015f       0x6e /opt/toolchains/gen//m68k-elf/lib/gcc/m68k-elf/4.8.2/libgcc.a(_umodsi3.o)

.debug_info     0x0000000000000000      0x288
 .debug_info    0x0000000000000000       0xa2 /opt/toolchains/gen//m68k-elf/lib/gcc/m68k-elf/4.8.2/libgcc.a(_mulsi3.o)
 .debug_info    0x00000000000000a2       0xa2 /opt/toolchains/gen//m68k-elf/lib/gcc/m68k-elf/4.8.2/libgcc.a(_udivsi3.o)
 .debug_info    0x0000000000000144       0xa2 /opt/toolchains/gen//m68k-elf/lib/gcc/m68k-elf/4.8.2/libgcc.a(_divsi3.o)
 .debug_info    0x00000000000001e6       0xa2 /opt/toolchains/gen//m68k-elf/lib/gcc/m68k-elf/4.8.2/libgcc.a(_umodsi3.o)

.debug_abbrev   0x0000000000000000       0x50
 .debug_abbrev  0x0000000000000000       0x14 /opt/toolchains/gen//m68k-elf/lib/gcc/m68k-elf/4.8.2/libgcc.a(_mulsi3.o)
 .debug_abbrev  0x0000000000000014       0x14 /opt/toolchains/gen//m68k-elf/lib/gcc/m68k-elf/4.8.2/libgcc.a(_udivsi3.o)
 .debug_abbrev  0x0000000000000028       0x14 /opt/toolchains/gen//m68k-elf/lib/gcc/m68k-elf/4.8.2/libgcc.a(_divsi3.o)
 .debug_abbrev  0x000000000000003c       0x14 /opt/toolchains/gen//m68k-elf/lib/gcc/m68k-elf/4.8.2/libgcc.a(_umodsi3.o)

.debug_aranges  0x0000000000000000       0x80
 .debug_aranges
                0x0000000000000000       0x20 /opt/toolchains/gen//m68k-elf/lib/gcc/m68k-elf/4.8.2/libgcc.a(_mulsi3.o)
 .debug_aranges
                0x0000000000000020       0x20 /opt/toolchains/gen//m68k-elf/lib/gcc/m68k-elf/4.8.2/libgcc.a(_udivsi3.o)
 .debug_aranges
                0x0000000000000040       0x20 /opt/toolchains/gen//m68k-elf/lib/gcc/m68k-elf/4.8.2/libgcc.a(_divsi3.o)
 .debug_aranges
                0x0000000000000060       0x20 /opt/toolchains/gen//m68k-elf/lib/gcc/m68k-elf/4.8.2/libgcc.a(_umodsi3.o)
