Archive member included because of file (symbol)

/opt/toolchains/gen//m68k-elf/lib/libmd.a(sys.o)
                              boot/sega.o (registerState)
/opt/toolchains/gen//m68k-elf/lib/libmd.a(vdp.o)
                              /opt/toolchains/gen//m68k-elf/lib/libmd.a(sys.o) (VDP_init)
/opt/toolchains/gen//m68k-elf/lib/libmd.a(dma.o)
                              /opt/toolchains/gen//m68k-elf/lib/libmd.a(sys.o) (DMA_flushQueue)
/opt/toolchains/gen//m68k-elf/lib/libmd.a(tools.o)
                              /opt/toolchains/gen//m68k-elf/lib/libmd.a(vdp.o) (getFPS)
/opt/toolchains/gen//m68k-elf/lib/libmd.a(memory.o)
                              /opt/toolchains/gen//m68k-elf/lib/libmd.a(sys.o) (MEM_init)
/opt/toolchains/gen//m68k-elf/lib/libmd.a(vdp_tile.o)
                              /opt/toolchains/gen//m68k-elf/lib/libmd.a(vdp.o) (VDP_loadFont)
/opt/toolchains/gen//m68k-elf/lib/libmd.a(z80_ctrl.o)
                              /opt/toolchains/gen//m68k-elf/lib/libmd.a(sys.o) (Z80_init)
/opt/toolchains/gen//m68k-elf/lib/libmd.a(sound.o)
                              /opt/toolchains/gen//m68k-elf/lib/libmd.a(sys.o) (SND_set68KBUSProtection_XGM)
/opt/toolchains/gen//m68k-elf/lib/libmd.a(ym2612.o)
                              /opt/toolchains/gen//m68k-elf/lib/libmd.a(z80_ctrl.o) (YM2612_reset)
/opt/toolchains/gen//m68k-elf/lib/libmd.a(vdp_pal.o)
                              /opt/toolchains/gen//m68k-elf/lib/libmd.a(sys.o) (VDP_doStepFading)
/opt/toolchains/gen//m68k-elf/lib/libmd.a(psg.o)
                              /opt/toolchains/gen//m68k-elf/lib/libmd.a(sys.o) (PSG_init)
/opt/toolchains/gen//m68k-elf/lib/libmd.a(z80_vgm.o)
                              /opt/toolchains/gen//m68k-elf/lib/libmd.a(z80_ctrl.o) (z80_vgm)
/opt/toolchains/gen//m68k-elf/lib/libmd.a(vdp_spr.o)
                              /opt/toolchains/gen//m68k-elf/lib/libmd.a(vdp.o) (VDP_resetSprites)
/opt/toolchains/gen//m68k-elf/lib/libmd.a(tab_cnv.o)
                              /opt/toolchains/gen//m68k-elf/lib/libmd.a(vdp_tile.o) (cnv_8to32_tab)
/opt/toolchains/gen//m68k-elf/lib/libmd.a(vdp_dma.o)
                              /opt/toolchains/gen//m68k-elf/lib/libmd.a(vdp_tile.o) (VDP_doDMA)
/opt/toolchains/gen//m68k-elf/lib/libmd.a(bmp.o)
                              /opt/toolchains/gen//m68k-elf/lib/libmd.a(sys.o) (BMP_doVBlankProcess)
/opt/toolchains/gen//m68k-elf/lib/libmd.a(timer.o)
                              /opt/toolchains/gen//m68k-elf/lib/libmd.a(tools.o) (getSubTick)
/opt/toolchains/gen//m68k-elf/lib/libmd.a(tile_cache.o)
                              /opt/toolchains/gen//m68k-elf/lib/libmd.a(sys.o) (uploads)
/opt/toolchains/gen//m68k-elf/lib/libmd.a(vdp_bg.o)
                              /opt/toolchains/gen//m68k-elf/lib/libmd.a(vdp.o) (VDP_setVerticalScroll)
/opt/toolchains/gen//m68k-elf/lib/libmd.a(smp_null_pcm.o)
                              /opt/toolchains/gen//m68k-elf/lib/libmd.a(z80_ctrl.o) (smp_null_pcm)
/opt/toolchains/gen//m68k-elf/lib/libmd.a(vdp_tile_a.o)
                              /opt/toolchains/gen//m68k-elf/lib/libmd.a(vdp_tile.o) (VDP_loadTileData)
/opt/toolchains/gen//m68k-elf/lib/libmd.a(memory_a.o)
                              /opt/toolchains/gen//m68k-elf/lib/libmd.a(memory.o) (memset)
/opt/toolchains/gen//m68k-elf/lib/libmd.a(vdp_pal_a.o)
                              /opt/toolchains/gen//m68k-elf/lib/libmd.a(vdp_pal.o) (VDP_getPaletteColors)
/opt/toolchains/gen//m68k-elf/lib/libmd.a(sys_a.o)
                              /opt/toolchains/gen//m68k-elf/lib/libmd.a(timer.o) (SYS_getInterruptMaskLevel)
/opt/toolchains/gen//m68k-elf/lib/libmd.a(kdebug.o)
                              /opt/toolchains/gen//m68k-elf/lib/libmd.a(tools.o) (KDebug_Alert)
/opt/toolchains/gen//m68k-elf/lib/libmd.a(smp_null.o)
                              /opt/toolchains/gen//m68k-elf/lib/libmd.a(z80_ctrl.o) (smp_null)
/opt/toolchains/gen//m68k-elf/lib/libmd.a(bmp_a.o)
                              /opt/toolchains/gen//m68k-elf/lib/libmd.a(bmp.o) (clearBitmapBuffer)
/opt/toolchains/gen//m68k-elf/lib/libmd.a(tools_a.o)
                              /opt/toolchains/gen//m68k-elf/lib/libmd.a(tools.o) (aplib_unpack)
/opt/toolchains/gen//m68k-elf/lib/libmd.a(z80_drv1.o)
                              /opt/toolchains/gen//m68k-elf/lib/libmd.a(z80_ctrl.o) (z80_drv1)
/opt/toolchains/gen//m68k-elf/lib/libmd.a(z80_drv2.o)
                              /opt/toolchains/gen//m68k-elf/lib/libmd.a(z80_ctrl.o) (z80_drv2)
/opt/toolchains/gen//m68k-elf/lib/libmd.a(z80_mvs.o)
                              /opt/toolchains/gen//m68k-elf/lib/libmd.a(z80_ctrl.o) (z80_mvs)
/opt/toolchains/gen//m68k-elf/lib/libmd.a(z80_drv3.o)
                              /opt/toolchains/gen//m68k-elf/lib/libmd.a(z80_ctrl.o) (z80_drv3)
/opt/toolchains/gen//m68k-elf/lib/libmd.a(z80_xgm.o)
                              /opt/toolchains/gen//m68k-elf/lib/libmd.a(z80_ctrl.o) (z80_xgm)
/opt/toolchains/gen//m68k-elf/lib/libmd.a(z80_tfm.o)
                              /opt/toolchains/gen//m68k-elf/lib/libmd.a(z80_ctrl.o) (z80_tfm)
/opt/toolchains/gen//m68k-elf/lib/libmd.a(libres.o)
                              /opt/toolchains/gen//m68k-elf/lib/libmd.a(vdp.o) (font_lib)
/opt/toolchains/gen//m68k-elf/lib/libmd.a(tab_vol.o)
                              /opt/toolchains/gen//m68k-elf/lib/libmd.a(z80_ctrl.o) (tab_vol)
/opt/toolchains/gen//m68k-elf/lib/libmd.a(maths.o)
                              /opt/toolchains/gen//m68k-elf/lib/libmd.a(sys.o) (randbase)
/opt/toolchains/gen//m68k-elf/lib/libmd.a(string.o)
                              /opt/toolchains/gen//m68k-elf/lib/libmd.a(sys.o) (strlen)
/opt/toolchains/gen//m68k-elf/lib/libmd.a(joy.o)
                              /opt/toolchains/gen//m68k-elf/lib/libmd.a(sys.o) (JOY_init)
/opt/toolchains/gen//m68k-elf/lib/libmd.a(types.o)
                              /opt/toolchains/gen//m68k-elf/lib/libmd.a(z80_ctrl.o) (getZeroU8)
/opt/toolchains/gen//m68k-elf/lib/gcc/m68k-elf/4.8.2/libgcc.a(_mulsi3.o)
                              /opt/toolchains/gen//m68k-elf/lib/libmd.a(tools.o) (__mulsi3)
/opt/toolchains/gen//m68k-elf/lib/gcc/m68k-elf/4.8.2/libgcc.a(_udivsi3.o)
                              /opt/toolchains/gen//m68k-elf/lib/libmd.a(tools.o) (__udivsi3)
/opt/toolchains/gen//m68k-elf/lib/gcc/m68k-elf/4.8.2/libgcc.a(_divsi3.o)
                              /opt/toolchains/gen//m68k-elf/lib/libmd.a(vdp_pal.o) (__divsi3)
/opt/toolchains/gen//m68k-elf/lib/gcc/m68k-elf/4.8.2/libgcc.a(_umodsi3.o)
                              /opt/toolchains/gen//m68k-elf/lib/libmd.a(string.o) (__umodsi3)
/opt/toolchains/gen//m68k-elf/lib/libmd.a(sprite_eng.o)
                              main.o (SPR_initSprite)

Allocating common symbols
Common symbol       size              file

illegalInstCB       0x4               /opt/toolchains/gen//m68k-elf/lib/libmd.a(sys.o)
slist_adr           0x2               /opt/toolchains/gen//m68k-elf/lib/libmd.a(vdp.o)
errorExceptionCB    0x4               /opt/toolchains/gen//m68k-elf/lib/libmd.a(sys.o)
trapvInstCB         0x4               /opt/toolchains/gen//m68k-elf/lib/libmd.a(sys.o)
things              0x300             main.o
vtimer              0x4               /opt/toolchains/gen//m68k-elf/lib/libmd.a(timer.o)
driverFlags         0x2               /opt/toolchains/gen//m68k-elf/lib/libmd.a(z80_ctrl.o)
dmaQueues           0x200             /opt/toolchains/gen//m68k-elf/lib/libmd.a(dma.o)
chkInstCB           0x4               /opt/toolchains/gen//m68k-elf/lib/libmd.a(sys.o)
player              0x18              main.o
registerState       0x40              /opt/toolchains/gen//m68k-elf/lib/libmd.a(sys.o)
text_basetile       0x2               /opt/toolchains/gen//m68k-elf/lib/libmd.a(vdp_bg.o)
bmp_buffer_write    0x4               /opt/toolchains/gen//m68k-elf/lib/libmd.a(bmp.o)
srState             0x2               /opt/toolchains/gen//m68k-elf/lib/libmd.a(sys.o)
line1x1xCB          0x4               /opt/toolchains/gen//m68k-elf/lib/libmd.a(sys.o)
randbase            0x2               /opt/toolchains/gen//m68k-elf/lib/libmd.a(maths.o)
ext2State           0x2               /opt/toolchains/gen//m68k-elf/lib/libmd.a(sys.o)
traceCB             0x4               /opt/toolchains/gen//m68k-elf/lib/libmd.a(sys.o)
sprite              0x4a4             main.o
intTrace            0x2               /opt/toolchains/gen//m68k-elf/lib/libmd.a(sys.o)
zeroDivideCB        0x4               /opt/toolchains/gen//m68k-elf/lib/libmd.a(sys.o)
curTileInd          0x2               /opt/toolchains/gen//m68k-elf/lib/libmd.a(vdp_bg.o)
hscrl_adr           0x2               /opt/toolchains/gen//m68k-elf/lib/libmd.a(vdp.o)
internalExtIntCB    0x4               /opt/toolchains/gen//m68k-elf/lib/libmd.a(sys.o)
spriteNum           0x2               /opt/toolchains/gen//m68k-elf/lib/libmd.a(vdp_spr.o)
text_plan           0x4               /opt/toolchains/gen//m68k-elf/lib/libmd.a(vdp_bg.o)
screenHeight        0x2               /opt/toolchains/gen//m68k-elf/lib/libmd.a(vdp.o)
internalVIntCB      0x4               /opt/toolchains/gen//m68k-elf/lib/libmd.a(sys.o)
intCB               0x4               /opt/toolchains/gen//m68k-elf/lib/libmd.a(sys.o)
screenWidth         0x2               /opt/toolchains/gen//m68k-elf/lib/libmd.a(vdp.o)
addressErrorCB      0x4               /opt/toolchains/gen//m68k-elf/lib/libmd.a(sys.o)
bmp_buffer_read     0x4               /opt/toolchains/gen//m68k-elf/lib/libmd.a(bmp.o)
VIntProcess         0x4               /opt/toolchains/gen//m68k-elf/lib/libmd.a(sys.o)
currentDriver       0x2               /opt/toolchains/gen//m68k-elf/lib/libmd.a(z80_ctrl.o)
vdpSpriteCache      0x280             /opt/toolchains/gen//m68k-elf/lib/libmd.a(vdp_spr.o)
uploads             0x4               /opt/toolchains/gen//m68k-elf/lib/libmd.a(tile_cache.o)
ExtIntProcess       0x4               /opt/toolchains/gen//m68k-elf/lib/libmd.a(sys.o)
aplan_adr           0x2               /opt/toolchains/gen//m68k-elf/lib/libmd.a(vdp.o)
bplan_adr           0x2               /opt/toolchains/gen//m68k-elf/lib/libmd.a(vdp.o)
HIntProcess         0x4               /opt/toolchains/gen//m68k-elf/lib/libmd.a(sys.o)
privilegeViolationCB
                    0x4               /opt/toolchains/gen//m68k-elf/lib/libmd.a(sys.o)
pcState             0x4               /opt/toolchains/gen//m68k-elf/lib/libmd.a(sys.o)
ext1State           0x2               /opt/toolchains/gen//m68k-elf/lib/libmd.a(sys.o)
busErrorCB          0x4               /opt/toolchains/gen//m68k-elf/lib/libmd.a(sys.o)
blocker             0x18              main.o
internalHIntCB      0x4               /opt/toolchains/gen//m68k-elf/lib/libmd.a(sys.o)
window_adr          0x2               /opt/toolchains/gen//m68k-elf/lib/libmd.a(vdp.o)
maparray            0xc40             main.o
addrState           0x4               /opt/toolchains/gen//m68k-elf/lib/libmd.a(sys.o)
empty               0x18              main.o

Memory Configuration

Name             Origin             Length             Attributes
rom              0x0000000000000000 0x0000000000a00000
ram              0x0000000000ff0000 0x0000000000010000
*default*        0x0000000000000000 0xffffffffffffffff

Linker script and memory map

                0x0000000000000000                __DYNAMIC = 0x0
                0x0000000001000000                PROVIDE (__stack, 0x1000000)

.text           0x0000000000000000    0x16d00
 *(.text.keepboot)
 .text.keepboot
                0x0000000000000000      0x5f4 boot/sega.o
 *(.text.*)
 .text.startup  0x00000000000005f4      0x1b2 main.o
                0x00000000000005f4                main
 *(.text)
 *fill*         0x00000000000007a6        0x2 
 .text          0x00000000000007a8        0x0 boot/sega.o
 .text          0x00000000000007a8      0x9d8 /opt/toolchains/gen//m68k-elf/lib/libmd.a(sys.o)
                0x00000000000007a8                _trace_callback
                0x00000000000007aa                _line1x1x_callback
                0x00000000000007ac                _int_callback
                0x00000000000007ae                _extint_callback
                0x0000000000000b9c                _buserror_callback
                0x0000000000000bc4                _addresserror_callback
                0x0000000000000c78                _illegalinst_callback
                0x0000000000000ca0                _chkinst_callback
                0x0000000000000cc8                _trapvinst_callback
                0x0000000000000cf0                _vint_callback
                0x0000000000000dee                _hint_callback
                0x0000000000000f24                _zerodivide_callback
                0x0000000000000f4c                _privilegeviolation_callback
                0x0000000000000f74                _errorexception_callback
                0x0000000000000f9c                _start_entry
                0x0000000000001050                _reset_entry
                0x0000000000001060                SYS_disableInts
                0x0000000000001090                SYS_enableInts
                0x00000000000010bc                SYS_setVIntPreCallback
                0x00000000000010c6                SYS_setVIntCallback
                0x00000000000010d0                SYS_setHIntCallback
                0x00000000000010da                SYS_setExtIntCallback
                0x00000000000010e4                SYS_isInVIntCallback
                0x00000000000010f0                SYS_isInHIntCallback
                0x00000000000010fc                SYS_isInExtIntCallback
                0x0000000000001108                SYS_isInInterrupt
                0x0000000000001110                SYS_isNTSC
                0x0000000000001120                SYS_isPAL
                0x000000000000112c                SYS_die
 .text          0x0000000000001180      0x886 /opt/toolchains/gen//m68k-elf/lib/libmd.a(vdp.o)
                0x0000000000001180                VDP_getReg
                0x00000000000011a0                VDP_setReg
                0x00000000000012f8                VDP_getEnable
                0x0000000000001304                VDP_setEnable
                0x0000000000001330                VDP_getScanlineNumber
                0x0000000000001346                VDP_getScreenHeight
                0x000000000000134e                VDP_setScreenHeight224
                0x0000000000001374                VDP_setScreenHeight240
                0x00000000000013a6                VDP_getScreenWidth
                0x00000000000013ae                VDP_setScreenWidth256
                0x00000000000013d4                VDP_setScreenWidth320
                0x00000000000013fa                VDP_getPlanWidth
                0x000000000000140e                VDP_getPlanHeight
                0x0000000000001420                VDP_setPlanSize
                0x0000000000001454                VDP_getVerticalScrollingMode
                0x0000000000001462                VDP_getHorizontalScrollingMode
                0x000000000000146e                VDP_setScrollingMode
                0x00000000000014a0                VDP_getBackgroundColor
                0x00000000000014a8                VDP_setBackgroundColor
                0x00000000000014c6                VDP_getAutoInc
                0x00000000000014ce                VDP_setAutoInc
                0x00000000000014e8                VDP_setHInterrupt
                0x0000000000001514                VDP_setHilightShadow
                0x0000000000001540                VDP_getHIntCounter
                0x0000000000001548                VDP_setHIntCounter
                0x0000000000001562                VDP_getAPlanAddress
                0x000000000000156a                VDP_getBPlanAddress
                0x0000000000001572                VDP_getWindowAddress
                0x000000000000157a                VDP_getWindowPlanAddress
                0x0000000000001582                VDP_getSpriteListAddress
                0x000000000000158a                VDP_getHScrollTableAddress
                0x0000000000001592                VDP_setAPlanAddress
                0x00000000000015b6                VDP_setWindowAddress
                0x00000000000015f8                VDP_setWindowPlanAddress
                0x0000000000001608                VDP_setBPlanAddress
                0x000000000000162c                VDP_setSpriteListAddress
                0x000000000000166e                VDP_setHScrollTableAddress
                0x0000000000001694                VDP_setScanMode
                0x00000000000016dc                VDP_waitDMACompletion
                0x00000000000016ea                VDP_init
                0x00000000000018ec                VDP_waitFIFOEmpty
                0x00000000000018fa                VDP_waitVSync
                0x0000000000001914                VDP_resetScreen
                0x0000000000001988                VDP_showFPS
 *fill*         0x0000000000001a06        0x2 
 .text          0x0000000000001a08      0x5a8 /opt/toolchains/gen//m68k-elf/lib/libmd.a(dma.o)
                0x0000000000001a08                DMA_getAutoFlush
                0x0000000000001a10                DMA_setAutoFlush
                0x0000000000001a36                DMA_getMaxTransferSize
                0x0000000000001a3e                DMA_setMaxTransferSize
                0x0000000000001a48                DMA_clearQueue
                0x0000000000001a62                DMA_flushQueue
                0x0000000000001b26                DMA_getQueueSize
                0x0000000000001b2e                DMA_getQueueTransferSize
                0x0000000000001b36                DMA_queueDma
                0x0000000000001d20                DMA_waitCompletion
                0x0000000000001d2e                DMA_doDma
                0x0000000000001e7e                DMA_doVRamFill
                0x0000000000001f2a                DMA_doVRamCopy
 .text          0x0000000000001fb0     0x1860 /opt/toolchains/gen//m68k-elf/lib/libmd.a(tools.o)
                0x0000000000001fb0                getFPS
                0x0000000000002018                getFPS_f
                0x000000000000209a                KLog
                0x00000000000020be                KLog_U1
                0x000000000000210a                KLog_U2
                0x0000000000002178                KLog_U3
                0x0000000000002204                KLog_U4
                0x00000000000022ac                KLog_U1x
                0x00000000000022fc                KLog_U2x
                0x000000000000236c                KLog_U3x
                0x00000000000023f8                KLog_U4x
                0x000000000000249e                KLog_S1
                0x00000000000024ea                KLog_S2
                0x0000000000002558                KLog_S3
                0x00000000000025e4                KLog_S4
                0x000000000000268c                KLog_S1x
                0x00000000000026dc                KLog_S2x
                0x000000000000274c                KLog_S3x
                0x00000000000027d8                KLog_S4x
                0x000000000000287e                KLog_f1
                0x00000000000028ce                KLog_f2
                0x0000000000002944                KLog_f3
                0x00000000000029dc                KLog_f4
                0x0000000000002a94                KLog_f1x
                0x0000000000002ae8                KLog_f2x
                0x0000000000002b60                KLog_f3x
                0x0000000000002bf8                KLog_f4x
                0x0000000000002cae                KLog_F1
                0x0000000000002cfa                KLog_F2
                0x0000000000002d68                KLog_F3
                0x0000000000002df4                KLog_F4
                0x0000000000002e9c                KLog_F1x
                0x0000000000002eec                KLog_F2x
                0x0000000000002f5c                KLog_F3x
                0x0000000000002fe8                KLog_F4x
                0x000000000000308e                allocateBitmap
                0x00000000000030ee                allocateBitmapEx
                0x0000000000003130                allocateTileSet
                0x000000000000317a                allocateTileSetEx
                0x00000000000031a6                allocateMap
                0x00000000000031f0                allocateMapEx
                0x000000000000321a                allocateImage
                0x00000000000032de                rle4b_unpack
                0x0000000000003338                rlemap_unpack
                0x00000000000033d0                unpackEx
                0x000000000000347e                getTileSet
                0x00000000000034cc                unpack
                0x00000000000034ea                unpackBitmap
                0x000000000000357c                unpackTileSet
                0x00000000000035ee                unpackMap
                0x0000000000003664                unpackImage
                0x00000000000036ba                rle4b_unpackVRam
                0x0000000000003746                uftc_unpack_old
 .text          0x0000000000003810      0x236 /opt/toolchains/gen//m68k-elf/lib/libmd.a(memory.o)
                0x0000000000003810                MEM_init
                0x0000000000003838                MEM_getFree
                0x0000000000003862                MEM_free
                0x0000000000003874                MEM_alloc
                0x0000000000003952                memcpyU16
                0x0000000000003970                memcpyU32
                0x0000000000003990                fastMemset
                0x00000000000039b0                fastMemsetU16
                0x00000000000039d0                fastMemsetU32
                0x00000000000039ec                fastMemcpy
                0x0000000000003a08                fastMemcpyU16
                0x0000000000003a26                fastMemcpyU32
 *fill*         0x0000000000003a46        0x2 
 .text          0x0000000000003a48      0xb94 /opt/toolchains/gen//m68k-elf/lib/libmd.a(vdp_tile.o)
                0x0000000000003a48                VDP_loadTileSet
                0x0000000000003af2                VDP_loadFontData
                0x0000000000003b22                VDP_loadFont
                0x0000000000003b48                VDP_loadBMPTileDataEx
                0x0000000000003b9c                VDP_fillTileData
                0x0000000000003c56                VDP_setTileMap
                0x0000000000003c94                VDP_setTileMapXY
                0x0000000000003cfa                VDP_fillTileMap
                0x0000000000003d96                VDP_fillTileMapRectByIndex
                0x0000000000003dc0                VDP_fillTileMapRect
                0x0000000000003e66                VDP_clearTileMap
                0x0000000000003eba                VDP_clearTileMapRectByIndex
                0x0000000000003ee4                VDP_clearTileMapRect
                0x0000000000003f18                VDP_fillTileMapInc
                0x0000000000003fe2                VDP_fillTileMapRectIncByIndex
                0x000000000000400c                VDP_fillTileMapRectInc
                0x00000000000040b8                VDP_setTileMapData
                0x000000000000419c                VDP_setTileMapRectByIndex
                0x00000000000041ca                VDP_setTileMapDataRect
                0x0000000000004282                VDP_setTileMapDataEx
                0x0000000000004374                VDP_setTileMapRectExByIndex
                0x00000000000043a6                VDP_setTileMapDataRectEx
                0x000000000000448c                VDP_setTileMapRectEx
                0x00000000000044d0                VDP_setMapEx
                0x0000000000004598                VDP_setMap
 .text          0x00000000000045dc      0x5f2 /opt/toolchains/gen//m68k-elf/lib/libmd.a(z80_ctrl.o)
                0x00000000000045dc                Z80_isBusTaken
                0x00000000000045ee                Z80_requestBus
                0x0000000000004614                Z80_releaseBus
                0x000000000000461e                Z80_startReset
                0x0000000000004628                Z80_endReset
                0x0000000000004632                Z80_setBank
                0x0000000000004646                Z80_init
                0x0000000000004664                Z80_read
                0x0000000000004676                Z80_write
                0x000000000000468a                Z80_clear
                0x0000000000004702                Z80_upload
                0x0000000000004776                Z80_download
                0x00000000000047ce                Z80_getLoadedDriver
                0x00000000000047d6                Z80_unloadDriver
                0x0000000000004808                Z80_loadCustomDriver
                0x000000000000484c                Z80_isDriverReady
                0x0000000000004882                Z80_loadDriver
 *fill*         0x0000000000004bce        0x2 
 .text          0x0000000000004bd0      0xf5c /opt/toolchains/gen//m68k-elf/lib/libmd.a(sound.o)
                0x0000000000004bd0                SND_isPlaying_PCM
                0x0000000000004c04                SND_startPlay_PCM
                0x0000000000004ca8                SND_stopPlay_PCM
                0x0000000000004d12                SND_isPlaying_2ADPCM
                0x0000000000004d48                SND_startPlay_2ADPCM
                0x0000000000004e08                SND_stopPlay_2ADPCM
                0x0000000000004e82                SND_isPlaying_4PCM_ENV
                0x0000000000004eb8                SND_startPlay_4PCM_ENV
                0x0000000000004f92                SND_stopPlay_4PCM_ENV
                0x000000000000500c                SND_setVolume_4PCM_ENV
                0x0000000000005054                SND_getVolume_4PCM_ENV
                0x0000000000005096                SND_isPlaying_MVS
                0x00000000000050c8                SND_startPlay_MVS
                0x0000000000005132                SND_stopPlay_MVS
                0x0000000000005164                SND_setTempo_MVS
                0x0000000000005194                SND_startDAC_MVS
                0x00000000000051f6                SND_stopDAC_MVS
                0x0000000000005220                SND_isPlayingPSG_MVS
                0x000000000000524e                SND_startPSG_MVS
                0x000000000000529a                SND_stopPSG_MVS
                0x00000000000052c4                SND_enablePSG_MVS
                0x0000000000005304                SND_disablePSG_MVS
                0x0000000000005344                SND_startPlay_TFM
                0x00000000000053b8                SND_stopPlay_TFM
                0x00000000000053c0                SND_stopPlay_VGM
                0x00000000000053ec                SND_resumePlay_VGM
                0x0000000000005418                SND_isPlaying_VGM
                0x0000000000005448                SND_startPlay_VGM
                0x00000000000054c4                SND_playSfx_VGM
                0x0000000000005526                SND_isPlaying_XGM
                0x000000000000555a                SND_startPlay_XGM
                0x0000000000005672                SND_stopPlay_XGM
                0x00000000000056da                SND_pausePlay_XGM
                0x000000000000570c                SND_resumePlay_XGM
                0x0000000000005746                SND_isPlayingPCM_XGM
                0x000000000000577c                SND_setPCMFast_XGM
                0x00000000000057ba                SND_setPCM_XGM
                0x00000000000057fa                SND_startPlayPCM_XGM
                0x000000000000585c                SND_stopPlayPCM_XGM
                0x00000000000058b2                SND_set68KBUSProtection_XGM
                0x00000000000058da                SND_nextXFrame_XGM
                0x0000000000005922                SND_getManualSync_XGM
                0x000000000000592e                SND_setManualSync_XGM
                0x0000000000005974                SND_getForceDelayDMA_XGM
                0x0000000000005980                SND_setForceDelayDMA_XGM
                0x00000000000059a6                SND_getMusicTempo_XGM
                0x00000000000059ae                SND_setMusicTempo_XGM
                0x00000000000059d6                SND_getCPULoad_XGM
                0x0000000000005a96                XGM_resetLoadCalculation
                0x0000000000005ac4                XGM_doVBlankProcess
 .text          0x0000000000005b2c      0x1f2 /opt/toolchains/gen//m68k-elf/lib/libmd.a(ym2612.o)
                0x0000000000005b2c                YM2612_read
                0x0000000000005b46                YM2612_write
                0x0000000000005b6a                YM2612_reset
                0x0000000000005c54                YM2612_writeSafe
                0x0000000000005c6c                YM2612_writeReg
                0x0000000000005cbe                YM2612_writeRegSafe
                0x0000000000005ce0                YM2612_enableDAC
                0x0000000000005d00                YM2612_disableDAC
 *fill*         0x0000000000005d1e        0x2 
 .text          0x0000000000005d20      0x618 /opt/toolchains/gen//m68k-elf/lib/libmd.a(vdp_pal.o)
                0x0000000000005dd8                VDP_getPaletteColor
                0x0000000000005e0c                VDP_setPaletteColor
                0x0000000000005e4a                VDP_doStepFading
                0x0000000000005f24                VDP_initFading
                0x0000000000006050                VDP_interruptFade
                0x0000000000006062                VDP_fade
                0x00000000000060d2                VDP_fadeTo
                0x0000000000006132                VDP_fadeOut
                0x0000000000006162                VDP_fadeIn
                0x0000000000006196                VDP_fadePal
                0x00000000000061d2                VDP_fadePalTo
                0x000000000000620a                VDP_fadePalOut
                0x0000000000006244                VDP_fadePalIn
                0x0000000000006282                VDP_fadeAll
                0x00000000000062aa                VDP_fadeAllTo
                0x00000000000062ce                VDP_fadeOutAll
                0x00000000000062f4                VDP_fadeInAll
                0x000000000000631e                VDP_isDoingFade
                0x000000000000632a                VDP_waitFadeCompletion
 .text          0x0000000000006338      0x114 /opt/toolchains/gen//m68k-elf/lib/libmd.a(psg.o)
                0x0000000000006338                PSG_init
                0x0000000000006364                PSG_write
                0x000000000000636e                PSG_setEnvelope
                0x000000000000638e                PSG_setTone
                0x00000000000063be                PSG_setFrequency
                0x0000000000006424                PSG_setNoise
 .text          0x000000000000644c        0x0 /opt/toolchains/gen//m68k-elf/lib/libmd.a(z80_vgm.o)
 .text          0x000000000000644c      0x3ec /opt/toolchains/gen//m68k-elf/lib/libmd.a(vdp_spr.o)
                0x000000000000644c                VDP_resetSprites
                0x0000000000006464                VDP_resetSpritesDirect
                0x00000000000064a6                VDP_setSprite
                0x0000000000006502                VDP_setSpriteP
                0x000000000000654e                VDP_setSpriteDirect
                0x00000000000065d0                VDP_setSpriteDirectP
                0x0000000000006652                VDP_setSpritePosition
                0x0000000000006692                VDP_setSpritesDirect
                0x0000000000006724                VDP_setSprites
                0x0000000000006796                VDP_updateSprites
 .text          0x0000000000006838        0x0 /opt/toolchains/gen//m68k-elf/lib/libmd.a(tab_cnv.o)
 .text          0x0000000000006838      0x266 /opt/toolchains/gen//m68k-elf/lib/libmd.a(vdp_dma.o)
                0x0000000000006838                VDP_doDMAEx
                0x0000000000006988                VDP_doDMA
                0x00000000000069b2                VDP_doVRamDMAFill
                0x0000000000006a26                VDP_doVRamDMACopy
 *fill*         0x0000000000006a9e        0x2 
 .text          0x0000000000006aa0     0x111e /opt/toolchains/gen//m68k-elf/lib/libmd.a(bmp.o)
                0x0000000000006bf4                BMP_end
                0x0000000000006c58                BMP_hasFlipRequestPending
                0x0000000000006c66                BMP_waitWhileFlipRequestPending
                0x0000000000006c76                BMP_hasFlipInProgess
                0x0000000000006c82                BMP_waitFlipComplete
                0x0000000000006c92                BMP_flip
                0x0000000000006ce6                BMP_drawText
                0x0000000000006d44                BMP_clearText
                0x0000000000006da0                BMP_clearTextLine
                0x0000000000006de0                BMP_showFPS
                0x0000000000006eb2                BMP_clear
                0x0000000000006ec2                BMP_reset
                0x0000000000006fe4                BMP_init
                0x0000000000007022                BMP_getWritePointer
                0x0000000000007048                BMP_getReadPointer
                0x000000000000706e                BMP_getPixel
                0x00000000000070a6                BMP_setPixel
                0x00000000000070de                BMP_setPixels_V2D
                0x000000000000712e                BMP_setPixels
                0x0000000000007188                BMP_drawBitmapData
                0x000000000000722a                BMP_drawBitmap
                0x00000000000072fe                BMP_loadBitmapData
                0x0000000000007330                BMP_loadBitmap
                0x0000000000007356                BMP_getBitmapPalette
                0x0000000000007372                BMP_scale
                0x000000000000744c                BMP_drawBitmapScaled
                0x0000000000007556                BMP_loadAndScaleBitmap
                0x000000000000758c                BMP_doVBlankProcess
                0x0000000000007594                BMP_doHBlankProcess
 *fill*         0x0000000000007bbe        0x2 
 .text          0x0000000000007bc0      0x1d4 /opt/toolchains/gen//m68k-elf/lib/libmd.a(timer.o)
                0x0000000000007bc0                getSubTick
                0x0000000000007c12                getTick
                0x0000000000007c3e                getTime
                0x0000000000007c60                getTimeAsFix32
                0x0000000000007c74                startTimer
                0x0000000000007c96                getTimer
                0x0000000000007cda                waitSubTick
                0x0000000000007d22                waitTick
                0x0000000000007d64                waitMs
 .text          0x0000000000007d94      0x65c /opt/toolchains/gen//m68k-elf/lib/libmd.a(tile_cache.o)
                0x0000000000007e34                TC_init
                0x0000000000007e6c                TC_end
                0x0000000000007ece                TC_createCacheEx
                0x0000000000007f14                TC_createCache
                0x0000000000007f36                TC_releaseCache
                0x0000000000007f48                TC_clearCache
                0x0000000000007f5a                TC_flushCache
                0x0000000000007f64                TC_alloc
                0x000000000000824e                TC_reAlloc
                0x00000000000082da                TC_free
                0x0000000000008354                TC_getTileIndex
                0x00000000000083a2                TC_uploadAtVBlank
                0x00000000000083d6                TC_doVBlankProcess
 .text          0x00000000000083f0      0x80c /opt/toolchains/gen//m68k-elf/lib/libmd.a(vdp_bg.o)
                0x00000000000083f0                VDP_setHorizontalScroll
                0x000000000000843c                VDP_setHorizontalScrollTile
                0x00000000000084e2                VDP_setHorizontalScrollLine
                0x0000000000008588                VDP_setVerticalScroll
                0x00000000000085c6                VDP_setVerticalScrollTile
                0x000000000000865c                VDP_clearPlan
                0x0000000000008712                VDP_getTextPlan
                0x000000000000872e                VDP_getTextPalette
                0x000000000000873e                VDP_getTextPriority
                0x000000000000874a                VDP_setTextPlan
                0x000000000000876e                VDP_setTextPalette
                0x000000000000878e                VDP_setTextPriority
                0x00000000000087ac                VDP_drawTextBG
                0x0000000000008858                VDP_clearTextBG
                0x000000000000888a                VDP_clearTextLineBG
                0x00000000000088c0                VDP_drawText
                0x00000000000088f4                VDP_clearText
                0x0000000000008922                VDP_clearTextLine
                0x000000000000893e                VDP_drawBitmapEx
                0x0000000000008a4e                VDP_drawBitmap
                0x0000000000008ad6                VDP_drawImageEx
                0x0000000000008b7e                VDP_drawImage
 *fill*         0x0000000000008bfc        0x4 
 .text          0x0000000000008c00       0x80 /opt/toolchains/gen//m68k-elf/lib/libmd.a(smp_null_pcm.o)
                0x0000000000008c00                smp_null_pcm
 .text          0x0000000000008c80      0x102 /opt/toolchains/gen//m68k-elf/lib/libmd.a(vdp_tile_a.o)
                0x0000000000008c80                VDP_loadTileData
                0x0000000000008cfc                VDP_loadBMPTileData
 *fill*         0x0000000000008d82        0x2 
 .text          0x0000000000008d84      0x1b8 /opt/toolchains/gen//m68k-elf/lib/libmd.a(memory_a.o)
                0x0000000000008d84                memset
                0x0000000000008dfc                memsetU16
                0x0000000000008e5a                memsetU32
                0x0000000000008e98                memcpy
 .text          0x0000000000008f3c      0x15c /opt/toolchains/gen//m68k-elf/lib/libmd.a(vdp_pal_a.o)
                0x0000000000008f3c                VDP_getPaletteColors
                0x0000000000008fa2                VDP_setPaletteColors
                0x0000000000009008                VDP_getPalette
                0x0000000000009050                VDP_setPalette
 .text          0x0000000000009098       0x48 /opt/toolchains/gen//m68k-elf/lib/libmd.a(sys_a.o)
                0x0000000000009098                SYS_assertReset
                0x000000000000909c                SYS_reset
                0x00000000000090aa                SYS_getInterruptMaskLevel
                0x00000000000090b4                SYS_setInterruptMaskLevel
                0x00000000000090c6                SYS_getAndSetInterruptMaskLevel
 .text          0x00000000000090e0       0x88 /opt/toolchains/gen//m68k-elf/lib/libmd.a(kdebug.o)
                0x00000000000090e0                KDebug_Halt
                0x00000000000090ea                KDebug_Alert
                0x0000000000009106                KDebug_AlertNumber
                0x0000000000009154                KDebug_StartTimer
                0x000000000000915e                KDebug_StopTimer
 *fill*         0x0000000000009168       0x98 
 .text          0x0000000000009200      0x100 /opt/toolchains/gen//m68k-elf/lib/libmd.a(smp_null.o)
                0x0000000000009200                smp_null
 .text          0x0000000000009300     0x13f8 /opt/toolchains/gen//m68k-elf/lib/libmd.a(bmp_a.o)
                0x0000000000009300                clearBitmapBuffer
                0x0000000000009442                BMP_clipLine
                0x000000000000945e                BMP_drawLine
                0x00000000000094ce                BMP_isPolygonCulled
                0x0000000000009dfc                BMP_drawPolygon
 .text          0x000000000000a6f8      0x10a /opt/toolchains/gen//m68k-elf/lib/libmd.a(tools_a.o)
                0x000000000000a6f8                aplib_unpack
                0x000000000000a6fe                aplib_decrunch
                0x000000000000a7a0                uftc_unpack
 *fill*         0x000000000000a802        0x2 
 .text          0x000000000000a804      0xb26 /opt/toolchains/gen//m68k-elf/lib/libmd.a(z80_drv1.o)
                0x000000000000a804                z80_drv1
 *fill*         0x000000000000b32a        0x2 
 .text          0x000000000000b32c      0xe00 /opt/toolchains/gen//m68k-elf/lib/libmd.a(z80_drv2.o)
                0x000000000000b32c                z80_drv2
 .text          0x000000000000c12c      0xa5c /opt/toolchains/gen//m68k-elf/lib/libmd.a(z80_mvs.o)
                0x000000000000c12c                z80_mvs
 .text          0x000000000000cb88      0xa64 /opt/toolchains/gen//m68k-elf/lib/libmd.a(z80_drv3.o)
                0x000000000000cb88                z80_drv3
 .text          0x000000000000d5ec     0x1700 /opt/toolchains/gen//m68k-elf/lib/libmd.a(z80_xgm.o)
                0x000000000000d5ec                z80_xgm
 .text          0x000000000000ecec      0x69e /opt/toolchains/gen//m68k-elf/lib/libmd.a(z80_tfm.o)
                0x000000000000ecec                z80_tfm
 *fill*         0x000000000000f38a        0x2 
 .text          0x000000000000f38c        0x0 /opt/toolchains/gen//m68k-elf/lib/libmd.a(libres.o)
 .text          0x000000000000f38c        0x0 /opt/toolchains/gen//m68k-elf/lib/libmd.a(tab_vol.o)
 .text          0x000000000000f38c      0x656 /opt/toolchains/gen//m68k-elf/lib/libmd.a(maths.o)
                0x000000000000f38c                random
                0x000000000000f3ac                intToBCD
                0x000000000000f440                distance_approx
                0x000000000000f492                Partition_u8
                0x000000000000f514                QSort_u8
                0x000000000000f562                Partition_s8
                0x000000000000f5e4                QSort_s8
                0x000000000000f632                Partition_u16
                0x000000000000f6c2                QSort_u16
                0x000000000000f710                Partition_s16
                0x000000000000f7a0                QSort_s16
                0x000000000000f7ee                Partition_u32
                0x000000000000f89a                QSort_u32
                0x000000000000f8e8                Partition_s32
                0x000000000000f994                QSort_s32
 *fill*         0x000000000000f9e2        0x2 
 .text          0x000000000000f9e4      0x8d2 /opt/toolchains/gen//m68k-elf/lib/libmd.a(string.o)
                0x000000000000f9e4                strlen
                0x000000000000fad0                strnlen
                0x000000000000fb0e                strcmp
                0x000000000000fb2e                strclr
                0x000000000000fb38                strcpy
                0x000000000000fb4a                strcat
                0x000000000000fb64                strreplace
                0x000000000000fb88                intToStr
                0x000000000000fbb6                uintToStr
                0x000000000000fbd2                intToHex
                0x000000000000fc86                fix32ToStr
                0x000000000000fd06                fix16ToStr
                0x000000000000fd80                sprintf
 *fill*         0x00000000000102b6        0x2 
 .text          0x00000000000102b8     0x1804 /opt/toolchains/gen//m68k-elf/lib/libmd.a(joy.o)
                0x0000000000010d50                JOY_setEventHandler
                0x0000000000010d5a                JOY_setSupport
                0x0000000000011192                JOY_init
                0x00000000000114d2                JOY_getPortType
                0x00000000000114f2                JOY_getJoypadType
                0x0000000000011512                JOY_readJoypad
                0x0000000000011562                JOY_readJoypadX
                0x0000000000011584                JOY_readJoypadY
                0x00000000000115a6                JOY_update
                0x00000000000119c8                JOY_waitPressTime
                0x0000000000011a6e                JOY_waitPressBtn
                0x0000000000011a84                JOY_waitPressBtnTime
                0x0000000000011aa0                JOY_waitPress
 .text          0x0000000000011abc        0xc /opt/toolchains/gen//m68k-elf/lib/libmd.a(types.o)
                0x0000000000011abc                getZeroU8
                0x0000000000011ac0                getZeroU16
                0x0000000000011ac4                getZeroU32
 .text          0x0000000000011ac8       0x22 /opt/toolchains/gen//m68k-elf/lib/gcc/m68k-elf/4.8.2/libgcc.a(_mulsi3.o)
                0x0000000000011ac8                __mulsi3
 *fill*         0x0000000000011aea        0x2 
 .text          0x0000000000011aec       0x5c /opt/toolchains/gen//m68k-elf/lib/gcc/m68k-elf/4.8.2/libgcc.a(_udivsi3.o)
                0x0000000000011aec                __udivsi3
 .text          0x0000000000011b48       0x2e /opt/toolchains/gen//m68k-elf/lib/gcc/m68k-elf/4.8.2/libgcc.a(_divsi3.o)
                0x0000000000011b48                __divsi3
 *fill*         0x0000000000011b76        0x2 
 .text          0x0000000000011b78       0x2e /opt/toolchains/gen//m68k-elf/lib/gcc/m68k-elf/4.8.2/libgcc.a(_umodsi3.o)
                0x0000000000011b78                __umodsi3
 *fill*         0x0000000000011ba6        0x2 
 .text          0x0000000000011ba8        0x0 res/testm.o
 .text          0x0000000000011ba8     0x1226 main.o
                0x0000000000011ba8                in_range
                0x0000000000011bc4                gsrand
                0x0000000000011bf0                tile_draw
                0x0000000000011c78                sprite_set
                0x0000000000011d16                redraw_tiles
                0x0000000000011da4                redraw_things
                0x0000000000011e5c                draw_health
                0x0000000000011e94                draw_depth
                0x0000000000011ed2                screen_game
                0x0000000000011ee0                screen_victory
                0x0000000000011f02                screen_dead
                0x0000000000011f24                position_find_valid
                0x0000000000011f9e                thing_make
                0x000000000001204e                thing_put
                0x00000000000120fa                things_generate
                0x000000000001221c                thing_collide
                0x0000000000012314                thing_destroy
                0x0000000000012382                thing_damage
                0x00000000000123b8                level_generate_room
                0x000000000001246c                room_open_connections
                0x0000000000012522                level_unconnected_rooms
                0x000000000001254a                level_get_first_unconnected
                0x000000000001258e                level_connect_rooms
                0x0000000000012784                level_generate
                0x0000000000012a6c                thing_interact
                0x0000000000012b06                thing_move
                0x0000000000012b9e                thing_move_toward
                0x0000000000012cfe                joypad_handle
 *fill*         0x0000000000012dce        0x2 
 .text          0x0000000000012dd0      0x850 /opt/toolchains/gen//m68k-elf/lib/libmd.a(sprite_eng.o)
                0x0000000000012f4a                SPR_isInitialized
                0x0000000000012f58                SPR_setPosition
                0x0000000000012f90                SPR_setAttribut
                0x0000000000012fb2                SPR_setAnimAndFrame
                0x000000000001301e                SPR_initSprite
                0x000000000001307e                SPR_setAnim
                0x00000000000130d6                SPR_setFrame
                0x0000000000013132                SPR_nextFrame
                0x0000000000013158                SPR_setVRAMTileIndex
                0x0000000000013180                SPR_setAlwaysVisible
                0x00000000000131a6                SPR_setNeverVisible
                0x00000000000131cc                SPR_clear
                0x00000000000131fe                SPR_end
                0x0000000000013236                SPR_init
                0x0000000000013298                SPR_update
                0x0000000000013620                . = ALIGN (0x4)
                0x0000000000013620                __CTOR_LIST__ = .
                0x0000000000013620        0x4 LONG 0x0 (((__CTOR_END__ - __CTOR_LIST__) / 0x4) - 0x2)
 *(.ctors)
                0x0000000000013624        0x4 LONG 0x0
                0x0000000000013628                __CTOR_END__ = .
                0x0000000000013628                __DTOR_LIST__ = .
                0x0000000000013628        0x4 LONG 0x0 (((__DTOR_END__ - __DTOR_LIST__) / 0x4) - 0x2)
 *(.dtors)
                0x000000000001362c        0x4 LONG 0x0
                0x0000000000013630                __DTOR_END__ = .
 *(.rodata .rodata.*)
 .rodata.str1.1
                0x0000000000013630      0x13c /opt/toolchains/gen//m68k-elf/lib/libmd.a(sys.o)
                                        0x13e (size before relaxing)
 .rodata.str1.1
                0x000000000001376c       0x21 /opt/toolchains/gen//m68k-elf/lib/libmd.a(vdp.o)
                                         0x4c (size before relaxing)
 *fill*         0x000000000001378d        0x1 
 .rodata        0x000000000001378e        0x4 /opt/toolchains/gen//m68k-elf/lib/libmd.a(vdp.o)
                0x000000000001378e                PLAN_A
                0x0000000000013790                PLAN_B
 .rodata.str1.1
                0x0000000000000000        0x2 /opt/toolchains/gen//m68k-elf/lib/libmd.a(tools.o)
 .rodata        0x0000000000013792      0x104 /opt/toolchains/gen//m68k-elf/lib/libmd.a(vdp_pal.o)
                0x0000000000013792                palette_blue
                0x00000000000137b2                palette_green
                0x00000000000137d2                palette_red
                0x00000000000137f2                palette_grey
                0x0000000000013812                palette_black
                0x0000000000013816                palette_black_all
 .rodata        0x0000000000013896      0xe40 /opt/toolchains/gen//m68k-elf/lib/libmd.a(z80_vgm.o)
                0x0000000000013896                z80_vgm
 .rodata        0x00000000000146d6      0x6f4 /opt/toolchains/gen//m68k-elf/lib/libmd.a(tab_cnv.o)
                0x00000000000146d6                cnv_bcd_tab
                0x000000000001473a                cnv_8to32_tab
                0x0000000000014b3a                cnv_8to16_tab
                0x0000000000014d3a                cnv_4to32_tab
                0x0000000000014d7a                cnv_4to16_tab
                0x0000000000014d9a                cnv_4to8_tab
                0x0000000000014daa                cnv_2to32_tab
                0x0000000000014dba                cnv_2to16_tab
                0x0000000000014dc2                cnv_2to8_tab
                0x0000000000014dc6                cnv_2to4_tab
 .rodata        0x0000000000014dca      0xcec /opt/toolchains/gen//m68k-elf/lib/libmd.a(libres.o)
                0x0000000000015770                logo_lib
                0x00000000000159da                font_lib
                0x0000000000015a02                font_pal_lib
                0x0000000000015a0a                stop_xgm
 .rodata        0x0000000000015ab6     0x1000 /opt/toolchains/gen//m68k-elf/lib/libmd.a(tab_vol.o)
                0x0000000000015ab6                tab_vol
 .rodata.str1.1
                0x0000000000016ab6       0x29 /opt/toolchains/gen//m68k-elf/lib/libmd.a(string.o)
 *fill*         0x0000000000016adf        0x1 
 .rodata        0x0000000000016ae0       0x18 /opt/toolchains/gen//m68k-elf/lib/libmd.a(joy.o)
 .rodata        0x0000000000016af8       0x94 res/testm.o
                0x0000000000016b82                testm
 .rodata.str1.1
                0x0000000000016b8c       0x43 main.o
 *fill*         0x0000000000016bcf        0x1 
 .rodata        0x0000000000016bd0      0x12c main.o
                0x0000000000016bf0                roomsize
                0x0000000000016bf4                maparraysize
                0x0000000000016bf8                mapsize
                0x0000000000016bfc                tile_scroll
                0x0000000000016c1c                tile_ptn
                0x0000000000016c3c                tile_wpn
                0x0000000000016c5c                tile_hero
                0x0000000000016c7c                tile_stairs
                0x0000000000016c9c                tile_floor
                0x0000000000016cbc                tile_wall
                0x0000000000016cdc                tile_null
 *(.gcc_except_table .gcc_except_table.*)
                0x0000000000016cfc                . = ALIGN (0x4)
                0x0000000000016cfc                __INIT_SECTION__ = .
 *(.init)
                0x0000000000016cfc        0x2 SHORT 0x4e75
                0x0000000000016cfe                __FINI_SECTION__ = .
 *(.fini)
                0x0000000000016cfe        0x2 SHORT 0x4e75
                0x0000000000016d00                _etext = .
 *(.lit)
                0x0000000000016d00                _stext = SIZEOF (.text)

.data           0x0000000000ff0000        0x8 load address 0x0000000000016d00
 *(.got.plt)
 *(.got)
 *(.shdata)
 *(.data .data.*)
 .data          0x0000000000ff0000        0x0 boot/sega.o
 .data          0x0000000000ff0000        0x0 /opt/toolchains/gen//m68k-elf/lib/libmd.a(sys.o)
 .data          0x0000000000ff0000        0x0 /opt/toolchains/gen//m68k-elf/lib/libmd.a(vdp.o)
 .data          0x0000000000ff0000        0x4 /opt/toolchains/gen//m68k-elf/lib/libmd.a(dma.o)
 .data          0x0000000000ff0004        0x0 /opt/toolchains/gen//m68k-elf/lib/libmd.a(tools.o)
 .data          0x0000000000ff0004        0x0 /opt/toolchains/gen//m68k-elf/lib/libmd.a(memory.o)
 .data          0x0000000000ff0004        0x0 /opt/toolchains/gen//m68k-elf/lib/libmd.a(vdp_tile.o)
 .data          0x0000000000ff0004        0x0 /opt/toolchains/gen//m68k-elf/lib/libmd.a(z80_ctrl.o)
 .data          0x0000000000ff0004        0x0 /opt/toolchains/gen//m68k-elf/lib/libmd.a(sound.o)
 .data          0x0000000000ff0004        0x0 /opt/toolchains/gen//m68k-elf/lib/libmd.a(ym2612.o)
 .data          0x0000000000ff0004        0x0 /opt/toolchains/gen//m68k-elf/lib/libmd.a(vdp_pal.o)
 .data          0x0000000000ff0004        0x0 /opt/toolchains/gen//m68k-elf/lib/libmd.a(psg.o)
 .data          0x0000000000ff0004        0x0 /opt/toolchains/gen//m68k-elf/lib/libmd.a(z80_vgm.o)
 .data          0x0000000000ff0004        0x0 /opt/toolchains/gen//m68k-elf/lib/libmd.a(vdp_spr.o)
 .data          0x0000000000ff0004        0x0 /opt/toolchains/gen//m68k-elf/lib/libmd.a(tab_cnv.o)
 .data          0x0000000000ff0004        0x0 /opt/toolchains/gen//m68k-elf/lib/libmd.a(vdp_dma.o)
 .data          0x0000000000ff0004        0x0 /opt/toolchains/gen//m68k-elf/lib/libmd.a(bmp.o)
 .data          0x0000000000ff0004        0x0 /opt/toolchains/gen//m68k-elf/lib/libmd.a(timer.o)
 .data          0x0000000000ff0004        0x0 /opt/toolchains/gen//m68k-elf/lib/libmd.a(tile_cache.o)
 .data          0x0000000000ff0004        0x0 /opt/toolchains/gen//m68k-elf/lib/libmd.a(vdp_bg.o)
 .data          0x0000000000ff0004        0x0 /opt/toolchains/gen//m68k-elf/lib/libmd.a(smp_null_pcm.o)
 .data          0x0000000000ff0004        0x0 /opt/toolchains/gen//m68k-elf/lib/libmd.a(vdp_tile_a.o)
 .data          0x0000000000ff0004        0x0 /opt/toolchains/gen//m68k-elf/lib/libmd.a(memory_a.o)
 .data          0x0000000000ff0004        0x0 /opt/toolchains/gen//m68k-elf/lib/libmd.a(vdp_pal_a.o)
 .data          0x0000000000ff0004        0x0 /opt/toolchains/gen//m68k-elf/lib/libmd.a(sys_a.o)
 .data          0x0000000000ff0004        0x0 /opt/toolchains/gen//m68k-elf/lib/libmd.a(kdebug.o)
 .data          0x0000000000ff0004        0x0 /opt/toolchains/gen//m68k-elf/lib/libmd.a(smp_null.o)
 .data          0x0000000000ff0004        0x0 /opt/toolchains/gen//m68k-elf/lib/libmd.a(bmp_a.o)
 .data          0x0000000000ff0004        0x0 /opt/toolchains/gen//m68k-elf/lib/libmd.a(tools_a.o)
 .data          0x0000000000ff0004        0x0 /opt/toolchains/gen//m68k-elf/lib/libmd.a(z80_drv1.o)
 .data          0x0000000000ff0004        0x0 /opt/toolchains/gen//m68k-elf/lib/libmd.a(z80_drv2.o)
 .data          0x0000000000ff0004        0x0 /opt/toolchains/gen//m68k-elf/lib/libmd.a(z80_mvs.o)
 .data          0x0000000000ff0004        0x0 /opt/toolchains/gen//m68k-elf/lib/libmd.a(z80_drv3.o)
 .data          0x0000000000ff0004        0x0 /opt/toolchains/gen//m68k-elf/lib/libmd.a(z80_xgm.o)
 .data          0x0000000000ff0004        0x0 /opt/toolchains/gen//m68k-elf/lib/libmd.a(z80_tfm.o)
 .data          0x0000000000ff0004        0x0 /opt/toolchains/gen//m68k-elf/lib/libmd.a(libres.o)
 .data          0x0000000000ff0004        0x0 /opt/toolchains/gen//m68k-elf/lib/libmd.a(tab_vol.o)
 .data          0x0000000000ff0004        0x0 /opt/toolchains/gen//m68k-elf/lib/libmd.a(maths.o)
 .data          0x0000000000ff0004        0x0 /opt/toolchains/gen//m68k-elf/lib/libmd.a(string.o)
 .data          0x0000000000ff0004        0x0 /opt/toolchains/gen//m68k-elf/lib/libmd.a(joy.o)
 .data          0x0000000000ff0004        0x0 /opt/toolchains/gen//m68k-elf/lib/libmd.a(types.o)
 .data          0x0000000000ff0004        0x0 /opt/toolchains/gen//m68k-elf/lib/gcc/m68k-elf/4.8.2/libgcc.a(_mulsi3.o)
 .data          0x0000000000ff0004        0x0 /opt/toolchains/gen//m68k-elf/lib/gcc/m68k-elf/4.8.2/libgcc.a(_udivsi3.o)
 .data          0x0000000000ff0004        0x0 /opt/toolchains/gen//m68k-elf/lib/gcc/m68k-elf/4.8.2/libgcc.a(_divsi3.o)
 .data          0x0000000000ff0004        0x0 /opt/toolchains/gen//m68k-elf/lib/gcc/m68k-elf/4.8.2/libgcc.a(_umodsi3.o)
 .data          0x0000000000ff0004        0x0 res/testm.o
 .data          0x0000000000ff0004        0x4 main.o
                0x0000000000ff0004                maxdepth
 .data          0x0000000000ff0008        0x0 /opt/toolchains/gen//m68k-elf/lib/libmd.a(sprite_eng.o)
                0x0000000000ff0008                _edata = .
                0x0000000000000008                _sdata = SIZEOF (.data)

.bss            0x0000000000ff0008     0x1eaa load address 0x0000000000016d08
                0x0000000000ff0008                _start = .
 *(.shbss)
 *(.bss .bss.*)
 .bss           0x0000000000ff0008        0x0 boot/sega.o
 .bss           0x0000000000ff0008       0x14 /opt/toolchains/gen//m68k-elf/lib/libmd.a(sys.o)
 .bss           0x0000000000ff001c       0x13 /opt/toolchains/gen//m68k-elf/lib/libmd.a(vdp.o)
 *fill*         0x0000000000ff002f        0x1 
 .bss           0x0000000000ff0030        0xc /opt/toolchains/gen//m68k-elf/lib/libmd.a(dma.o)
 .bss           0x0000000000ff003c       0x10 /opt/toolchains/gen//m68k-elf/lib/libmd.a(tools.o)
 .bss           0x0000000000ff004c        0x8 /opt/toolchains/gen//m68k-elf/lib/libmd.a(memory.o)
 .bss           0x0000000000ff0054        0x0 /opt/toolchains/gen//m68k-elf/lib/libmd.a(vdp_tile.o)
 .bss           0x0000000000ff0054        0x0 /opt/toolchains/gen//m68k-elf/lib/libmd.a(z80_ctrl.o)
 .bss           0x0000000000ff0054       0x8c /opt/toolchains/gen//m68k-elf/lib/libmd.a(sound.o)
 .bss           0x0000000000ff00e0        0x0 /opt/toolchains/gen//m68k-elf/lib/libmd.a(ym2612.o)
 .bss           0x0000000000ff00e0      0x386 /opt/toolchains/gen//m68k-elf/lib/libmd.a(vdp_pal.o)
 *fill*         0x0000000000ff0466        0x2 
 .bss           0x0000000000ff0468        0x0 /opt/toolchains/gen//m68k-elf/lib/libmd.a(psg.o)
 .bss           0x0000000000ff0468        0x0 /opt/toolchains/gen//m68k-elf/lib/libmd.a(z80_vgm.o)
 .bss           0x0000000000ff0468        0x0 /opt/toolchains/gen//m68k-elf/lib/libmd.a(vdp_spr.o)
 .bss           0x0000000000ff0468        0x0 /opt/toolchains/gen//m68k-elf/lib/libmd.a(tab_cnv.o)
 .bss           0x0000000000ff0468        0x0 /opt/toolchains/gen//m68k-elf/lib/libmd.a(vdp_dma.o)
 .bss           0x0000000000ff0468       0x14 /opt/toolchains/gen//m68k-elf/lib/libmd.a(bmp.o)
 .bss           0x0000000000ff047c       0x40 /opt/toolchains/gen//m68k-elf/lib/libmd.a(timer.o)
 .bss           0x0000000000ff04bc        0x4 /opt/toolchains/gen//m68k-elf/lib/libmd.a(tile_cache.o)
 .bss           0x0000000000ff04c0        0x0 /opt/toolchains/gen//m68k-elf/lib/libmd.a(vdp_bg.o)
 .bss           0x0000000000ff04c0        0x0 /opt/toolchains/gen//m68k-elf/lib/libmd.a(smp_null_pcm.o)
 .bss           0x0000000000ff04c0        0x0 /opt/toolchains/gen//m68k-elf/lib/libmd.a(vdp_tile_a.o)
 .bss           0x0000000000ff04c0        0x0 /opt/toolchains/gen//m68k-elf/lib/libmd.a(memory_a.o)
 .bss           0x0000000000ff04c0        0x0 /opt/toolchains/gen//m68k-elf/lib/libmd.a(vdp_pal_a.o)
 .bss           0x0000000000ff04c0        0x0 /opt/toolchains/gen//m68k-elf/lib/libmd.a(sys_a.o)
 .bss           0x0000000000ff04c0        0x0 /opt/toolchains/gen//m68k-elf/lib/libmd.a(kdebug.o)
 .bss           0x0000000000ff04c0        0x0 /opt/toolchains/gen//m68k-elf/lib/libmd.a(smp_null.o)
 .bss           0x0000000000ff04c0        0x0 /opt/toolchains/gen//m68k-elf/lib/libmd.a(bmp_a.o)
 .bss           0x0000000000ff04c0        0x0 /opt/toolchains/gen//m68k-elf/lib/libmd.a(tools_a.o)
 .bss           0x0000000000ff04c0        0x0 /opt/toolchains/gen//m68k-elf/lib/libmd.a(z80_drv1.o)
 .bss           0x0000000000ff04c0        0x0 /opt/toolchains/gen//m68k-elf/lib/libmd.a(z80_drv2.o)
 .bss           0x0000000000ff04c0        0x0 /opt/toolchains/gen//m68k-elf/lib/libmd.a(z80_mvs.o)
 .bss           0x0000000000ff04c0        0x0 /opt/toolchains/gen//m68k-elf/lib/libmd.a(z80_drv3.o)
 .bss           0x0000000000ff04c0        0x0 /opt/toolchains/gen//m68k-elf/lib/libmd.a(z80_xgm.o)
 .bss           0x0000000000ff04c0        0x0 /opt/toolchains/gen//m68k-elf/lib/libmd.a(z80_tfm.o)
 .bss           0x0000000000ff04c0        0x0 /opt/toolchains/gen//m68k-elf/lib/libmd.a(libres.o)
 .bss           0x0000000000ff04c0        0x0 /opt/toolchains/gen//m68k-elf/lib/libmd.a(tab_vol.o)
 .bss           0x0000000000ff04c0        0x0 /opt/toolchains/gen//m68k-elf/lib/libmd.a(maths.o)
 .bss           0x0000000000ff04c0        0x0 /opt/toolchains/gen//m68k-elf/lib/libmd.a(string.o)
 .bss           0x0000000000ff04c0       0x46 /opt/toolchains/gen//m68k-elf/lib/libmd.a(joy.o)
 *fill*         0x0000000000ff0506        0x2 
 .bss           0x0000000000ff0508        0x0 /opt/toolchains/gen//m68k-elf/lib/libmd.a(types.o)
 .bss           0x0000000000ff0508        0x0 /opt/toolchains/gen//m68k-elf/lib/gcc/m68k-elf/4.8.2/libgcc.a(_mulsi3.o)
 .bss           0x0000000000ff0508        0x0 /opt/toolchains/gen//m68k-elf/lib/gcc/m68k-elf/4.8.2/libgcc.a(_udivsi3.o)
 .bss           0x0000000000ff0508        0x0 /opt/toolchains/gen//m68k-elf/lib/gcc/m68k-elf/4.8.2/libgcc.a(_divsi3.o)
 .bss           0x0000000000ff0508        0x0 /opt/toolchains/gen//m68k-elf/lib/gcc/m68k-elf/4.8.2/libgcc.a(_umodsi3.o)
 .bss           0x0000000000ff0508        0x0 res/testm.o
 .bss           0x0000000000ff0508       0x28 main.o
                0x0000000000ff0508                depth
                0x0000000000ff050c                connections
 .bss           0x0000000000ff0530       0x14 /opt/toolchains/gen//m68k-elf/lib/libmd.a(sprite_eng.o)
                0x0000000000ff0530                VDPSpriteCache
 *(COMMON)
 COMMON         0x0000000000ff0544       0x94 /opt/toolchains/gen//m68k-elf/lib/libmd.a(sys.o)
                0x0000000000ff0544                illegalInstCB
                0x0000000000ff0548                errorExceptionCB
                0x0000000000ff054c                trapvInstCB
                0x0000000000ff0550                chkInstCB
                0x0000000000ff0554                registerState
                0x0000000000ff0594                srState
                0x0000000000ff0596                line1x1xCB
                0x0000000000ff059a                ext2State
                0x0000000000ff059c                traceCB
                0x0000000000ff05a0                intTrace
                0x0000000000ff05a2                zeroDivideCB
                0x0000000000ff05a6                internalExtIntCB
                0x0000000000ff05aa                internalVIntCB
                0x0000000000ff05ae                intCB
                0x0000000000ff05b2                addressErrorCB
                0x0000000000ff05b6                VIntProcess
                0x0000000000ff05ba                ExtIntProcess
                0x0000000000ff05be                HIntProcess
                0x0000000000ff05c2                privilegeViolationCB
                0x0000000000ff05c6                pcState
                0x0000000000ff05ca                ext1State
                0x0000000000ff05cc                busErrorCB
                0x0000000000ff05d0                internalHIntCB
                0x0000000000ff05d4                addrState
 COMMON         0x0000000000ff05d8        0xe /opt/toolchains/gen//m68k-elf/lib/libmd.a(vdp.o)
                0x0000000000ff05d8                slist_adr
                0x0000000000ff05da                hscrl_adr
                0x0000000000ff05dc                screenHeight
                0x0000000000ff05de                screenWidth
                0x0000000000ff05e0                aplan_adr
                0x0000000000ff05e2                bplan_adr
                0x0000000000ff05e4                window_adr
 COMMON         0x0000000000ff05e6      0x200 /opt/toolchains/gen//m68k-elf/lib/libmd.a(dma.o)
                0x0000000000ff05e6                dmaQueues
 COMMON         0x0000000000ff07e6        0x4 /opt/toolchains/gen//m68k-elf/lib/libmd.a(z80_ctrl.o)
                0x0000000000ff07e6                driverFlags
                0x0000000000ff07e8                currentDriver
 COMMON         0x0000000000ff07ea      0x282 /opt/toolchains/gen//m68k-elf/lib/libmd.a(vdp_spr.o)
                0x0000000000ff07ea                spriteNum
                0x0000000000ff07ec                vdpSpriteCache
 COMMON         0x0000000000ff0a6c        0x8 /opt/toolchains/gen//m68k-elf/lib/libmd.a(bmp.o)
                0x0000000000ff0a6c                bmp_buffer_write
                0x0000000000ff0a70                bmp_buffer_read
 COMMON         0x0000000000ff0a74        0x4 /opt/toolchains/gen//m68k-elf/lib/libmd.a(timer.o)
                0x0000000000ff0a74                vtimer
 COMMON         0x0000000000ff0a78        0x4 /opt/toolchains/gen//m68k-elf/lib/libmd.a(tile_cache.o)
                0x0000000000ff0a78                uploads
 COMMON         0x0000000000ff0a7c        0x8 /opt/toolchains/gen//m68k-elf/lib/libmd.a(vdp_bg.o)
                0x0000000000ff0a7c                text_basetile
                0x0000000000ff0a7e                curTileInd
                0x0000000000ff0a80                text_plan
 COMMON         0x0000000000ff0a84        0x2 /opt/toolchains/gen//m68k-elf/lib/libmd.a(maths.o)
                0x0000000000ff0a84                randbase
 COMMON         0x0000000000ff0a86     0x142c main.o
                0x0000000000ff0a86                things
                0x0000000000ff0d86                player
                0x0000000000ff0d9e                sprite
                0x0000000000ff1242                blocker
                0x0000000000ff125a                maparray
                0x0000000000ff1e9a                empty
                0x0000000000ff1eb2                _bend = .

.stab
 *(.stab)

.stabstr
 *(.stabstr)

.eh_frame
 *(.eh_frame)
LOAD boot/sega.o
LOAD /opt/toolchains/gen//m68k-elf/lib/libmd.a
LOAD /opt/toolchains/gen//m68k-elf/lib/gcc/m68k-elf/4.8.2/libgcc.a
LOAD res/testm.o
LOAD main.o
LOAD /opt/toolchains/gen//m68k-elf/lib/libmd.a
LOAD /opt/toolchains/gen//m68k-elf/m68k-elf/lib/libnosys.a
OUTPUT(out.elf elf32-m68k)

.comment        0x0000000000000000       0x11
 .comment       0x0000000000000000       0x11 /opt/toolchains/gen//m68k-elf/lib/libmd.a(sys.o)
                                         0x12 (size before relaxing)
 .comment       0x0000000000000000       0x12 /opt/toolchains/gen//m68k-elf/lib/libmd.a(vdp.o)
 .comment       0x0000000000000000       0x12 /opt/toolchains/gen//m68k-elf/lib/libmd.a(dma.o)
 .comment       0x0000000000000000       0x12 /opt/toolchains/gen//m68k-elf/lib/libmd.a(tools.o)
 .comment       0x0000000000000000       0x12 /opt/toolchains/gen//m68k-elf/lib/libmd.a(memory.o)
 .comment       0x0000000000000000       0x12 /opt/toolchains/gen//m68k-elf/lib/libmd.a(vdp_tile.o)
 .comment       0x0000000000000000       0x12 /opt/toolchains/gen//m68k-elf/lib/libmd.a(z80_ctrl.o)
 .comment       0x0000000000000000       0x12 /opt/toolchains/gen//m68k-elf/lib/libmd.a(sound.o)
 .comment       0x0000000000000000       0x12 /opt/toolchains/gen//m68k-elf/lib/libmd.a(ym2612.o)
 .comment       0x0000000000000000       0x12 /opt/toolchains/gen//m68k-elf/lib/libmd.a(vdp_pal.o)
 .comment       0x0000000000000000       0x12 /opt/toolchains/gen//m68k-elf/lib/libmd.a(psg.o)
 .comment       0x0000000000000000       0x12 /opt/toolchains/gen//m68k-elf/lib/libmd.a(z80_vgm.o)
 .comment       0x0000000000000000       0x12 /opt/toolchains/gen//m68k-elf/lib/libmd.a(vdp_spr.o)
 .comment       0x0000000000000000       0x12 /opt/toolchains/gen//m68k-elf/lib/libmd.a(tab_cnv.o)
 .comment       0x0000000000000000       0x12 /opt/toolchains/gen//m68k-elf/lib/libmd.a(vdp_dma.o)
 .comment       0x0000000000000000       0x12 /opt/toolchains/gen//m68k-elf/lib/libmd.a(bmp.o)
 .comment       0x0000000000000000       0x12 /opt/toolchains/gen//m68k-elf/lib/libmd.a(timer.o)
 .comment       0x0000000000000000       0x12 /opt/toolchains/gen//m68k-elf/lib/libmd.a(tile_cache.o)
 .comment       0x0000000000000000       0x12 /opt/toolchains/gen//m68k-elf/lib/libmd.a(vdp_bg.o)
 .comment       0x0000000000000000       0x12 /opt/toolchains/gen//m68k-elf/lib/libmd.a(tab_vol.o)
 .comment       0x0000000000000000       0x12 /opt/toolchains/gen//m68k-elf/lib/libmd.a(maths.o)
 .comment       0x0000000000000000       0x12 /opt/toolchains/gen//m68k-elf/lib/libmd.a(string.o)
 .comment       0x0000000000000000       0x12 /opt/toolchains/gen//m68k-elf/lib/libmd.a(joy.o)
 .comment       0x0000000000000000       0x12 /opt/toolchains/gen//m68k-elf/lib/libmd.a(types.o)
 .comment       0x0000000000000000       0x12 main.o
 .comment       0x0000000000000000       0x12 /opt/toolchains/gen//m68k-elf/lib/libmd.a(sprite_eng.o)

.debug_line     0x0000000000000000      0x1cd
 .debug_line    0x0000000000000000       0x6a /opt/toolchains/gen//m68k-elf/lib/gcc/m68k-elf/4.8.2/libgcc.a(_mulsi3.o)
 .debug_line    0x000000000000006a       0x83 /opt/toolchains/gen//m68k-elf/lib/gcc/m68k-elf/4.8.2/libgcc.a(_udivsi3.o)
 .debug_line    0x00000000000000ed       0x72 /opt/toolchains/gen//m68k-elf/lib/gcc/m68k-elf/4.8.2/libgcc.a(_divsi3.o)
 .debug_line    0x000000000000015f       0x6e /opt/toolchains/gen//m68k-elf/lib/gcc/m68k-elf/4.8.2/libgcc.a(_umodsi3.o)

.debug_info     0x0000000000000000      0x288
 .debug_info    0x0000000000000000       0xa2 /opt/toolchains/gen//m68k-elf/lib/gcc/m68k-elf/4.8.2/libgcc.a(_mulsi3.o)
 .debug_info    0x00000000000000a2       0xa2 /opt/toolchains/gen//m68k-elf/lib/gcc/m68k-elf/4.8.2/libgcc.a(_udivsi3.o)
 .debug_info    0x0000000000000144       0xa2 /opt/toolchains/gen//m68k-elf/lib/gcc/m68k-elf/4.8.2/libgcc.a(_divsi3.o)
 .debug_info    0x00000000000001e6       0xa2 /opt/toolchains/gen//m68k-elf/lib/gcc/m68k-elf/4.8.2/libgcc.a(_umodsi3.o)

.debug_abbrev   0x0000000000000000       0x50
 .debug_abbrev  0x0000000000000000       0x14 /opt/toolchains/gen//m68k-elf/lib/gcc/m68k-elf/4.8.2/libgcc.a(_mulsi3.o)
 .debug_abbrev  0x0000000000000014       0x14 /opt/toolchains/gen//m68k-elf/lib/gcc/m68k-elf/4.8.2/libgcc.a(_udivsi3.o)
 .debug_abbrev  0x0000000000000028       0x14 /opt/toolchains/gen//m68k-elf/lib/gcc/m68k-elf/4.8.2/libgcc.a(_divsi3.o)
 .debug_abbrev  0x000000000000003c       0x14 /opt/toolchains/gen//m68k-elf/lib/gcc/m68k-elf/4.8.2/libgcc.a(_umodsi3.o)

.debug_aranges  0x0000000000000000       0x80
 .debug_aranges
                0x0000000000000000       0x20 /opt/toolchains/gen//m68k-elf/lib/gcc/m68k-elf/4.8.2/libgcc.a(_mulsi3.o)
 .debug_aranges
                0x0000000000000020       0x20 /opt/toolchains/gen//m68k-elf/lib/gcc/m68k-elf/4.8.2/libgcc.a(_udivsi3.o)
 .debug_aranges
                0x0000000000000040       0x20 /opt/toolchains/gen//m68k-elf/lib/gcc/m68k-elf/4.8.2/libgcc.a(_divsi3.o)
 .debug_aranges
                0x0000000000000060       0x20 /opt/toolchains/gen//m68k-elf/lib/gcc/m68k-elf/4.8.2/libgcc.a(_umodsi3.o)
