Archive member included because of file (symbol)

/opt/toolchains/gen//m68k-elf/lib/libmd.a(sys.o)
                              boot/sega.o (registerState)
/opt/toolchains/gen//m68k-elf/lib/libmd.a(vdp.o)
                              /opt/toolchains/gen//m68k-elf/lib/libmd.a(sys.o) (VDP_init)
/opt/toolchains/gen//m68k-elf/lib/libmd.a(dma.o)
                              /opt/toolchains/gen//m68k-elf/lib/libmd.a(sys.o) (DMA_flushQueue)
/opt/toolchains/gen//m68k-elf/lib/libmd.a(tools.o)
                              /opt/toolchains/gen//m68k-elf/lib/libmd.a(vdp.o) (getFPS)
/opt/toolchains/gen//m68k-elf/lib/libmd.a(memory.o)
                              /opt/toolchains/gen//m68k-elf/lib/libmd.a(sys.o) (MEM_init)
/opt/toolchains/gen//m68k-elf/lib/libmd.a(vdp_tile.o)
                              /opt/toolchains/gen//m68k-elf/lib/libmd.a(vdp.o) (VDP_loadFont)
/opt/toolchains/gen//m68k-elf/lib/libmd.a(z80_ctrl.o)
                              /opt/toolchains/gen//m68k-elf/lib/libmd.a(sys.o) (Z80_init)
/opt/toolchains/gen//m68k-elf/lib/libmd.a(sound.o)
                              /opt/toolchains/gen//m68k-elf/lib/libmd.a(sys.o) (SND_set68KBUSProtection_XGM)
/opt/toolchains/gen//m68k-elf/lib/libmd.a(ym2612.o)
                              /opt/toolchains/gen//m68k-elf/lib/libmd.a(z80_ctrl.o) (YM2612_reset)
/opt/toolchains/gen//m68k-elf/lib/libmd.a(vdp_pal.o)
                              /opt/toolchains/gen//m68k-elf/lib/libmd.a(sys.o) (VDP_doStepFading)
/opt/toolchains/gen//m68k-elf/lib/libmd.a(psg.o)
                              /opt/toolchains/gen//m68k-elf/lib/libmd.a(sys.o) (PSG_init)
/opt/toolchains/gen//m68k-elf/lib/libmd.a(z80_vgm.o)
                              /opt/toolchains/gen//m68k-elf/lib/libmd.a(z80_ctrl.o) (z80_vgm)
/opt/toolchains/gen//m68k-elf/lib/libmd.a(vdp_spr.o)
                              /opt/toolchains/gen//m68k-elf/lib/libmd.a(vdp.o) (VDP_resetSprites)
/opt/toolchains/gen//m68k-elf/lib/libmd.a(tab_cnv.o)
                              /opt/toolchains/gen//m68k-elf/lib/libmd.a(vdp_tile.o) (cnv_8to32_tab)
/opt/toolchains/gen//m68k-elf/lib/libmd.a(vdp_dma.o)
                              /opt/toolchains/gen//m68k-elf/lib/libmd.a(vdp_tile.o) (VDP_doDMA)
/opt/toolchains/gen//m68k-elf/lib/libmd.a(bmp.o)
                              /opt/toolchains/gen//m68k-elf/lib/libmd.a(sys.o) (BMP_doVBlankProcess)
/opt/toolchains/gen//m68k-elf/lib/libmd.a(timer.o)
                              /opt/toolchains/gen//m68k-elf/lib/libmd.a(tools.o) (getSubTick)
/opt/toolchains/gen//m68k-elf/lib/libmd.a(tile_cache.o)
                              /opt/toolchains/gen//m68k-elf/lib/libmd.a(sys.o) (uploads)
/opt/toolchains/gen//m68k-elf/lib/libmd.a(vdp_bg.o)
                              /opt/toolchains/gen//m68k-elf/lib/libmd.a(vdp.o) (VDP_setVerticalScroll)
/opt/toolchains/gen//m68k-elf/lib/libmd.a(smp_null_pcm.o)
                              /opt/toolchains/gen//m68k-elf/lib/libmd.a(z80_ctrl.o) (smp_null_pcm)
/opt/toolchains/gen//m68k-elf/lib/libmd.a(vdp_tile_a.o)
                              /opt/toolchains/gen//m68k-elf/lib/libmd.a(vdp_tile.o) (VDP_loadTileData)
/opt/toolchains/gen//m68k-elf/lib/libmd.a(memory_a.o)
                              /opt/toolchains/gen//m68k-elf/lib/libmd.a(memory.o) (memset)
/opt/toolchains/gen//m68k-elf/lib/libmd.a(vdp_pal_a.o)
                              /opt/toolchains/gen//m68k-elf/lib/libmd.a(vdp_pal.o) (VDP_getPaletteColors)
/opt/toolchains/gen//m68k-elf/lib/libmd.a(sys_a.o)
                              /opt/toolchains/gen//m68k-elf/lib/libmd.a(timer.o) (SYS_getInterruptMaskLevel)
/opt/toolchains/gen//m68k-elf/lib/libmd.a(kdebug.o)
                              /opt/toolchains/gen//m68k-elf/lib/libmd.a(tools.o) (KDebug_Alert)
/opt/toolchains/gen//m68k-elf/lib/libmd.a(smp_null.o)
                              /opt/toolchains/gen//m68k-elf/lib/libmd.a(z80_ctrl.o) (smp_null)
/opt/toolchains/gen//m68k-elf/lib/libmd.a(bmp_a.o)
                              /opt/toolchains/gen//m68k-elf/lib/libmd.a(bmp.o) (clearBitmapBuffer)
/opt/toolchains/gen//m68k-elf/lib/libmd.a(tools_a.o)
                              /opt/toolchains/gen//m68k-elf/lib/libmd.a(tools.o) (aplib_unpack)
/opt/toolchains/gen//m68k-elf/lib/libmd.a(z80_drv1.o)
                              /opt/toolchains/gen//m68k-elf/lib/libmd.a(z80_ctrl.o) (z80_drv1)
/opt/toolchains/gen//m68k-elf/lib/libmd.a(z80_drv2.o)
                              /opt/toolchains/gen//m68k-elf/lib/libmd.a(z80_ctrl.o) (z80_drv2)
/opt/toolchains/gen//m68k-elf/lib/libmd.a(z80_mvs.o)
                              /opt/toolchains/gen//m68k-elf/lib/libmd.a(z80_ctrl.o) (z80_mvs)
/opt/toolchains/gen//m68k-elf/lib/libmd.a(z80_drv3.o)
                              /opt/toolchains/gen//m68k-elf/lib/libmd.a(z80_ctrl.o) (z80_drv3)
/opt/toolchains/gen//m68k-elf/lib/libmd.a(z80_xgm.o)
                              /opt/toolchains/gen//m68k-elf/lib/libmd.a(z80_ctrl.o) (z80_xgm)
/opt/toolchains/gen//m68k-elf/lib/libmd.a(z80_tfm.o)
                              /opt/toolchains/gen//m68k-elf/lib/libmd.a(z80_ctrl.o) (z80_tfm)
/opt/toolchains/gen//m68k-elf/lib/libmd.a(libres.o)
                              /opt/toolchains/gen//m68k-elf/lib/libmd.a(vdp.o) (font_lib)
/opt/toolchains/gen//m68k-elf/lib/libmd.a(tab_vol.o)
                              /opt/toolchains/gen//m68k-elf/lib/libmd.a(z80_ctrl.o) (tab_vol)
/opt/toolchains/gen//m68k-elf/lib/libmd.a(maths.o)
                              /opt/toolchains/gen//m68k-elf/lib/libmd.a(sys.o) (randbase)
/opt/toolchains/gen//m68k-elf/lib/libmd.a(string.o)
                              /opt/toolchains/gen//m68k-elf/lib/libmd.a(sys.o) (strlen)
/opt/toolchains/gen//m68k-elf/lib/libmd.a(joy.o)
                              /opt/toolchains/gen//m68k-elf/lib/libmd.a(sys.o) (JOY_init)
/opt/toolchains/gen//m68k-elf/lib/libmd.a(types.o)
                              /opt/toolchains/gen//m68k-elf/lib/libmd.a(z80_ctrl.o) (getZeroU8)
/opt/toolchains/gen//m68k-elf/lib/gcc/m68k-elf/4.8.2/libgcc.a(_mulsi3.o)
                              /opt/toolchains/gen//m68k-elf/lib/libmd.a(tools.o) (__mulsi3)
/opt/toolchains/gen//m68k-elf/lib/gcc/m68k-elf/4.8.2/libgcc.a(_udivsi3.o)
                              /opt/toolchains/gen//m68k-elf/lib/libmd.a(tools.o) (__udivsi3)
/opt/toolchains/gen//m68k-elf/lib/gcc/m68k-elf/4.8.2/libgcc.a(_divsi3.o)
                              /opt/toolchains/gen//m68k-elf/lib/libmd.a(vdp_pal.o) (__divsi3)
/opt/toolchains/gen//m68k-elf/lib/gcc/m68k-elf/4.8.2/libgcc.a(_umodsi3.o)
                              /opt/toolchains/gen//m68k-elf/lib/libmd.a(string.o) (__umodsi3)
/opt/toolchains/gen//m68k-elf/lib/libmd.a(sprite_eng.o)
                              main.o (SPR_initSprite)

Allocating common symbols
Common symbol       size              file

illegalInstCB       0x4               /opt/toolchains/gen//m68k-elf/lib/libmd.a(sys.o)
slist_adr           0x2               /opt/toolchains/gen//m68k-elf/lib/libmd.a(vdp.o)
errorExceptionCB    0x4               /opt/toolchains/gen//m68k-elf/lib/libmd.a(sys.o)
trapvInstCB         0x4               /opt/toolchains/gen//m68k-elf/lib/libmd.a(sys.o)
things              0x380             main.o
vtimer              0x4               /opt/toolchains/gen//m68k-elf/lib/libmd.a(timer.o)
driverFlags         0x2               /opt/toolchains/gen//m68k-elf/lib/libmd.a(z80_ctrl.o)
dmaQueues           0x200             /opt/toolchains/gen//m68k-elf/lib/libmd.a(dma.o)
chkInstCB           0x4               /opt/toolchains/gen//m68k-elf/lib/libmd.a(sys.o)
player              0x1c              main.o
registerState       0x40              /opt/toolchains/gen//m68k-elf/lib/libmd.a(sys.o)
text_basetile       0x2               /opt/toolchains/gen//m68k-elf/lib/libmd.a(vdp_bg.o)
bmp_buffer_write    0x4               /opt/toolchains/gen//m68k-elf/lib/libmd.a(bmp.o)
srState             0x2               /opt/toolchains/gen//m68k-elf/lib/libmd.a(sys.o)
line1x1xCB          0x4               /opt/toolchains/gen//m68k-elf/lib/libmd.a(sys.o)
randbase            0x2               /opt/toolchains/gen//m68k-elf/lib/libmd.a(maths.o)
ext2State           0x2               /opt/toolchains/gen//m68k-elf/lib/libmd.a(sys.o)
traceCB             0x4               /opt/toolchains/gen//m68k-elf/lib/libmd.a(sys.o)
sprite              0x4a4             main.o
intTrace            0x2               /opt/toolchains/gen//m68k-elf/lib/libmd.a(sys.o)
zeroDivideCB        0x4               /opt/toolchains/gen//m68k-elf/lib/libmd.a(sys.o)
curTileInd          0x2               /opt/toolchains/gen//m68k-elf/lib/libmd.a(vdp_bg.o)
hscrl_adr           0x2               /opt/toolchains/gen//m68k-elf/lib/libmd.a(vdp.o)
internalExtIntCB    0x4               /opt/toolchains/gen//m68k-elf/lib/libmd.a(sys.o)
spriteNum           0x2               /opt/toolchains/gen//m68k-elf/lib/libmd.a(vdp_spr.o)
text_plan           0x4               /opt/toolchains/gen//m68k-elf/lib/libmd.a(vdp_bg.o)
screenHeight        0x2               /opt/toolchains/gen//m68k-elf/lib/libmd.a(vdp.o)
internalVIntCB      0x4               /opt/toolchains/gen//m68k-elf/lib/libmd.a(sys.o)
intCB               0x4               /opt/toolchains/gen//m68k-elf/lib/libmd.a(sys.o)
screenWidth         0x2               /opt/toolchains/gen//m68k-elf/lib/libmd.a(vdp.o)
addressErrorCB      0x4               /opt/toolchains/gen//m68k-elf/lib/libmd.a(sys.o)
bmp_buffer_read     0x4               /opt/toolchains/gen//m68k-elf/lib/libmd.a(bmp.o)
VIntProcess         0x4               /opt/toolchains/gen//m68k-elf/lib/libmd.a(sys.o)
currentDriver       0x2               /opt/toolchains/gen//m68k-elf/lib/libmd.a(z80_ctrl.o)
vdpSpriteCache      0x280             /opt/toolchains/gen//m68k-elf/lib/libmd.a(vdp_spr.o)
uploads             0x4               /opt/toolchains/gen//m68k-elf/lib/libmd.a(tile_cache.o)
ExtIntProcess       0x4               /opt/toolchains/gen//m68k-elf/lib/libmd.a(sys.o)
aplan_adr           0x2               /opt/toolchains/gen//m68k-elf/lib/libmd.a(vdp.o)
bplan_adr           0x2               /opt/toolchains/gen//m68k-elf/lib/libmd.a(vdp.o)
HIntProcess         0x4               /opt/toolchains/gen//m68k-elf/lib/libmd.a(sys.o)
privilegeViolationCB
                    0x4               /opt/toolchains/gen//m68k-elf/lib/libmd.a(sys.o)
pcState             0x4               /opt/toolchains/gen//m68k-elf/lib/libmd.a(sys.o)
ext1State           0x2               /opt/toolchains/gen//m68k-elf/lib/libmd.a(sys.o)
busErrorCB          0x4               /opt/toolchains/gen//m68k-elf/lib/libmd.a(sys.o)
blocker             0x1c              main.o
internalHIntCB      0x4               /opt/toolchains/gen//m68k-elf/lib/libmd.a(sys.o)
window_adr          0x2               /opt/toolchains/gen//m68k-elf/lib/libmd.a(vdp.o)
maparray            0xc40             main.o
addrState           0x4               /opt/toolchains/gen//m68k-elf/lib/libmd.a(sys.o)
empty               0x1c              main.o

Memory Configuration

Name             Origin             Length             Attributes
rom              0x0000000000000000 0x0000000000a00000
ram              0x0000000000ff0000 0x0000000000010000
*default*        0x0000000000000000 0xffffffffffffffff

Linker script and memory map

                0x0000000000000000                __DYNAMIC = 0x0
                0x0000000001000000                PROVIDE (__stack, 0x1000000)

.text           0x0000000000000000    0x17790
 *(.text.keepboot)
 .text.keepboot
                0x0000000000000000      0x5f4 boot/sega.o
 *(.text.*)
 .text.startup  0x00000000000005f4      0x17a main.o
                0x00000000000005f4                main
 *(.text)
 *fill*         0x000000000000076e        0x2 
 .text          0x0000000000000770        0x0 boot/sega.o
 .text          0x0000000000000770      0x9d8 /opt/toolchains/gen//m68k-elf/lib/libmd.a(sys.o)
                0x0000000000000770                _trace_callback
                0x0000000000000772                _line1x1x_callback
                0x0000000000000774                _int_callback
                0x0000000000000776                _extint_callback
                0x0000000000000b64                _buserror_callback
                0x0000000000000b8c                _addresserror_callback
                0x0000000000000c40                _illegalinst_callback
                0x0000000000000c68                _chkinst_callback
                0x0000000000000c90                _trapvinst_callback
                0x0000000000000cb8                _vint_callback
                0x0000000000000db6                _hint_callback
                0x0000000000000eec                _zerodivide_callback
                0x0000000000000f14                _privilegeviolation_callback
                0x0000000000000f3c                _errorexception_callback
                0x0000000000000f64                _start_entry
                0x0000000000001018                _reset_entry
                0x0000000000001028                SYS_disableInts
                0x0000000000001058                SYS_enableInts
                0x0000000000001084                SYS_setVIntPreCallback
                0x000000000000108e                SYS_setVIntCallback
                0x0000000000001098                SYS_setHIntCallback
                0x00000000000010a2                SYS_setExtIntCallback
                0x00000000000010ac                SYS_isInVIntCallback
                0x00000000000010b8                SYS_isInHIntCallback
                0x00000000000010c4                SYS_isInExtIntCallback
                0x00000000000010d0                SYS_isInInterrupt
                0x00000000000010d8                SYS_isNTSC
                0x00000000000010e8                SYS_isPAL
                0x00000000000010f4                SYS_die
 .text          0x0000000000001148      0x886 /opt/toolchains/gen//m68k-elf/lib/libmd.a(vdp.o)
                0x0000000000001148                VDP_getReg
                0x0000000000001168                VDP_setReg
                0x00000000000012c0                VDP_getEnable
                0x00000000000012cc                VDP_setEnable
                0x00000000000012f8                VDP_getScanlineNumber
                0x000000000000130e                VDP_getScreenHeight
                0x0000000000001316                VDP_setScreenHeight224
                0x000000000000133c                VDP_setScreenHeight240
                0x000000000000136e                VDP_getScreenWidth
                0x0000000000001376                VDP_setScreenWidth256
                0x000000000000139c                VDP_setScreenWidth320
                0x00000000000013c2                VDP_getPlanWidth
                0x00000000000013d6                VDP_getPlanHeight
                0x00000000000013e8                VDP_setPlanSize
                0x000000000000141c                VDP_getVerticalScrollingMode
                0x000000000000142a                VDP_getHorizontalScrollingMode
                0x0000000000001436                VDP_setScrollingMode
                0x0000000000001468                VDP_getBackgroundColor
                0x0000000000001470                VDP_setBackgroundColor
                0x000000000000148e                VDP_getAutoInc
                0x0000000000001496                VDP_setAutoInc
                0x00000000000014b0                VDP_setHInterrupt
                0x00000000000014dc                VDP_setHilightShadow
                0x0000000000001508                VDP_getHIntCounter
                0x0000000000001510                VDP_setHIntCounter
                0x000000000000152a                VDP_getAPlanAddress
                0x0000000000001532                VDP_getBPlanAddress
                0x000000000000153a                VDP_getWindowAddress
                0x0000000000001542                VDP_getWindowPlanAddress
                0x000000000000154a                VDP_getSpriteListAddress
                0x0000000000001552                VDP_getHScrollTableAddress
                0x000000000000155a                VDP_setAPlanAddress
                0x000000000000157e                VDP_setWindowAddress
                0x00000000000015c0                VDP_setWindowPlanAddress
                0x00000000000015d0                VDP_setBPlanAddress
                0x00000000000015f4                VDP_setSpriteListAddress
                0x0000000000001636                VDP_setHScrollTableAddress
                0x000000000000165c                VDP_setScanMode
                0x00000000000016a4                VDP_waitDMACompletion
                0x00000000000016b2                VDP_init
                0x00000000000018b4                VDP_waitFIFOEmpty
                0x00000000000018c2                VDP_waitVSync
                0x00000000000018dc                VDP_resetScreen
                0x0000000000001950                VDP_showFPS
 *fill*         0x00000000000019ce        0x2 
 .text          0x00000000000019d0      0x5a8 /opt/toolchains/gen//m68k-elf/lib/libmd.a(dma.o)
                0x00000000000019d0                DMA_getAutoFlush
                0x00000000000019d8                DMA_setAutoFlush
                0x00000000000019fe                DMA_getMaxTransferSize
                0x0000000000001a06                DMA_setMaxTransferSize
                0x0000000000001a10                DMA_clearQueue
                0x0000000000001a2a                DMA_flushQueue
                0x0000000000001aee                DMA_getQueueSize
                0x0000000000001af6                DMA_getQueueTransferSize
                0x0000000000001afe                DMA_queueDma
                0x0000000000001ce8                DMA_waitCompletion
                0x0000000000001cf6                DMA_doDma
                0x0000000000001e46                DMA_doVRamFill
                0x0000000000001ef2                DMA_doVRamCopy
 .text          0x0000000000001f78     0x1860 /opt/toolchains/gen//m68k-elf/lib/libmd.a(tools.o)
                0x0000000000001f78                getFPS
                0x0000000000001fe0                getFPS_f
                0x0000000000002062                KLog
                0x0000000000002086                KLog_U1
                0x00000000000020d2                KLog_U2
                0x0000000000002140                KLog_U3
                0x00000000000021cc                KLog_U4
                0x0000000000002274                KLog_U1x
                0x00000000000022c4                KLog_U2x
                0x0000000000002334                KLog_U3x
                0x00000000000023c0                KLog_U4x
                0x0000000000002466                KLog_S1
                0x00000000000024b2                KLog_S2
                0x0000000000002520                KLog_S3
                0x00000000000025ac                KLog_S4
                0x0000000000002654                KLog_S1x
                0x00000000000026a4                KLog_S2x
                0x0000000000002714                KLog_S3x
                0x00000000000027a0                KLog_S4x
                0x0000000000002846                KLog_f1
                0x0000000000002896                KLog_f2
                0x000000000000290c                KLog_f3
                0x00000000000029a4                KLog_f4
                0x0000000000002a5c                KLog_f1x
                0x0000000000002ab0                KLog_f2x
                0x0000000000002b28                KLog_f3x
                0x0000000000002bc0                KLog_f4x
                0x0000000000002c76                KLog_F1
                0x0000000000002cc2                KLog_F2
                0x0000000000002d30                KLog_F3
                0x0000000000002dbc                KLog_F4
                0x0000000000002e64                KLog_F1x
                0x0000000000002eb4                KLog_F2x
                0x0000000000002f24                KLog_F3x
                0x0000000000002fb0                KLog_F4x
                0x0000000000003056                allocateBitmap
                0x00000000000030b6                allocateBitmapEx
                0x00000000000030f8                allocateTileSet
                0x0000000000003142                allocateTileSetEx
                0x000000000000316e                allocateMap
                0x00000000000031b8                allocateMapEx
                0x00000000000031e2                allocateImage
                0x00000000000032a6                rle4b_unpack
                0x0000000000003300                rlemap_unpack
                0x0000000000003398                unpackEx
                0x0000000000003446                getTileSet
                0x0000000000003494                unpack
                0x00000000000034b2                unpackBitmap
                0x0000000000003544                unpackTileSet
                0x00000000000035b6                unpackMap
                0x000000000000362c                unpackImage
                0x0000000000003682                rle4b_unpackVRam
                0x000000000000370e                uftc_unpack_old
 .text          0x00000000000037d8      0x236 /opt/toolchains/gen//m68k-elf/lib/libmd.a(memory.o)
                0x00000000000037d8                MEM_init
                0x0000000000003800                MEM_getFree
                0x000000000000382a                MEM_free
                0x000000000000383c                MEM_alloc
                0x000000000000391a                memcpyU16
                0x0000000000003938                memcpyU32
                0x0000000000003958                fastMemset
                0x0000000000003978                fastMemsetU16
                0x0000000000003998                fastMemsetU32
                0x00000000000039b4                fastMemcpy
                0x00000000000039d0                fastMemcpyU16
                0x00000000000039ee                fastMemcpyU32
 *fill*         0x0000000000003a0e        0x2 
 .text          0x0000000000003a10      0xb94 /opt/toolchains/gen//m68k-elf/lib/libmd.a(vdp_tile.o)
                0x0000000000003a10                VDP_loadTileSet
                0x0000000000003aba                VDP_loadFontData
                0x0000000000003aea                VDP_loadFont
                0x0000000000003b10                VDP_loadBMPTileDataEx
                0x0000000000003b64                VDP_fillTileData
                0x0000000000003c1e                VDP_setTileMap
                0x0000000000003c5c                VDP_setTileMapXY
                0x0000000000003cc2                VDP_fillTileMap
                0x0000000000003d5e                VDP_fillTileMapRectByIndex
                0x0000000000003d88                VDP_fillTileMapRect
                0x0000000000003e2e                VDP_clearTileMap
                0x0000000000003e82                VDP_clearTileMapRectByIndex
                0x0000000000003eac                VDP_clearTileMapRect
                0x0000000000003ee0                VDP_fillTileMapInc
                0x0000000000003faa                VDP_fillTileMapRectIncByIndex
                0x0000000000003fd4                VDP_fillTileMapRectInc
                0x0000000000004080                VDP_setTileMapData
                0x0000000000004164                VDP_setTileMapRectByIndex
                0x0000000000004192                VDP_setTileMapDataRect
                0x000000000000424a                VDP_setTileMapDataEx
                0x000000000000433c                VDP_setTileMapRectExByIndex
                0x000000000000436e                VDP_setTileMapDataRectEx
                0x0000000000004454                VDP_setTileMapRectEx
                0x0000000000004498                VDP_setMapEx
                0x0000000000004560                VDP_setMap
 .text          0x00000000000045a4      0x5f2 /opt/toolchains/gen//m68k-elf/lib/libmd.a(z80_ctrl.o)
                0x00000000000045a4                Z80_isBusTaken
                0x00000000000045b6                Z80_requestBus
                0x00000000000045dc                Z80_releaseBus
                0x00000000000045e6                Z80_startReset
                0x00000000000045f0                Z80_endReset
                0x00000000000045fa                Z80_setBank
                0x000000000000460e                Z80_init
                0x000000000000462c                Z80_read
                0x000000000000463e                Z80_write
                0x0000000000004652                Z80_clear
                0x00000000000046ca                Z80_upload
                0x000000000000473e                Z80_download
                0x0000000000004796                Z80_getLoadedDriver
                0x000000000000479e                Z80_unloadDriver
                0x00000000000047d0                Z80_loadCustomDriver
                0x0000000000004814                Z80_isDriverReady
                0x000000000000484a                Z80_loadDriver
 *fill*         0x0000000000004b96        0x2 
 .text          0x0000000000004b98      0xf5c /opt/toolchains/gen//m68k-elf/lib/libmd.a(sound.o)
                0x0000000000004b98                SND_isPlaying_PCM
                0x0000000000004bcc                SND_startPlay_PCM
                0x0000000000004c70                SND_stopPlay_PCM
                0x0000000000004cda                SND_isPlaying_2ADPCM
                0x0000000000004d10                SND_startPlay_2ADPCM
                0x0000000000004dd0                SND_stopPlay_2ADPCM
                0x0000000000004e4a                SND_isPlaying_4PCM_ENV
                0x0000000000004e80                SND_startPlay_4PCM_ENV
                0x0000000000004f5a                SND_stopPlay_4PCM_ENV
                0x0000000000004fd4                SND_setVolume_4PCM_ENV
                0x000000000000501c                SND_getVolume_4PCM_ENV
                0x000000000000505e                SND_isPlaying_MVS
                0x0000000000005090                SND_startPlay_MVS
                0x00000000000050fa                SND_stopPlay_MVS
                0x000000000000512c                SND_setTempo_MVS
                0x000000000000515c                SND_startDAC_MVS
                0x00000000000051be                SND_stopDAC_MVS
                0x00000000000051e8                SND_isPlayingPSG_MVS
                0x0000000000005216                SND_startPSG_MVS
                0x0000000000005262                SND_stopPSG_MVS
                0x000000000000528c                SND_enablePSG_MVS
                0x00000000000052cc                SND_disablePSG_MVS
                0x000000000000530c                SND_startPlay_TFM
                0x0000000000005380                SND_stopPlay_TFM
                0x0000000000005388                SND_stopPlay_VGM
                0x00000000000053b4                SND_resumePlay_VGM
                0x00000000000053e0                SND_isPlaying_VGM
                0x0000000000005410                SND_startPlay_VGM
                0x000000000000548c                SND_playSfx_VGM
                0x00000000000054ee                SND_isPlaying_XGM
                0x0000000000005522                SND_startPlay_XGM
                0x000000000000563a                SND_stopPlay_XGM
                0x00000000000056a2                SND_pausePlay_XGM
                0x00000000000056d4                SND_resumePlay_XGM
                0x000000000000570e                SND_isPlayingPCM_XGM
                0x0000000000005744                SND_setPCMFast_XGM
                0x0000000000005782                SND_setPCM_XGM
                0x00000000000057c2                SND_startPlayPCM_XGM
                0x0000000000005824                SND_stopPlayPCM_XGM
                0x000000000000587a                SND_set68KBUSProtection_XGM
                0x00000000000058a2                SND_nextXFrame_XGM
                0x00000000000058ea                SND_getManualSync_XGM
                0x00000000000058f6                SND_setManualSync_XGM
                0x000000000000593c                SND_getForceDelayDMA_XGM
                0x0000000000005948                SND_setForceDelayDMA_XGM
                0x000000000000596e                SND_getMusicTempo_XGM
                0x0000000000005976                SND_setMusicTempo_XGM
                0x000000000000599e                SND_getCPULoad_XGM
                0x0000000000005a5e                XGM_resetLoadCalculation
                0x0000000000005a8c                XGM_doVBlankProcess
 .text          0x0000000000005af4      0x1f2 /opt/toolchains/gen//m68k-elf/lib/libmd.a(ym2612.o)
                0x0000000000005af4                YM2612_read
                0x0000000000005b0e                YM2612_write
                0x0000000000005b32                YM2612_reset
                0x0000000000005c1c                YM2612_writeSafe
                0x0000000000005c34                YM2612_writeReg
                0x0000000000005c86                YM2612_writeRegSafe
                0x0000000000005ca8                YM2612_enableDAC
                0x0000000000005cc8                YM2612_disableDAC
 *fill*         0x0000000000005ce6        0x2 
 .text          0x0000000000005ce8      0x618 /opt/toolchains/gen//m68k-elf/lib/libmd.a(vdp_pal.o)
                0x0000000000005da0                VDP_getPaletteColor
                0x0000000000005dd4                VDP_setPaletteColor
                0x0000000000005e12                VDP_doStepFading
                0x0000000000005eec                VDP_initFading
                0x0000000000006018                VDP_interruptFade
                0x000000000000602a                VDP_fade
                0x000000000000609a                VDP_fadeTo
                0x00000000000060fa                VDP_fadeOut
                0x000000000000612a                VDP_fadeIn
                0x000000000000615e                VDP_fadePal
                0x000000000000619a                VDP_fadePalTo
                0x00000000000061d2                VDP_fadePalOut
                0x000000000000620c                VDP_fadePalIn
                0x000000000000624a                VDP_fadeAll
                0x0000000000006272                VDP_fadeAllTo
                0x0000000000006296                VDP_fadeOutAll
                0x00000000000062bc                VDP_fadeInAll
                0x00000000000062e6                VDP_isDoingFade
                0x00000000000062f2                VDP_waitFadeCompletion
 .text          0x0000000000006300      0x114 /opt/toolchains/gen//m68k-elf/lib/libmd.a(psg.o)
                0x0000000000006300                PSG_init
                0x000000000000632c                PSG_write
                0x0000000000006336                PSG_setEnvelope
                0x0000000000006356                PSG_setTone
                0x0000000000006386                PSG_setFrequency
                0x00000000000063ec                PSG_setNoise
 .text          0x0000000000006414        0x0 /opt/toolchains/gen//m68k-elf/lib/libmd.a(z80_vgm.o)
 .text          0x0000000000006414      0x3ec /opt/toolchains/gen//m68k-elf/lib/libmd.a(vdp_spr.o)
                0x0000000000006414                VDP_resetSprites
                0x000000000000642c                VDP_resetSpritesDirect
                0x000000000000646e                VDP_setSprite
                0x00000000000064ca                VDP_setSpriteP
                0x0000000000006516                VDP_setSpriteDirect
                0x0000000000006598                VDP_setSpriteDirectP
                0x000000000000661a                VDP_setSpritePosition
                0x000000000000665a                VDP_setSpritesDirect
                0x00000000000066ec                VDP_setSprites
                0x000000000000675e                VDP_updateSprites
 .text          0x0000000000006800        0x0 /opt/toolchains/gen//m68k-elf/lib/libmd.a(tab_cnv.o)
 .text          0x0000000000006800      0x266 /opt/toolchains/gen//m68k-elf/lib/libmd.a(vdp_dma.o)
                0x0000000000006800                VDP_doDMAEx
                0x0000000000006950                VDP_doDMA
                0x000000000000697a                VDP_doVRamDMAFill
                0x00000000000069ee                VDP_doVRamDMACopy
 *fill*         0x0000000000006a66        0x2 
 .text          0x0000000000006a68     0x111e /opt/toolchains/gen//m68k-elf/lib/libmd.a(bmp.o)
                0x0000000000006bbc                BMP_end
                0x0000000000006c20                BMP_hasFlipRequestPending
                0x0000000000006c2e                BMP_waitWhileFlipRequestPending
                0x0000000000006c3e                BMP_hasFlipInProgess
                0x0000000000006c4a                BMP_waitFlipComplete
                0x0000000000006c5a                BMP_flip
                0x0000000000006cae                BMP_drawText
                0x0000000000006d0c                BMP_clearText
                0x0000000000006d68                BMP_clearTextLine
                0x0000000000006da8                BMP_showFPS
                0x0000000000006e7a                BMP_clear
                0x0000000000006e8a                BMP_reset
                0x0000000000006fac                BMP_init
                0x0000000000006fea                BMP_getWritePointer
                0x0000000000007010                BMP_getReadPointer
                0x0000000000007036                BMP_getPixel
                0x000000000000706e                BMP_setPixel
                0x00000000000070a6                BMP_setPixels_V2D
                0x00000000000070f6                BMP_setPixels
                0x0000000000007150                BMP_drawBitmapData
                0x00000000000071f2                BMP_drawBitmap
                0x00000000000072c6                BMP_loadBitmapData
                0x00000000000072f8                BMP_loadBitmap
                0x000000000000731e                BMP_getBitmapPalette
                0x000000000000733a                BMP_scale
                0x0000000000007414                BMP_drawBitmapScaled
                0x000000000000751e                BMP_loadAndScaleBitmap
                0x0000000000007554                BMP_doVBlankProcess
                0x000000000000755c                BMP_doHBlankProcess
 *fill*         0x0000000000007b86        0x2 
 .text          0x0000000000007b88      0x1d4 /opt/toolchains/gen//m68k-elf/lib/libmd.a(timer.o)
                0x0000000000007b88                getSubTick
                0x0000000000007bda                getTick
                0x0000000000007c06                getTime
                0x0000000000007c28                getTimeAsFix32
                0x0000000000007c3c                startTimer
                0x0000000000007c5e                getTimer
                0x0000000000007ca2                waitSubTick
                0x0000000000007cea                waitTick
                0x0000000000007d2c                waitMs
 .text          0x0000000000007d5c      0x65c /opt/toolchains/gen//m68k-elf/lib/libmd.a(tile_cache.o)
                0x0000000000007dfc                TC_init
                0x0000000000007e34                TC_end
                0x0000000000007e96                TC_createCacheEx
                0x0000000000007edc                TC_createCache
                0x0000000000007efe                TC_releaseCache
                0x0000000000007f10                TC_clearCache
                0x0000000000007f22                TC_flushCache
                0x0000000000007f2c                TC_alloc
                0x0000000000008216                TC_reAlloc
                0x00000000000082a2                TC_free
                0x000000000000831c                TC_getTileIndex
                0x000000000000836a                TC_uploadAtVBlank
                0x000000000000839e                TC_doVBlankProcess
 .text          0x00000000000083b8      0x80c /opt/toolchains/gen//m68k-elf/lib/libmd.a(vdp_bg.o)
                0x00000000000083b8                VDP_setHorizontalScroll
                0x0000000000008404                VDP_setHorizontalScrollTile
                0x00000000000084aa                VDP_setHorizontalScrollLine
                0x0000000000008550                VDP_setVerticalScroll
                0x000000000000858e                VDP_setVerticalScrollTile
                0x0000000000008624                VDP_clearPlan
                0x00000000000086da                VDP_getTextPlan
                0x00000000000086f6                VDP_getTextPalette
                0x0000000000008706                VDP_getTextPriority
                0x0000000000008712                VDP_setTextPlan
                0x0000000000008736                VDP_setTextPalette
                0x0000000000008756                VDP_setTextPriority
                0x0000000000008774                VDP_drawTextBG
                0x0000000000008820                VDP_clearTextBG
                0x0000000000008852                VDP_clearTextLineBG
                0x0000000000008888                VDP_drawText
                0x00000000000088bc                VDP_clearText
                0x00000000000088ea                VDP_clearTextLine
                0x0000000000008906                VDP_drawBitmapEx
                0x0000000000008a16                VDP_drawBitmap
                0x0000000000008a9e                VDP_drawImageEx
                0x0000000000008b46                VDP_drawImage
 *fill*         0x0000000000008bc4       0x3c 
 .text          0x0000000000008c00       0x80 /opt/toolchains/gen//m68k-elf/lib/libmd.a(smp_null_pcm.o)
                0x0000000000008c00                smp_null_pcm
 .text          0x0000000000008c80      0x102 /opt/toolchains/gen//m68k-elf/lib/libmd.a(vdp_tile_a.o)
                0x0000000000008c80                VDP_loadTileData
                0x0000000000008cfc                VDP_loadBMPTileData
 *fill*         0x0000000000008d82        0x2 
 .text          0x0000000000008d84      0x1b8 /opt/toolchains/gen//m68k-elf/lib/libmd.a(memory_a.o)
                0x0000000000008d84                memset
                0x0000000000008dfc                memsetU16
                0x0000000000008e5a                memsetU32
                0x0000000000008e98                memcpy
 .text          0x0000000000008f3c      0x15c /opt/toolchains/gen//m68k-elf/lib/libmd.a(vdp_pal_a.o)
                0x0000000000008f3c                VDP_getPaletteColors
                0x0000000000008fa2                VDP_setPaletteColors
                0x0000000000009008                VDP_getPalette
                0x0000000000009050                VDP_setPalette
 .text          0x0000000000009098       0x48 /opt/toolchains/gen//m68k-elf/lib/libmd.a(sys_a.o)
                0x0000000000009098                SYS_assertReset
                0x000000000000909c                SYS_reset
                0x00000000000090aa                SYS_getInterruptMaskLevel
                0x00000000000090b4                SYS_setInterruptMaskLevel
                0x00000000000090c6                SYS_getAndSetInterruptMaskLevel
 .text          0x00000000000090e0       0x88 /opt/toolchains/gen//m68k-elf/lib/libmd.a(kdebug.o)
                0x00000000000090e0                KDebug_Halt
                0x00000000000090ea                KDebug_Alert
                0x0000000000009106                KDebug_AlertNumber
                0x0000000000009154                KDebug_StartTimer
                0x000000000000915e                KDebug_StopTimer
 *fill*         0x0000000000009168       0x98 
 .text          0x0000000000009200      0x100 /opt/toolchains/gen//m68k-elf/lib/libmd.a(smp_null.o)
                0x0000000000009200                smp_null
 .text          0x0000000000009300     0x13f8 /opt/toolchains/gen//m68k-elf/lib/libmd.a(bmp_a.o)
                0x0000000000009300                clearBitmapBuffer
                0x0000000000009442                BMP_clipLine
                0x000000000000945e                BMP_drawLine
                0x00000000000094ce                BMP_isPolygonCulled
                0x0000000000009dfc                BMP_drawPolygon
 .text          0x000000000000a6f8      0x10a /opt/toolchains/gen//m68k-elf/lib/libmd.a(tools_a.o)
                0x000000000000a6f8                aplib_unpack
                0x000000000000a6fe                aplib_decrunch
                0x000000000000a7a0                uftc_unpack
 *fill*         0x000000000000a802        0x2 
 .text          0x000000000000a804      0xb26 /opt/toolchains/gen//m68k-elf/lib/libmd.a(z80_drv1.o)
                0x000000000000a804                z80_drv1
 *fill*         0x000000000000b32a        0x2 
 .text          0x000000000000b32c      0xe00 /opt/toolchains/gen//m68k-elf/lib/libmd.a(z80_drv2.o)
                0x000000000000b32c                z80_drv2
 .text          0x000000000000c12c      0xa5c /opt/toolchains/gen//m68k-elf/lib/libmd.a(z80_mvs.o)
                0x000000000000c12c                z80_mvs
 .text          0x000000000000cb88      0xa64 /opt/toolchains/gen//m68k-elf/lib/libmd.a(z80_drv3.o)
                0x000000000000cb88                z80_drv3
 .text          0x000000000000d5ec     0x1700 /opt/toolchains/gen//m68k-elf/lib/libmd.a(z80_xgm.o)
                0x000000000000d5ec                z80_xgm
 .text          0x000000000000ecec      0x69e /opt/toolchains/gen//m68k-elf/lib/libmd.a(z80_tfm.o)
                0x000000000000ecec                z80_tfm
 *fill*         0x000000000000f38a        0x2 
 .text          0x000000000000f38c        0x0 /opt/toolchains/gen//m68k-elf/lib/libmd.a(libres.o)
 .text          0x000000000000f38c        0x0 /opt/toolchains/gen//m68k-elf/lib/libmd.a(tab_vol.o)
 .text          0x000000000000f38c      0x656 /opt/toolchains/gen//m68k-elf/lib/libmd.a(maths.o)
                0x000000000000f38c                random
                0x000000000000f3ac                intToBCD
                0x000000000000f440                distance_approx
                0x000000000000f492                Partition_u8
                0x000000000000f514                QSort_u8
                0x000000000000f562                Partition_s8
                0x000000000000f5e4                QSort_s8
                0x000000000000f632                Partition_u16
                0x000000000000f6c2                QSort_u16
                0x000000000000f710                Partition_s16
                0x000000000000f7a0                QSort_s16
                0x000000000000f7ee                Partition_u32
                0x000000000000f89a                QSort_u32
                0x000000000000f8e8                Partition_s32
                0x000000000000f994                QSort_s32
 *fill*         0x000000000000f9e2        0x2 
 .text          0x000000000000f9e4      0x8d2 /opt/toolchains/gen//m68k-elf/lib/libmd.a(string.o)
                0x000000000000f9e4                strlen
                0x000000000000fad0                strnlen
                0x000000000000fb0e                strcmp
                0x000000000000fb2e                strclr
                0x000000000000fb38                strcpy
                0x000000000000fb4a                strcat
                0x000000000000fb64                strreplace
                0x000000000000fb88                intToStr
                0x000000000000fbb6                uintToStr
                0x000000000000fbd2                intToHex
                0x000000000000fc86                fix32ToStr
                0x000000000000fd06                fix16ToStr
                0x000000000000fd80                sprintf
 *fill*         0x00000000000102b6        0x2 
 .text          0x00000000000102b8     0x1804 /opt/toolchains/gen//m68k-elf/lib/libmd.a(joy.o)
                0x0000000000010d50                JOY_setEventHandler
                0x0000000000010d5a                JOY_setSupport
                0x0000000000011192                JOY_init
                0x00000000000114d2                JOY_getPortType
                0x00000000000114f2                JOY_getJoypadType
                0x0000000000011512                JOY_readJoypad
                0x0000000000011562                JOY_readJoypadX
                0x0000000000011584                JOY_readJoypadY
                0x00000000000115a6                JOY_update
                0x00000000000119c8                JOY_waitPressTime
                0x0000000000011a6e                JOY_waitPressBtn
                0x0000000000011a84                JOY_waitPressBtnTime
                0x0000000000011aa0                JOY_waitPress
 .text          0x0000000000011abc        0xc /opt/toolchains/gen//m68k-elf/lib/libmd.a(types.o)
                0x0000000000011abc                getZeroU8
                0x0000000000011ac0                getZeroU16
                0x0000000000011ac4                getZeroU32
 .text          0x0000000000011ac8       0x22 /opt/toolchains/gen//m68k-elf/lib/gcc/m68k-elf/4.8.2/libgcc.a(_mulsi3.o)
                0x0000000000011ac8                __mulsi3
 *fill*         0x0000000000011aea        0x2 
 .text          0x0000000000011aec       0x5c /opt/toolchains/gen//m68k-elf/lib/gcc/m68k-elf/4.8.2/libgcc.a(_udivsi3.o)
                0x0000000000011aec                __udivsi3
 .text          0x0000000000011b48       0x2e /opt/toolchains/gen//m68k-elf/lib/gcc/m68k-elf/4.8.2/libgcc.a(_divsi3.o)
                0x0000000000011b48                __divsi3
 *fill*         0x0000000000011b76        0x2 
 .text          0x0000000000011b78       0x2e /opt/toolchains/gen//m68k-elf/lib/gcc/m68k-elf/4.8.2/libgcc.a(_umodsi3.o)
                0x0000000000011b78                __umodsi3
 *fill*         0x0000000000011ba6        0x2 
 .text          0x0000000000011ba8        0x0 res/card.o
 .text          0x0000000000011ba8        0x0 res/stairs.o
 .text          0x0000000000011ba8        0x0 res/potion.o
 .text          0x0000000000011ba8        0x0 res/testm.o
 .text          0x0000000000011ba8        0x0 res/hero.o
 .text          0x0000000000011ba8     0x1a92 main.o
                0x0000000000011bce                in_range
                0x0000000000011bea                gsrand
                0x0000000000011c16                tile_draw
                0x0000000000011c88                sprite_set
                0x0000000000011e0e                move_player_light
                0x0000000000011fdc                redraw_tiles
                0x0000000000012054                redraw_things
                0x000000000001210c                draw_health
                0x0000000000012144                draw_depth
                0x0000000000012182                draw_abilities
                0x000000000001237e                screen_game
                0x0000000000012392                screen_victory
                0x00000000000123b4                screen_dead
                0x00000000000123d6                position_find_valid
                0x0000000000012450                ability_get
                0x00000000000124b6                ability_get_random
                0x0000000000012526                thing_make
                0x0000000000012622                thing_put
                0x0000000000012718                things_generate
                0x000000000001289e                thing_collide
                0x000000000001299a                thing_destroy
                0x0000000000012a4e                thing_damage
                0x0000000000012a5e                level_generate_room
                0x0000000000012b12                room_open_connections
                0x0000000000012bc8                level_unconnected_rooms
                0x0000000000012bf0                level_get_first_unconnected
                0x0000000000012c34                level_connect_rooms
                0x0000000000012e2a                level_generate
                0x00000000000130d0                ability_use
                0x00000000000131ca                thing_interact
                0x000000000001328c                thing_move
                0x0000000000013342                thing_move_toward
                0x00000000000134d6                joypad_handle
 *fill*         0x000000000001363a        0x2 
 .text          0x000000000001363c      0x850 /opt/toolchains/gen//m68k-elf/lib/libmd.a(sprite_eng.o)
                0x00000000000137b6                SPR_isInitialized
                0x00000000000137c4                SPR_setPosition
                0x00000000000137fc                SPR_setAttribut
                0x000000000001381e                SPR_setAnimAndFrame
                0x000000000001388a                SPR_initSprite
                0x00000000000138ea                SPR_setAnim
                0x0000000000013942                SPR_setFrame
                0x000000000001399e                SPR_nextFrame
                0x00000000000139c4                SPR_setVRAMTileIndex
                0x00000000000139ec                SPR_setAlwaysVisible
                0x0000000000013a12                SPR_setNeverVisible
                0x0000000000013a38                SPR_clear
                0x0000000000013a6a                SPR_end
                0x0000000000013aa2                SPR_init
                0x0000000000013b04                SPR_update
                0x0000000000013e8c                . = ALIGN (0x4)
                0x0000000000013e8c                __CTOR_LIST__ = .
                0x0000000000013e8c        0x4 LONG 0x0 (((__CTOR_END__ - __CTOR_LIST__) / 0x4) - 0x2)
 *(.ctors)
                0x0000000000013e90        0x4 LONG 0x0
                0x0000000000013e94                __CTOR_END__ = .
                0x0000000000013e94                __DTOR_LIST__ = .
                0x0000000000013e94        0x4 LONG 0x0 (((__DTOR_END__ - __DTOR_LIST__) / 0x4) - 0x2)
 *(.dtors)
                0x0000000000013e98        0x4 LONG 0x0
                0x0000000000013e9c                __DTOR_END__ = .
 *(.rodata .rodata.*)
 .rodata.str1.1
                0x0000000000013e9c      0x13c /opt/toolchains/gen//m68k-elf/lib/libmd.a(sys.o)
                                        0x13e (size before relaxing)
 .rodata.str1.1
                0x0000000000013fd8       0x21 /opt/toolchains/gen//m68k-elf/lib/libmd.a(vdp.o)
                                         0x4c (size before relaxing)
 *fill*         0x0000000000013ff9        0x1 
 .rodata        0x0000000000013ffa        0x4 /opt/toolchains/gen//m68k-elf/lib/libmd.a(vdp.o)
                0x0000000000013ffa                PLAN_A
                0x0000000000013ffc                PLAN_B
 .rodata.str1.1
                0x0000000000000000        0x2 /opt/toolchains/gen//m68k-elf/lib/libmd.a(tools.o)
 .rodata        0x0000000000013ffe      0x104 /opt/toolchains/gen//m68k-elf/lib/libmd.a(vdp_pal.o)
                0x0000000000013ffe                palette_blue
                0x000000000001401e                palette_green
                0x000000000001403e                palette_red
                0x000000000001405e                palette_grey
                0x000000000001407e                palette_black
                0x0000000000014082                palette_black_all
 .rodata        0x0000000000014102      0xe40 /opt/toolchains/gen//m68k-elf/lib/libmd.a(z80_vgm.o)
                0x0000000000014102                z80_vgm
 .rodata        0x0000000000014f42      0x6f4 /opt/toolchains/gen//m68k-elf/lib/libmd.a(tab_cnv.o)
                0x0000000000014f42                cnv_bcd_tab
                0x0000000000014fa6                cnv_8to32_tab
                0x00000000000153a6                cnv_8to16_tab
                0x00000000000155a6                cnv_4to32_tab
                0x00000000000155e6                cnv_4to16_tab
                0x0000000000015606                cnv_4to8_tab
                0x0000000000015616                cnv_2to32_tab
                0x0000000000015626                cnv_2to16_tab
                0x000000000001562e                cnv_2to8_tab
                0x0000000000015632                cnv_2to4_tab
 .rodata        0x0000000000015636      0xcec /opt/toolchains/gen//m68k-elf/lib/libmd.a(libres.o)
                0x0000000000015fdc                logo_lib
                0x0000000000016246                font_lib
                0x000000000001626e                font_pal_lib
                0x0000000000016276                stop_xgm
 .rodata        0x0000000000016322     0x1000 /opt/toolchains/gen//m68k-elf/lib/libmd.a(tab_vol.o)
                0x0000000000016322                tab_vol
 .rodata.str1.1
                0x0000000000017322       0x29 /opt/toolchains/gen//m68k-elf/lib/libmd.a(string.o)
 *fill*         0x000000000001734b        0x1 
 .rodata        0x000000000001734c       0x18 /opt/toolchains/gen//m68k-elf/lib/libmd.a(joy.o)
 .rodata        0x0000000000017364       0x94 res/card.o
                0x00000000000173ee                card
 .rodata        0x00000000000173f8       0x94 res/stairs.o
                0x0000000000017482                stairs
 .rodata        0x000000000001748c       0x94 res/potion.o
                0x0000000000017516                potion
 .rodata        0x0000000000017520       0x94 res/testm.o
                0x00000000000175aa                testm
 .rodata        0x00000000000175b4       0x94 res/hero.o
                0x000000000001763e                hero
 .rodata.str1.1
                0x0000000000017648       0xb8 main.o
 .rodata        0x0000000000017700       0x8c main.o
                0x0000000000017720                roomsize
                0x0000000000017724                maparraysize
                0x0000000000017728                mapsize
                0x000000000001772c                tile_floor
                0x000000000001774c                tile_wall
                0x000000000001776c                tile_null
 *(.gcc_except_table .gcc_except_table.*)
                0x000000000001778c                . = ALIGN (0x4)
                0x000000000001778c                __INIT_SECTION__ = .
 *(.init)
                0x000000000001778c        0x2 SHORT 0x4e75
                0x000000000001778e                __FINI_SECTION__ = .
 *(.fini)
                0x000000000001778e        0x2 SHORT 0x4e75
                0x0000000000017790                _etext = .
 *(.lit)
                0x0000000000017790                _stext = SIZEOF (.text)

.data           0x0000000000ff0000        0x8 load address 0x0000000000017790
 *(.got.plt)
 *(.got)
 *(.shdata)
 *(.data .data.*)
 .data          0x0000000000ff0000        0x0 boot/sega.o
 .data          0x0000000000ff0000        0x0 /opt/toolchains/gen//m68k-elf/lib/libmd.a(sys.o)
 .data          0x0000000000ff0000        0x0 /opt/toolchains/gen//m68k-elf/lib/libmd.a(vdp.o)
 .data          0x0000000000ff0000        0x4 /opt/toolchains/gen//m68k-elf/lib/libmd.a(dma.o)
 .data          0x0000000000ff0004        0x0 /opt/toolchains/gen//m68k-elf/lib/libmd.a(tools.o)
 .data          0x0000000000ff0004        0x0 /opt/toolchains/gen//m68k-elf/lib/libmd.a(memory.o)
 .data          0x0000000000ff0004        0x0 /opt/toolchains/gen//m68k-elf/lib/libmd.a(vdp_tile.o)
 .data          0x0000000000ff0004        0x0 /opt/toolchains/gen//m68k-elf/lib/libmd.a(z80_ctrl.o)
 .data          0x0000000000ff0004        0x0 /opt/toolchains/gen//m68k-elf/lib/libmd.a(sound.o)
 .data          0x0000000000ff0004        0x0 /opt/toolchains/gen//m68k-elf/lib/libmd.a(ym2612.o)
 .data          0x0000000000ff0004        0x0 /opt/toolchains/gen//m68k-elf/lib/libmd.a(vdp_pal.o)
 .data          0x0000000000ff0004        0x0 /opt/toolchains/gen//m68k-elf/lib/libmd.a(psg.o)
 .data          0x0000000000ff0004        0x0 /opt/toolchains/gen//m68k-elf/lib/libmd.a(z80_vgm.o)
 .data          0x0000000000ff0004        0x0 /opt/toolchains/gen//m68k-elf/lib/libmd.a(vdp_spr.o)
 .data          0x0000000000ff0004        0x0 /opt/toolchains/gen//m68k-elf/lib/libmd.a(tab_cnv.o)
 .data          0x0000000000ff0004        0x0 /opt/toolchains/gen//m68k-elf/lib/libmd.a(vdp_dma.o)
 .data          0x0000000000ff0004        0x0 /opt/toolchains/gen//m68k-elf/lib/libmd.a(bmp.o)
 .data          0x0000000000ff0004        0x0 /opt/toolchains/gen//m68k-elf/lib/libmd.a(timer.o)
 .data          0x0000000000ff0004        0x0 /opt/toolchains/gen//m68k-elf/lib/libmd.a(tile_cache.o)
 .data          0x0000000000ff0004        0x0 /opt/toolchains/gen//m68k-elf/lib/libmd.a(vdp_bg.o)
 .data          0x0000000000ff0004        0x0 /opt/toolchains/gen//m68k-elf/lib/libmd.a(smp_null_pcm.o)
 .data          0x0000000000ff0004        0x0 /opt/toolchains/gen//m68k-elf/lib/libmd.a(vdp_tile_a.o)
 .data          0x0000000000ff0004        0x0 /opt/toolchains/gen//m68k-elf/lib/libmd.a(memory_a.o)
 .data          0x0000000000ff0004        0x0 /opt/toolchains/gen//m68k-elf/lib/libmd.a(vdp_pal_a.o)
 .data          0x0000000000ff0004        0x0 /opt/toolchains/gen//m68k-elf/lib/libmd.a(sys_a.o)
 .data          0x0000000000ff0004        0x0 /opt/toolchains/gen//m68k-elf/lib/libmd.a(kdebug.o)
 .data          0x0000000000ff0004        0x0 /opt/toolchains/gen//m68k-elf/lib/libmd.a(smp_null.o)
 .data          0x0000000000ff0004        0x0 /opt/toolchains/gen//m68k-elf/lib/libmd.a(bmp_a.o)
 .data          0x0000000000ff0004        0x0 /opt/toolchains/gen//m68k-elf/lib/libmd.a(tools_a.o)
 .data          0x0000000000ff0004        0x0 /opt/toolchains/gen//m68k-elf/lib/libmd.a(z80_drv1.o)
 .data          0x0000000000ff0004        0x0 /opt/toolchains/gen//m68k-elf/lib/libmd.a(z80_drv2.o)
 .data          0x0000000000ff0004        0x0 /opt/toolchains/gen//m68k-elf/lib/libmd.a(z80_mvs.o)
 .data          0x0000000000ff0004        0x0 /opt/toolchains/gen//m68k-elf/lib/libmd.a(z80_drv3.o)
 .data          0x0000000000ff0004        0x0 /opt/toolchains/gen//m68k-elf/lib/libmd.a(z80_xgm.o)
 .data          0x0000000000ff0004        0x0 /opt/toolchains/gen//m68k-elf/lib/libmd.a(z80_tfm.o)
 .data          0x0000000000ff0004        0x0 /opt/toolchains/gen//m68k-elf/lib/libmd.a(libres.o)
 .data          0x0000000000ff0004        0x0 /opt/toolchains/gen//m68k-elf/lib/libmd.a(tab_vol.o)
 .data          0x0000000000ff0004        0x0 /opt/toolchains/gen//m68k-elf/lib/libmd.a(maths.o)
 .data          0x0000000000ff0004        0x0 /opt/toolchains/gen//m68k-elf/lib/libmd.a(string.o)
 .data          0x0000000000ff0004        0x0 /opt/toolchains/gen//m68k-elf/lib/libmd.a(joy.o)
 .data          0x0000000000ff0004        0x0 /opt/toolchains/gen//m68k-elf/lib/libmd.a(types.o)
 .data          0x0000000000ff0004        0x0 /opt/toolchains/gen//m68k-elf/lib/gcc/m68k-elf/4.8.2/libgcc.a(_mulsi3.o)
 .data          0x0000000000ff0004        0x0 /opt/toolchains/gen//m68k-elf/lib/gcc/m68k-elf/4.8.2/libgcc.a(_udivsi3.o)
 .data          0x0000000000ff0004        0x0 /opt/toolchains/gen//m68k-elf/lib/gcc/m68k-elf/4.8.2/libgcc.a(_divsi3.o)
 .data          0x0000000000ff0004        0x0 /opt/toolchains/gen//m68k-elf/lib/gcc/m68k-elf/4.8.2/libgcc.a(_umodsi3.o)
 .data          0x0000000000ff0004        0x0 res/card.o
 .data          0x0000000000ff0004        0x0 res/stairs.o
 .data          0x0000000000ff0004        0x0 res/potion.o
 .data          0x0000000000ff0004        0x0 res/testm.o
 .data          0x0000000000ff0004        0x0 res/hero.o
 .data          0x0000000000ff0004        0x4 main.o
                0x0000000000ff0004                maxdepth
 .data          0x0000000000ff0008        0x0 /opt/toolchains/gen//m68k-elf/lib/libmd.a(sprite_eng.o)
                0x0000000000ff0008                _edata = .
                0x0000000000000008                _sdata = SIZEOF (.data)

.bss            0x0000000000ff0008     0x1f42 load address 0x0000000000017798
                0x0000000000ff0008                _start = .
 *(.shbss)
 *(.bss .bss.*)
 .bss           0x0000000000ff0008        0x0 boot/sega.o
 .bss           0x0000000000ff0008       0x14 /opt/toolchains/gen//m68k-elf/lib/libmd.a(sys.o)
 .bss           0x0000000000ff001c       0x13 /opt/toolchains/gen//m68k-elf/lib/libmd.a(vdp.o)
 *fill*         0x0000000000ff002f        0x1 
 .bss           0x0000000000ff0030        0xc /opt/toolchains/gen//m68k-elf/lib/libmd.a(dma.o)
 .bss           0x0000000000ff003c       0x10 /opt/toolchains/gen//m68k-elf/lib/libmd.a(tools.o)
 .bss           0x0000000000ff004c        0x8 /opt/toolchains/gen//m68k-elf/lib/libmd.a(memory.o)
 .bss           0x0000000000ff0054        0x0 /opt/toolchains/gen//m68k-elf/lib/libmd.a(vdp_tile.o)
 .bss           0x0000000000ff0054        0x0 /opt/toolchains/gen//m68k-elf/lib/libmd.a(z80_ctrl.o)
 .bss           0x0000000000ff0054       0x8c /opt/toolchains/gen//m68k-elf/lib/libmd.a(sound.o)
 .bss           0x0000000000ff00e0        0x0 /opt/toolchains/gen//m68k-elf/lib/libmd.a(ym2612.o)
 .bss           0x0000000000ff00e0      0x386 /opt/toolchains/gen//m68k-elf/lib/libmd.a(vdp_pal.o)
 *fill*         0x0000000000ff0466        0x2 
 .bss           0x0000000000ff0468        0x0 /opt/toolchains/gen//m68k-elf/lib/libmd.a(psg.o)
 .bss           0x0000000000ff0468        0x0 /opt/toolchains/gen//m68k-elf/lib/libmd.a(z80_vgm.o)
 .bss           0x0000000000ff0468        0x0 /opt/toolchains/gen//m68k-elf/lib/libmd.a(vdp_spr.o)
 .bss           0x0000000000ff0468        0x0 /opt/toolchains/gen//m68k-elf/lib/libmd.a(tab_cnv.o)
 .bss           0x0000000000ff0468        0x0 /opt/toolchains/gen//m68k-elf/lib/libmd.a(vdp_dma.o)
 .bss           0x0000000000ff0468       0x14 /opt/toolchains/gen//m68k-elf/lib/libmd.a(bmp.o)
 .bss           0x0000000000ff047c       0x40 /opt/toolchains/gen//m68k-elf/lib/libmd.a(timer.o)
 .bss           0x0000000000ff04bc        0x4 /opt/toolchains/gen//m68k-elf/lib/libmd.a(tile_cache.o)
 .bss           0x0000000000ff04c0        0x0 /opt/toolchains/gen//m68k-elf/lib/libmd.a(vdp_bg.o)
 .bss           0x0000000000ff04c0        0x0 /opt/toolchains/gen//m68k-elf/lib/libmd.a(smp_null_pcm.o)
 .bss           0x0000000000ff04c0        0x0 /opt/toolchains/gen//m68k-elf/lib/libmd.a(vdp_tile_a.o)
 .bss           0x0000000000ff04c0        0x0 /opt/toolchains/gen//m68k-elf/lib/libmd.a(memory_a.o)
 .bss           0x0000000000ff04c0        0x0 /opt/toolchains/gen//m68k-elf/lib/libmd.a(vdp_pal_a.o)
 .bss           0x0000000000ff04c0        0x0 /opt/toolchains/gen//m68k-elf/lib/libmd.a(sys_a.o)
 .bss           0x0000000000ff04c0        0x0 /opt/toolchains/gen//m68k-elf/lib/libmd.a(kdebug.o)
 .bss           0x0000000000ff04c0        0x0 /opt/toolchains/gen//m68k-elf/lib/libmd.a(smp_null.o)
 .bss           0x0000000000ff04c0        0x0 /opt/toolchains/gen//m68k-elf/lib/libmd.a(bmp_a.o)
 .bss           0x0000000000ff04c0        0x0 /opt/toolchains/gen//m68k-elf/lib/libmd.a(tools_a.o)
 .bss           0x0000000000ff04c0        0x0 /opt/toolchains/gen//m68k-elf/lib/libmd.a(z80_drv1.o)
 .bss           0x0000000000ff04c0        0x0 /opt/toolchains/gen//m68k-elf/lib/libmd.a(z80_drv2.o)
 .bss           0x0000000000ff04c0        0x0 /opt/toolchains/gen//m68k-elf/lib/libmd.a(z80_mvs.o)
 .bss           0x0000000000ff04c0        0x0 /opt/toolchains/gen//m68k-elf/lib/libmd.a(z80_drv3.o)
 .bss           0x0000000000ff04c0        0x0 /opt/toolchains/gen//m68k-elf/lib/libmd.a(z80_xgm.o)
 .bss           0x0000000000ff04c0        0x0 /opt/toolchains/gen//m68k-elf/lib/libmd.a(z80_tfm.o)
 .bss           0x0000000000ff04c0        0x0 /opt/toolchains/gen//m68k-elf/lib/libmd.a(libres.o)
 .bss           0x0000000000ff04c0        0x0 /opt/toolchains/gen//m68k-elf/lib/libmd.a(tab_vol.o)
 .bss           0x0000000000ff04c0        0x0 /opt/toolchains/gen//m68k-elf/lib/libmd.a(maths.o)
 .bss           0x0000000000ff04c0        0x0 /opt/toolchains/gen//m68k-elf/lib/libmd.a(string.o)
 .bss           0x0000000000ff04c0       0x46 /opt/toolchains/gen//m68k-elf/lib/libmd.a(joy.o)
 *fill*         0x0000000000ff0506        0x2 
 .bss           0x0000000000ff0508        0x0 /opt/toolchains/gen//m68k-elf/lib/libmd.a(types.o)
 .bss           0x0000000000ff0508        0x0 /opt/toolchains/gen//m68k-elf/lib/gcc/m68k-elf/4.8.2/libgcc.a(_mulsi3.o)
 .bss           0x0000000000ff0508        0x0 /opt/toolchains/gen//m68k-elf/lib/gcc/m68k-elf/4.8.2/libgcc.a(_udivsi3.o)
 .bss           0x0000000000ff0508        0x0 /opt/toolchains/gen//m68k-elf/lib/gcc/m68k-elf/4.8.2/libgcc.a(_divsi3.o)
 .bss           0x0000000000ff0508        0x0 /opt/toolchains/gen//m68k-elf/lib/gcc/m68k-elf/4.8.2/libgcc.a(_umodsi3.o)
 .bss           0x0000000000ff0508        0x0 res/card.o
 .bss           0x0000000000ff0508        0x0 res/stairs.o
 .bss           0x0000000000ff0508        0x0 res/potion.o
 .bss           0x0000000000ff0508        0x0 res/testm.o
 .bss           0x0000000000ff0508        0x0 res/hero.o
 .bss           0x0000000000ff0508       0x34 main.o
                0x0000000000ff0508                abilities
                0x0000000000ff0514                depth
                0x0000000000ff0518                connections
 .bss           0x0000000000ff053c       0x14 /opt/toolchains/gen//m68k-elf/lib/libmd.a(sprite_eng.o)
                0x0000000000ff053c                VDPSpriteCache
 *(COMMON)
 COMMON         0x0000000000ff0550       0x94 /opt/toolchains/gen//m68k-elf/lib/libmd.a(sys.o)
                0x0000000000ff0550                illegalInstCB
                0x0000000000ff0554                errorExceptionCB
                0x0000000000ff0558                trapvInstCB
                0x0000000000ff055c                chkInstCB
                0x0000000000ff0560                registerState
                0x0000000000ff05a0                srState
                0x0000000000ff05a2                line1x1xCB
                0x0000000000ff05a6                ext2State
                0x0000000000ff05a8                traceCB
                0x0000000000ff05ac                intTrace
                0x0000000000ff05ae                zeroDivideCB
                0x0000000000ff05b2                internalExtIntCB
                0x0000000000ff05b6                internalVIntCB
                0x0000000000ff05ba                intCB
                0x0000000000ff05be                addressErrorCB
                0x0000000000ff05c2                VIntProcess
                0x0000000000ff05c6                ExtIntProcess
                0x0000000000ff05ca                HIntProcess
                0x0000000000ff05ce                privilegeViolationCB
                0x0000000000ff05d2                pcState
                0x0000000000ff05d6                ext1State
                0x0000000000ff05d8                busErrorCB
                0x0000000000ff05dc                internalHIntCB
                0x0000000000ff05e0                addrState
 COMMON         0x0000000000ff05e4        0xe /opt/toolchains/gen//m68k-elf/lib/libmd.a(vdp.o)
                0x0000000000ff05e4                slist_adr
                0x0000000000ff05e6                hscrl_adr
                0x0000000000ff05e8                screenHeight
                0x0000000000ff05ea                screenWidth
                0x0000000000ff05ec                aplan_adr
                0x0000000000ff05ee                bplan_adr
                0x0000000000ff05f0                window_adr
 COMMON         0x0000000000ff05f2      0x200 /opt/toolchains/gen//m68k-elf/lib/libmd.a(dma.o)
                0x0000000000ff05f2                dmaQueues
 COMMON         0x0000000000ff07f2        0x4 /opt/toolchains/gen//m68k-elf/lib/libmd.a(z80_ctrl.o)
                0x0000000000ff07f2                driverFlags
                0x0000000000ff07f4                currentDriver
 COMMON         0x0000000000ff07f6      0x282 /opt/toolchains/gen//m68k-elf/lib/libmd.a(vdp_spr.o)
                0x0000000000ff07f6                spriteNum
                0x0000000000ff07f8                vdpSpriteCache
 COMMON         0x0000000000ff0a78        0x8 /opt/toolchains/gen//m68k-elf/lib/libmd.a(bmp.o)
                0x0000000000ff0a78                bmp_buffer_write
                0x0000000000ff0a7c                bmp_buffer_read
 COMMON         0x0000000000ff0a80        0x4 /opt/toolchains/gen//m68k-elf/lib/libmd.a(timer.o)
                0x0000000000ff0a80                vtimer
 COMMON         0x0000000000ff0a84        0x4 /opt/toolchains/gen//m68k-elf/lib/libmd.a(tile_cache.o)
                0x0000000000ff0a84                uploads
 COMMON         0x0000000000ff0a88        0x8 /opt/toolchains/gen//m68k-elf/lib/libmd.a(vdp_bg.o)
                0x0000000000ff0a88                text_basetile
                0x0000000000ff0a8a                curTileInd
                0x0000000000ff0a8c                text_plan
 COMMON         0x0000000000ff0a90        0x2 /opt/toolchains/gen//m68k-elf/lib/libmd.a(maths.o)
                0x0000000000ff0a90                randbase
 COMMON         0x0000000000ff0a92     0x14b8 main.o
                0x0000000000ff0a92                things
                0x0000000000ff0e12                player
                0x0000000000ff0e2e                sprite
                0x0000000000ff12d2                blocker
                0x0000000000ff12ee                maparray
                0x0000000000ff1f2e                empty
                0x0000000000ff1f4a                _bend = .

.stab
 *(.stab)

.stabstr
 *(.stabstr)

.eh_frame
 *(.eh_frame)
LOAD boot/sega.o
LOAD /opt/toolchains/gen//m68k-elf/lib/libmd.a
LOAD /opt/toolchains/gen//m68k-elf/lib/gcc/m68k-elf/4.8.2/libgcc.a
LOAD res/card.o
LOAD res/stairs.o
LOAD res/potion.o
LOAD res/testm.o
LOAD res/hero.o
LOAD main.o
LOAD /opt/toolchains/gen//m68k-elf/lib/libmd.a
LOAD /opt/toolchains/gen//m68k-elf/m68k-elf/lib/libnosys.a
OUTPUT(out.elf elf32-m68k)

.comment        0x0000000000000000       0x11
 .comment       0x0000000000000000       0x11 /opt/toolchains/gen//m68k-elf/lib/libmd.a(sys.o)
                                         0x12 (size before relaxing)
 .comment       0x0000000000000000       0x12 /opt/toolchains/gen//m68k-elf/lib/libmd.a(vdp.o)
 .comment       0x0000000000000000       0x12 /opt/toolchains/gen//m68k-elf/lib/libmd.a(dma.o)
 .comment       0x0000000000000000       0x12 /opt/toolchains/gen//m68k-elf/lib/libmd.a(tools.o)
 .comment       0x0000000000000000       0x12 /opt/toolchains/gen//m68k-elf/lib/libmd.a(memory.o)
 .comment       0x0000000000000000       0x12 /opt/toolchains/gen//m68k-elf/lib/libmd.a(vdp_tile.o)
 .comment       0x0000000000000000       0x12 /opt/toolchains/gen//m68k-elf/lib/libmd.a(z80_ctrl.o)
 .comment       0x0000000000000000       0x12 /opt/toolchains/gen//m68k-elf/lib/libmd.a(sound.o)
 .comment       0x0000000000000000       0x12 /opt/toolchains/gen//m68k-elf/lib/libmd.a(ym2612.o)
 .comment       0x0000000000000000       0x12 /opt/toolchains/gen//m68k-elf/lib/libmd.a(vdp_pal.o)
 .comment       0x0000000000000000       0x12 /opt/toolchains/gen//m68k-elf/lib/libmd.a(psg.o)
 .comment       0x0000000000000000       0x12 /opt/toolchains/gen//m68k-elf/lib/libmd.a(z80_vgm.o)
 .comment       0x0000000000000000       0x12 /opt/toolchains/gen//m68k-elf/lib/libmd.a(vdp_spr.o)
 .comment       0x0000000000000000       0x12 /opt/toolchains/gen//m68k-elf/lib/libmd.a(tab_cnv.o)
 .comment       0x0000000000000000       0x12 /opt/toolchains/gen//m68k-elf/lib/libmd.a(vdp_dma.o)
 .comment       0x0000000000000000       0x12 /opt/toolchains/gen//m68k-elf/lib/libmd.a(bmp.o)
 .comment       0x0000000000000000       0x12 /opt/toolchains/gen//m68k-elf/lib/libmd.a(timer.o)
 .comment       0x0000000000000000       0x12 /opt/toolchains/gen//m68k-elf/lib/libmd.a(tile_cache.o)
 .comment       0x0000000000000000       0x12 /opt/toolchains/gen//m68k-elf/lib/libmd.a(vdp_bg.o)
 .comment       0x0000000000000000       0x12 /opt/toolchains/gen//m68k-elf/lib/libmd.a(tab_vol.o)
 .comment       0x0000000000000000       0x12 /opt/toolchains/gen//m68k-elf/lib/libmd.a(maths.o)
 .comment       0x0000000000000000       0x12 /opt/toolchains/gen//m68k-elf/lib/libmd.a(string.o)
 .comment       0x0000000000000000       0x12 /opt/toolchains/gen//m68k-elf/lib/libmd.a(joy.o)
 .comment       0x0000000000000000       0x12 /opt/toolchains/gen//m68k-elf/lib/libmd.a(types.o)
 .comment       0x0000000000000000       0x12 main.o
 .comment       0x0000000000000000       0x12 /opt/toolchains/gen//m68k-elf/lib/libmd.a(sprite_eng.o)

.debug_line     0x0000000000000000      0x1cd
 .debug_line    0x0000000000000000       0x6a /opt/toolchains/gen//m68k-elf/lib/gcc/m68k-elf/4.8.2/libgcc.a(_mulsi3.o)
 .debug_line    0x000000000000006a       0x83 /opt/toolchains/gen//m68k-elf/lib/gcc/m68k-elf/4.8.2/libgcc.a(_udivsi3.o)
 .debug_line    0x00000000000000ed       0x72 /opt/toolchains/gen//m68k-elf/lib/gcc/m68k-elf/4.8.2/libgcc.a(_divsi3.o)
 .debug_line    0x000000000000015f       0x6e /opt/toolchains/gen//m68k-elf/lib/gcc/m68k-elf/4.8.2/libgcc.a(_umodsi3.o)

.debug_info     0x0000000000000000      0x288
 .debug_info    0x0000000000000000       0xa2 /opt/toolchains/gen//m68k-elf/lib/gcc/m68k-elf/4.8.2/libgcc.a(_mulsi3.o)
 .debug_info    0x00000000000000a2       0xa2 /opt/toolchains/gen//m68k-elf/lib/gcc/m68k-elf/4.8.2/libgcc.a(_udivsi3.o)
 .debug_info    0x0000000000000144       0xa2 /opt/toolchains/gen//m68k-elf/lib/gcc/m68k-elf/4.8.2/libgcc.a(_divsi3.o)
 .debug_info    0x00000000000001e6       0xa2 /opt/toolchains/gen//m68k-elf/lib/gcc/m68k-elf/4.8.2/libgcc.a(_umodsi3.o)

.debug_abbrev   0x0000000000000000       0x50
 .debug_abbrev  0x0000000000000000       0x14 /opt/toolchains/gen//m68k-elf/lib/gcc/m68k-elf/4.8.2/libgcc.a(_mulsi3.o)
 .debug_abbrev  0x0000000000000014       0x14 /opt/toolchains/gen//m68k-elf/lib/gcc/m68k-elf/4.8.2/libgcc.a(_udivsi3.o)
 .debug_abbrev  0x0000000000000028       0x14 /opt/toolchains/gen//m68k-elf/lib/gcc/m68k-elf/4.8.2/libgcc.a(_divsi3.o)
 .debug_abbrev  0x000000000000003c       0x14 /opt/toolchains/gen//m68k-elf/lib/gcc/m68k-elf/4.8.2/libgcc.a(_umodsi3.o)

.debug_aranges  0x0000000000000000       0x80
 .debug_aranges
                0x0000000000000000       0x20 /opt/toolchains/gen//m68k-elf/lib/gcc/m68k-elf/4.8.2/libgcc.a(_mulsi3.o)
 .debug_aranges
                0x0000000000000020       0x20 /opt/toolchains/gen//m68k-elf/lib/gcc/m68k-elf/4.8.2/libgcc.a(_udivsi3.o)
 .debug_aranges
                0x0000000000000040       0x20 /opt/toolchains/gen//m68k-elf/lib/gcc/m68k-elf/4.8.2/libgcc.a(_divsi3.o)
 .debug_aranges
                0x0000000000000060       0x20 /opt/toolchains/gen//m68k-elf/lib/gcc/m68k-elf/4.8.2/libgcc.a(_umodsi3.o)
